Command line invocation:
    /Applications/Xcode.app/Contents/Developer/usr/bin/xcodebuild -project SwiftViewer.xcodeproj -scheme SwiftViewer -configuration Debug -sdk macosx -only-testing SwiftViewerTests test

Build settings from command line:
    SDKROOT = macosx15.5

--- xcodebuild: WARNING: Using the first of multiple matching destinations:
{ platform:macOS, arch:arm64, id:00006002-001849E81440201E, name:My Mac }
{ platform:macOS, arch:x86_64, id:00006002-001849E81440201E, name:My Mac }
{ platform:macOS, name:Any Mac }
ComputePackagePrebuildTargetDependencyGraph

Prepare packages

CreateBuildRequest

SendProjectDescription

CreateBuildOperation

ComputeTargetDependencyGraph
note: Building targets in dependency order
note: Target dependency graph (3 targets)
    Target 'SwiftViewerUITests' in project 'SwiftViewer'
        ➜ Explicit dependency on target 'SwiftViewer' in project 'SwiftViewer'
    Target 'SwiftViewerTests' in project 'SwiftViewer'
        ➜ Explicit dependency on target 'SwiftViewer' in project 'SwiftViewer'
    Target 'SwiftViewer' in project 'SwiftViewer' (no dependencies)

GatherProvisioningInputs

CreateBuildDescription

ExecuteExternalTool /Applications/Xcode.app/Contents/Developer/Toolchains/XcodeDefault.xctoolchain/usr/bin/swiftc --version

ExecuteExternalTool /Applications/Xcode.app/Contents/Developer/Toolchains/XcodeDefault.xctoolchain/usr/bin/clang -v -E -dM -isysroot /Applications/Xcode.app/Contents/Developer/Platforms/MacOSX.platform/Developer/SDKs/MacOSX15.5.sdk -x c -c /dev/null

ExecuteExternalTool /Applications/Xcode.app/Contents/Developer/usr/bin/actool --version --output-format xml1

ExecuteExternalTool /Applications/Xcode.app/Contents/Developer/Toolchains/XcodeDefault.xctoolchain/usr/bin/ld -version_details

Build description signature: 401bfdbcc807def05a036625473e5ce7
Build description path: /Users/sho/Library/Developer/Xcode/DerivedData/SwiftViewer-bssesbdltupvekcpvhukylgdztst/Build/Intermediates.noindex/XCBuildData/401bfdbcc807def05a036625473e5ce7.xcbuilddata
ClangStatCache /Applications/Xcode.app/Contents/Developer/Toolchains/XcodeDefault.xctoolchain/usr/bin/clang-stat-cache /Applications/Xcode.app/Contents/Developer/Platforms/MacOSX.platform/Developer/SDKs/MacOSX15.5.sdk /Users/sho/Library/Developer/Xcode/DerivedData/SDKStatCaches.noindex/macosx15.5-24F74-8254517eb8b97d462ccbc072ba9094c9.sdkstatcache
    cd /Users/sho/working/swift/work/SwiftViewer/SwiftViewer.xcodeproj
    /Applications/Xcode.app/Contents/Developer/Toolchains/XcodeDefault.xctoolchain/usr/bin/clang-stat-cache /Applications/Xcode.app/Contents/Developer/Platforms/MacOSX.platform/Developer/SDKs/MacOSX15.5.sdk -o /Users/sho/Library/Developer/Xcode/DerivedData/SDKStatCaches.noindex/macosx15.5-24F74-8254517eb8b97d462ccbc072ba9094c9.sdkstatcache

WriteAuxiliaryFile /Users/sho/Library/Developer/Xcode/DerivedData/SwiftViewer-bssesbdltupvekcpvhukylgdztst/Build/Intermediates.noindex/SwiftViewer.build/Debug/SwiftViewer.build/Objects-normal/arm64/SwiftViewer.SwiftFileList (in target 'SwiftViewer' from project 'SwiftViewer')
    cd /Users/sho/working/swift/work/SwiftViewer
    write-file /Users/sho/Library/Developer/Xcode/DerivedData/SwiftViewer-bssesbdltupvekcpvhukylgdztst/Build/Intermediates.noindex/SwiftViewer.build/Debug/SwiftViewer.build/Objects-normal/arm64/SwiftViewer.SwiftFileList

WriteAuxiliaryFile /Users/sho/Library/Developer/Xcode/DerivedData/SwiftViewer-bssesbdltupvekcpvhukylgdztst/Build/Intermediates.noindex/SwiftViewer.build/Debug/SwiftViewer.build/Objects-normal/arm64/SwiftViewer.LinkFileList (in target 'SwiftViewer' from project 'SwiftViewer')
    cd /Users/sho/working/swift/work/SwiftViewer
    write-file /Users/sho/Library/Developer/Xcode/DerivedData/SwiftViewer-bssesbdltupvekcpvhukylgdztst/Build/Intermediates.noindex/SwiftViewer.build/Debug/SwiftViewer.build/Objects-normal/arm64/SwiftViewer.LinkFileList

WriteAuxiliaryFile /Users/sho/Library/Developer/Xcode/DerivedData/SwiftViewer-bssesbdltupvekcpvhukylgdztst/Build/Intermediates.noindex/SwiftViewer.build/Debug/SwiftViewer.build/Objects-normal/arm64/SwiftViewer.SwiftConstValuesFileList (in target 'SwiftViewer' from project 'SwiftViewer')
    cd /Users/sho/working/swift/work/SwiftViewer
    write-file /Users/sho/Library/Developer/Xcode/DerivedData/SwiftViewer-bssesbdltupvekcpvhukylgdztst/Build/Intermediates.noindex/SwiftViewer.build/Debug/SwiftViewer.build/Objects-normal/arm64/SwiftViewer.SwiftConstValuesFileList

MkDir /Users/sho/Library/Developer/Xcode/DerivedData/SwiftViewer-bssesbdltupvekcpvhukylgdztst/Build/Products/Debug/SwiftViewer.app/Contents/Frameworks (in target 'SwiftViewer' from project 'SwiftViewer')
    cd /Users/sho/working/swift/work/SwiftViewer
    /bin/mkdir -p /Users/sho/Library/Developer/Xcode/DerivedData/SwiftViewer-bssesbdltupvekcpvhukylgdztst/Build/Products/Debug/SwiftViewer.app/Contents/Frameworks

MkDir /Users/sho/Library/Developer/Xcode/DerivedData/SwiftViewer-bssesbdltupvekcpvhukylgdztst/Build/Products/Debug/SwiftViewer.app/Contents/PlugIns (in target 'SwiftViewer' from project 'SwiftViewer')
    cd /Users/sho/working/swift/work/SwiftViewer
    /bin/mkdir -p /Users/sho/Library/Developer/Xcode/DerivedData/SwiftViewer-bssesbdltupvekcpvhukylgdztst/Build/Products/Debug/SwiftViewer.app/Contents/PlugIns

WriteAuxiliaryFile /Users/sho/Library/Developer/Xcode/DerivedData/SwiftViewer-bssesbdltupvekcpvhukylgdztst/Build/Intermediates.noindex/SwiftViewer.build/Debug/SwiftViewerTests.build/SwiftViewerTests.hmap (in target 'SwiftViewerTests' from project 'SwiftViewer')
    cd /Users/sho/working/swift/work/SwiftViewer
    write-file /Users/sho/Library/Developer/Xcode/DerivedData/SwiftViewer-bssesbdltupvekcpvhukylgdztst/Build/Intermediates.noindex/SwiftViewer.build/Debug/SwiftViewerTests.build/SwiftViewerTests.hmap

WriteAuxiliaryFile /Users/sho/Library/Developer/Xcode/DerivedData/SwiftViewer-bssesbdltupvekcpvhukylgdztst/Build/Intermediates.noindex/SwiftViewer.build/Debug/SwiftViewerTests.build/SwiftViewerTests-project-headers.hmap (in target 'SwiftViewerTests' from project 'SwiftViewer')
    cd /Users/sho/working/swift/work/SwiftViewer
    write-file /Users/sho/Library/Developer/Xcode/DerivedData/SwiftViewer-bssesbdltupvekcpvhukylgdztst/Build/Intermediates.noindex/SwiftViewer.build/Debug/SwiftViewerTests.build/SwiftViewerTests-project-headers.hmap

WriteAuxiliaryFile /Users/sho/Library/Developer/Xcode/DerivedData/SwiftViewer-bssesbdltupvekcpvhukylgdztst/Build/Intermediates.noindex/SwiftViewer.build/Debug/SwiftViewerTests.build/SwiftViewerTests-own-target-headers.hmap (in target 'SwiftViewerTests' from project 'SwiftViewer')
    cd /Users/sho/working/swift/work/SwiftViewer
    write-file /Users/sho/Library/Developer/Xcode/DerivedData/SwiftViewer-bssesbdltupvekcpvhukylgdztst/Build/Intermediates.noindex/SwiftViewer.build/Debug/SwiftViewerTests.build/SwiftViewerTests-own-target-headers.hmap

WriteAuxiliaryFile /Users/sho/Library/Developer/Xcode/DerivedData/SwiftViewer-bssesbdltupvekcpvhukylgdztst/Build/Intermediates.noindex/SwiftViewer.build/Debug/SwiftViewerTests.build/SwiftViewerTests-all-target-headers.hmap (in target 'SwiftViewerTests' from project 'SwiftViewer')
    cd /Users/sho/working/swift/work/SwiftViewer
    write-file /Users/sho/Library/Developer/Xcode/DerivedData/SwiftViewer-bssesbdltupvekcpvhukylgdztst/Build/Intermediates.noindex/SwiftViewer.build/Debug/SwiftViewerTests.build/SwiftViewerTests-all-target-headers.hmap

WriteAuxiliaryFile /Users/sho/Library/Developer/Xcode/DerivedData/SwiftViewer-bssesbdltupvekcpvhukylgdztst/Build/Intermediates.noindex/SwiftViewer.build/Debug/SwiftViewerTests.build/empty-SwiftViewerTests.plist (in target 'SwiftViewerTests' from project 'SwiftViewer')
    cd /Users/sho/working/swift/work/SwiftViewer
    write-file /Users/sho/Library/Developer/Xcode/DerivedData/SwiftViewer-bssesbdltupvekcpvhukylgdztst/Build/Intermediates.noindex/SwiftViewer.build/Debug/SwiftViewerTests.build/empty-SwiftViewerTests.plist

WriteAuxiliaryFile /Users/sho/Library/Developer/Xcode/DerivedData/SwiftViewer-bssesbdltupvekcpvhukylgdztst/Build/Intermediates.noindex/SwiftViewer.build/Debug/SwiftViewerTests.build/SwiftViewerTests-generated-files.hmap (in target 'SwiftViewerTests' from project 'SwiftViewer')
    cd /Users/sho/working/swift/work/SwiftViewer
    write-file /Users/sho/Library/Developer/Xcode/DerivedData/SwiftViewer-bssesbdltupvekcpvhukylgdztst/Build/Intermediates.noindex/SwiftViewer.build/Debug/SwiftViewerTests.build/SwiftViewerTests-generated-files.hmap

WriteAuxiliaryFile /Users/sho/Library/Developer/Xcode/DerivedData/SwiftViewer-bssesbdltupvekcpvhukylgdztst/Build/Intermediates.noindex/SwiftViewer.build/Debug/SwiftViewerUITests.build/SwiftViewerUITests.DependencyMetadataFileList (in target 'SwiftViewerUITests' from project 'SwiftViewer')
    cd /Users/sho/working/swift/work/SwiftViewer
    write-file /Users/sho/Library/Developer/Xcode/DerivedData/SwiftViewer-bssesbdltupvekcpvhukylgdztst/Build/Intermediates.noindex/SwiftViewer.build/Debug/SwiftViewerUITests.build/SwiftViewerUITests.DependencyMetadataFileList

WriteAuxiliaryFile /Users/sho/Library/Developer/Xcode/DerivedData/SwiftViewer-bssesbdltupvekcpvhukylgdztst/Build/Intermediates.noindex/SwiftViewer.build/Debug/SwiftViewerUITests.build/SwiftViewerUITests.DependencyStaticMetadataFileList (in target 'SwiftViewerUITests' from project 'SwiftViewer')
    cd /Users/sho/working/swift/work/SwiftViewer
    write-file /Users/sho/Library/Developer/Xcode/DerivedData/SwiftViewer-bssesbdltupvekcpvhukylgdztst/Build/Intermediates.noindex/SwiftViewer.build/Debug/SwiftViewerUITests.build/SwiftViewerUITests.DependencyStaticMetadataFileList

WriteAuxiliaryFile /Users/sho/Library/Developer/Xcode/DerivedData/SwiftViewer-bssesbdltupvekcpvhukylgdztst/Build/Intermediates.noindex/SwiftViewer.build/Debug/SwiftViewerTests.build/SwiftViewerTests-all-non-framework-target-headers.hmap (in target 'SwiftViewerTests' from project 'SwiftViewer')
    cd /Users/sho/working/swift/work/SwiftViewer
    write-file /Users/sho/Library/Developer/Xcode/DerivedData/SwiftViewer-bssesbdltupvekcpvhukylgdztst/Build/Intermediates.noindex/SwiftViewer.build/Debug/SwiftViewerTests.build/SwiftViewerTests-all-non-framework-target-headers.hmap

WriteAuxiliaryFile /Users/sho/Library/Developer/Xcode/DerivedData/SwiftViewer-bssesbdltupvekcpvhukylgdztst/Build/Intermediates.noindex/SwiftViewer.build/Debug/SwiftViewerTests.build/SwiftViewerTests.DependencyStaticMetadataFileList (in target 'SwiftViewerTests' from project 'SwiftViewer')
    cd /Users/sho/working/swift/work/SwiftViewer
    write-file /Users/sho/Library/Developer/Xcode/DerivedData/SwiftViewer-bssesbdltupvekcpvhukylgdztst/Build/Intermediates.noindex/SwiftViewer.build/Debug/SwiftViewerTests.build/SwiftViewerTests.DependencyStaticMetadataFileList

WriteAuxiliaryFile /Users/sho/Library/Developer/Xcode/DerivedData/SwiftViewer-bssesbdltupvekcpvhukylgdztst/Build/Intermediates.noindex/SwiftViewer.build/Debug/SwiftViewerUITests.build/empty-SwiftViewerUITests.plist (in target 'SwiftViewerUITests' from project 'SwiftViewer')
    cd /Users/sho/working/swift/work/SwiftViewer
    write-file /Users/sho/Library/Developer/Xcode/DerivedData/SwiftViewer-bssesbdltupvekcpvhukylgdztst/Build/Intermediates.noindex/SwiftViewer.build/Debug/SwiftViewerUITests.build/empty-SwiftViewerUITests.plist

WriteAuxiliaryFile /Users/sho/Library/Developer/Xcode/DerivedData/SwiftViewer-bssesbdltupvekcpvhukylgdztst/Build/Intermediates.noindex/SwiftViewer.build/Debug/SwiftViewerUITests.build/SwiftViewerUITests.hmap (in target 'SwiftViewerUITests' from project 'SwiftViewer')
    cd /Users/sho/working/swift/work/SwiftViewer
    write-file /Users/sho/Library/Developer/Xcode/DerivedData/SwiftViewer-bssesbdltupvekcpvhukylgdztst/Build/Intermediates.noindex/SwiftViewer.build/Debug/SwiftViewerUITests.build/SwiftViewerUITests.hmap

WriteAuxiliaryFile /Users/sho/Library/Developer/Xcode/DerivedData/SwiftViewer-bssesbdltupvekcpvhukylgdztst/Build/Intermediates.noindex/SwiftViewer.build/Debug/SwiftViewerTests.build/Objects-normal/arm64/SwiftViewerTests.SwiftConstValuesFileList (in target 'SwiftViewerTests' from project 'SwiftViewer')
    cd /Users/sho/working/swift/work/SwiftViewer
    write-file /Users/sho/Library/Developer/Xcode/DerivedData/SwiftViewer-bssesbdltupvekcpvhukylgdztst/Build/Intermediates.noindex/SwiftViewer.build/Debug/SwiftViewerTests.build/Objects-normal/arm64/SwiftViewerTests.SwiftConstValuesFileList

WriteAuxiliaryFile /Users/sho/Library/Developer/Xcode/DerivedData/SwiftViewer-bssesbdltupvekcpvhukylgdztst/Build/Intermediates.noindex/SwiftViewer.build/Debug/SwiftViewerTests.build/Objects-normal/arm64/SwiftViewerTests_const_extract_protocols.json (in target 'SwiftViewerTests' from project 'SwiftViewer')
    cd /Users/sho/working/swift/work/SwiftViewer
    write-file /Users/sho/Library/Developer/Xcode/DerivedData/SwiftViewer-bssesbdltupvekcpvhukylgdztst/Build/Intermediates.noindex/SwiftViewer.build/Debug/SwiftViewerTests.build/Objects-normal/arm64/SwiftViewerTests_const_extract_protocols.json

WriteAuxiliaryFile /Users/sho/Library/Developer/Xcode/DerivedData/SwiftViewer-bssesbdltupvekcpvhukylgdztst/Build/Intermediates.noindex/SwiftViewer.build/Debug/SwiftViewerTests.build/Objects-normal/arm64/SwiftViewerTests.SwiftFileList (in target 'SwiftViewerTests' from project 'SwiftViewer')
    cd /Users/sho/working/swift/work/SwiftViewer
    write-file /Users/sho/Library/Developer/Xcode/DerivedData/SwiftViewer-bssesbdltupvekcpvhukylgdztst/Build/Intermediates.noindex/SwiftViewer.build/Debug/SwiftViewerTests.build/Objects-normal/arm64/SwiftViewerTests.SwiftFileList

WriteAuxiliaryFile /Users/sho/Library/Developer/Xcode/DerivedData/SwiftViewer-bssesbdltupvekcpvhukylgdztst/Build/Intermediates.noindex/SwiftViewer.build/Debug/SwiftViewerTests.build/Objects-normal/arm64/SwiftViewerTests.LinkFileList (in target 'SwiftViewerTests' from project 'SwiftViewer')
    cd /Users/sho/working/swift/work/SwiftViewer
    write-file /Users/sho/Library/Developer/Xcode/DerivedData/SwiftViewer-bssesbdltupvekcpvhukylgdztst/Build/Intermediates.noindex/SwiftViewer.build/Debug/SwiftViewerTests.build/Objects-normal/arm64/SwiftViewerTests.LinkFileList

WriteAuxiliaryFile /Users/sho/Library/Developer/Xcode/DerivedData/SwiftViewer-bssesbdltupvekcpvhukylgdztst/Build/Intermediates.noindex/SwiftViewer.build/Debug/SwiftViewerUITests.build/SwiftViewerUITests-project-headers.hmap (in target 'SwiftViewerUITests' from project 'SwiftViewer')
    cd /Users/sho/working/swift/work/SwiftViewer
    write-file /Users/sho/Library/Developer/Xcode/DerivedData/SwiftViewer-bssesbdltupvekcpvhukylgdztst/Build/Intermediates.noindex/SwiftViewer.build/Debug/SwiftViewerUITests.build/SwiftViewerUITests-project-headers.hmap

WriteAuxiliaryFile /Users/sho/Library/Developer/Xcode/DerivedData/SwiftViewer-bssesbdltupvekcpvhukylgdztst/Build/Intermediates.noindex/SwiftViewer.build/Debug/SwiftViewerUITests.build/SwiftViewerUITests-own-target-headers.hmap (in target 'SwiftViewerUITests' from project 'SwiftViewer')
    cd /Users/sho/working/swift/work/SwiftViewer
    write-file /Users/sho/Library/Developer/Xcode/DerivedData/SwiftViewer-bssesbdltupvekcpvhukylgdztst/Build/Intermediates.noindex/SwiftViewer.build/Debug/SwiftViewerUITests.build/SwiftViewerUITests-own-target-headers.hmap

WriteAuxiliaryFile /Users/sho/Library/Developer/Xcode/DerivedData/SwiftViewer-bssesbdltupvekcpvhukylgdztst/Build/Intermediates.noindex/SwiftViewer.build/Debug/SwiftViewerUITests.build/SwiftViewerUITests-generated-files.hmap (in target 'SwiftViewerUITests' from project 'SwiftViewer')
    cd /Users/sho/working/swift/work/SwiftViewer
    write-file /Users/sho/Library/Developer/Xcode/DerivedData/SwiftViewer-bssesbdltupvekcpvhukylgdztst/Build/Intermediates.noindex/SwiftViewer.build/Debug/SwiftViewerUITests.build/SwiftViewerUITests-generated-files.hmap

WriteAuxiliaryFile /Users/sho/Library/Developer/Xcode/DerivedData/SwiftViewer-bssesbdltupvekcpvhukylgdztst/Build/Intermediates.noindex/SwiftViewer.build/Debug/SwiftViewerUITests.build/SwiftViewerUITests-all-target-headers.hmap (in target 'SwiftViewerUITests' from project 'SwiftViewer')
    cd /Users/sho/working/swift/work/SwiftViewer
    write-file /Users/sho/Library/Developer/Xcode/DerivedData/SwiftViewer-bssesbdltupvekcpvhukylgdztst/Build/Intermediates.noindex/SwiftViewer.build/Debug/SwiftViewerUITests.build/SwiftViewerUITests-all-target-headers.hmap

WriteAuxiliaryFile /Users/sho/Library/Developer/Xcode/DerivedData/SwiftViewer-bssesbdltupvekcpvhukylgdztst/Build/Intermediates.noindex/SwiftViewer.build/Debug/SwiftViewerUITests.build/SwiftViewerUITests-all-non-framework-target-headers.hmap (in target 'SwiftViewerUITests' from project 'SwiftViewer')
    cd /Users/sho/working/swift/work/SwiftViewer
    write-file /Users/sho/Library/Developer/Xcode/DerivedData/SwiftViewer-bssesbdltupvekcpvhukylgdztst/Build/Intermediates.noindex/SwiftViewer.build/Debug/SwiftViewerUITests.build/SwiftViewerUITests-all-non-framework-target-headers.hmap

WriteAuxiliaryFile /Users/sho/Library/Developer/Xcode/DerivedData/SwiftViewer-bssesbdltupvekcpvhukylgdztst/Build/Intermediates.noindex/SwiftViewer.build/Debug/SwiftViewerUITests.build/ProductTypeInfoPlistAdditions.plist (in target 'SwiftViewerUITests' from project 'SwiftViewer')
    cd /Users/sho/working/swift/work/SwiftViewer
    write-file /Users/sho/Library/Developer/Xcode/DerivedData/SwiftViewer-bssesbdltupvekcpvhukylgdztst/Build/Intermediates.noindex/SwiftViewer.build/Debug/SwiftViewerUITests.build/ProductTypeInfoPlistAdditions.plist

WriteAuxiliaryFile /Users/sho/Library/Developer/Xcode/DerivedData/SwiftViewer-bssesbdltupvekcpvhukylgdztst/Build/Intermediates.noindex/SwiftViewer.build/Debug/SwiftViewerUITests.build/Objects-normal/arm64/SwiftViewerUITests.SwiftConstValuesFileList (in target 'SwiftViewerUITests' from project 'SwiftViewer')
    cd /Users/sho/working/swift/work/SwiftViewer
    write-file /Users/sho/Library/Developer/Xcode/DerivedData/SwiftViewer-bssesbdltupvekcpvhukylgdztst/Build/Intermediates.noindex/SwiftViewer.build/Debug/SwiftViewerUITests.build/Objects-normal/arm64/SwiftViewerUITests.SwiftConstValuesFileList

WriteAuxiliaryFile /Users/sho/Library/Developer/Xcode/DerivedData/SwiftViewer-bssesbdltupvekcpvhukylgdztst/Build/Intermediates.noindex/SwiftViewer.build/Debug/SwiftViewerUITests.build/Objects-normal/arm64/SwiftViewerUITests_const_extract_protocols.json (in target 'SwiftViewerUITests' from project 'SwiftViewer')
    cd /Users/sho/working/swift/work/SwiftViewer
    write-file /Users/sho/Library/Developer/Xcode/DerivedData/SwiftViewer-bssesbdltupvekcpvhukylgdztst/Build/Intermediates.noindex/SwiftViewer.build/Debug/SwiftViewerUITests.build/Objects-normal/arm64/SwiftViewerUITests_const_extract_protocols.json

WriteAuxiliaryFile /Users/sho/Library/Developer/Xcode/DerivedData/SwiftViewer-bssesbdltupvekcpvhukylgdztst/Build/Intermediates.noindex/SwiftViewer.build/Debug/SwiftViewerUITests.build/Objects-normal/arm64/SwiftViewerUITests.SwiftFileList (in target 'SwiftViewerUITests' from project 'SwiftViewer')
    cd /Users/sho/working/swift/work/SwiftViewer
    write-file /Users/sho/Library/Developer/Xcode/DerivedData/SwiftViewer-bssesbdltupvekcpvhukylgdztst/Build/Intermediates.noindex/SwiftViewer.build/Debug/SwiftViewerUITests.build/Objects-normal/arm64/SwiftViewerUITests.SwiftFileList

WriteAuxiliaryFile /Users/sho/Library/Developer/Xcode/DerivedData/SwiftViewer-bssesbdltupvekcpvhukylgdztst/Build/Intermediates.noindex/SwiftViewer.build/Debug/SwiftViewerUITests.build/Objects-normal/arm64/SwiftViewerUITests.LinkFileList (in target 'SwiftViewerUITests' from project 'SwiftViewer')
    cd /Users/sho/working/swift/work/SwiftViewer
    write-file /Users/sho/Library/Developer/Xcode/DerivedData/SwiftViewer-bssesbdltupvekcpvhukylgdztst/Build/Intermediates.noindex/SwiftViewer.build/Debug/SwiftViewerUITests.build/Objects-normal/arm64/SwiftViewerUITests.LinkFileList

WriteAuxiliaryFile /Users/sho/Library/Developer/Xcode/DerivedData/SwiftViewer-bssesbdltupvekcpvhukylgdztst/Build/Intermediates.noindex/SwiftViewer.build/Debug/SwiftViewerUITests.build/Objects-normal/arm64/SwiftViewerUITests-OutputFileMap.json (in target 'SwiftViewerUITests' from project 'SwiftViewer')
    cd /Users/sho/working/swift/work/SwiftViewer
    write-file /Users/sho/Library/Developer/Xcode/DerivedData/SwiftViewer-bssesbdltupvekcpvhukylgdztst/Build/Intermediates.noindex/SwiftViewer.build/Debug/SwiftViewerUITests.build/Objects-normal/arm64/SwiftViewerUITests-OutputFileMap.json

WriteAuxiliaryFile /Users/sho/Library/Developer/Xcode/DerivedData/SwiftViewer-bssesbdltupvekcpvhukylgdztst/Build/Intermediates.noindex/SwiftViewer.build/Debug/SwiftViewerUITests.build/DerivedSources/Entitlements.plist (in target 'SwiftViewerUITests' from project 'SwiftViewer')
    cd /Users/sho/working/swift/work/SwiftViewer
    write-file /Users/sho/Library/Developer/Xcode/DerivedData/SwiftViewer-bssesbdltupvekcpvhukylgdztst/Build/Intermediates.noindex/SwiftViewer.build/Debug/SwiftViewerUITests.build/DerivedSources/Entitlements.plist

WriteAuxiliaryFile /Users/sho/Library/Developer/Xcode/DerivedData/SwiftViewer-bssesbdltupvekcpvhukylgdztst/Build/Intermediates.noindex/SwiftViewer.build/Debug/SwiftViewerTests.build/SwiftViewerTests.DependencyMetadataFileList (in target 'SwiftViewerTests' from project 'SwiftViewer')
    cd /Users/sho/working/swift/work/SwiftViewer
    write-file /Users/sho/Library/Developer/Xcode/DerivedData/SwiftViewer-bssesbdltupvekcpvhukylgdztst/Build/Intermediates.noindex/SwiftViewer.build/Debug/SwiftViewerTests.build/SwiftViewerTests.DependencyMetadataFileList

WriteAuxiliaryFile /Users/sho/Library/Developer/Xcode/DerivedData/SwiftViewer-bssesbdltupvekcpvhukylgdztst/Build/Intermediates.noindex/SwiftViewer.build/Debug/SwiftViewerTests.build/Objects-normal/arm64/SwiftViewerTests-OutputFileMap.json (in target 'SwiftViewerTests' from project 'SwiftViewer')
    cd /Users/sho/working/swift/work/SwiftViewer
    write-file /Users/sho/Library/Developer/Xcode/DerivedData/SwiftViewer-bssesbdltupvekcpvhukylgdztst/Build/Intermediates.noindex/SwiftViewer.build/Debug/SwiftViewerTests.build/Objects-normal/arm64/SwiftViewerTests-OutputFileMap.json

MkDir /Users/sho/Library/Developer/Xcode/DerivedData/SwiftViewer-bssesbdltupvekcpvhukylgdztst/Build/Products/Debug/SwiftViewer.app/Contents/PlugIns/SwiftViewerTests.xctest/Contents/MacOS (in target 'SwiftViewerTests' from project 'SwiftViewer')
    cd /Users/sho/working/swift/work/SwiftViewer
    /bin/mkdir -p /Users/sho/Library/Developer/Xcode/DerivedData/SwiftViewer-bssesbdltupvekcpvhukylgdztst/Build/Products/Debug/SwiftViewer.app/Contents/PlugIns/SwiftViewerTests.xctest/Contents/MacOS

MkDir /Users/sho/Library/Developer/Xcode/DerivedData/SwiftViewer-bssesbdltupvekcpvhukylgdztst/Build/Products/Debug/SwiftViewer.app/Contents/PlugIns/SwiftViewerTests.xctest/Contents (in target 'SwiftViewerTests' from project 'SwiftViewer')
    cd /Users/sho/working/swift/work/SwiftViewer
    /bin/mkdir -p /Users/sho/Library/Developer/Xcode/DerivedData/SwiftViewer-bssesbdltupvekcpvhukylgdztst/Build/Products/Debug/SwiftViewer.app/Contents/PlugIns/SwiftViewerTests.xctest/Contents

MkDir /Users/sho/Library/Developer/Xcode/DerivedData/SwiftViewer-bssesbdltupvekcpvhukylgdztst/Build/Products/Debug/SwiftViewer.app/Contents/PlugIns/SwiftViewerTests.xctest (in target 'SwiftViewerTests' from project 'SwiftViewer')
    cd /Users/sho/working/swift/work/SwiftViewer
    /bin/mkdir -p /Users/sho/Library/Developer/Xcode/DerivedData/SwiftViewer-bssesbdltupvekcpvhukylgdztst/Build/Products/Debug/SwiftViewer.app/Contents/PlugIns/SwiftViewerTests.xctest

MkDir /Users/sho/Library/Developer/Xcode/DerivedData/SwiftViewer-bssesbdltupvekcpvhukylgdztst/Build/Products/Debug/SwiftViewerUITests-Runner.app/Contents/PlugIns/SwiftViewerUITests.xctest (in target 'SwiftViewerUITests' from project 'SwiftViewer')
    cd /Users/sho/working/swift/work/SwiftViewer
    /bin/mkdir -p /Users/sho/Library/Developer/Xcode/DerivedData/SwiftViewer-bssesbdltupvekcpvhukylgdztst/Build/Products/Debug/SwiftViewerUITests-Runner.app/Contents/PlugIns/SwiftViewerUITests.xctest

MkDir /Users/sho/Library/Developer/Xcode/DerivedData/SwiftViewer-bssesbdltupvekcpvhukylgdztst/Build/Products/Debug/SwiftViewerUITests-Runner.app/Contents/PlugIns/SwiftViewerUITests.xctest/Contents (in target 'SwiftViewerUITests' from project 'SwiftViewer')
    cd /Users/sho/working/swift/work/SwiftViewer
    /bin/mkdir -p /Users/sho/Library/Developer/Xcode/DerivedData/SwiftViewer-bssesbdltupvekcpvhukylgdztst/Build/Products/Debug/SwiftViewerUITests-Runner.app/Contents/PlugIns/SwiftViewerUITests.xctest/Contents

MkDir /Users/sho/Library/Developer/Xcode/DerivedData/SwiftViewer-bssesbdltupvekcpvhukylgdztst/Build/Products/Debug/SwiftViewerUITests-Runner.app/Contents/PlugIns/SwiftViewerUITests.xctest/Contents/MacOS (in target 'SwiftViewerUITests' from project 'SwiftViewer')
    cd /Users/sho/working/swift/work/SwiftViewer
    /bin/mkdir -p /Users/sho/Library/Developer/Xcode/DerivedData/SwiftViewer-bssesbdltupvekcpvhukylgdztst/Build/Products/Debug/SwiftViewerUITests-Runner.app/Contents/PlugIns/SwiftViewerUITests.xctest/Contents/MacOS

ProcessProductPackaging /Users/sho/working/swift/work/SwiftViewer/SwiftViewer/SwiftViewer.entitlements /Users/sho/Library/Developer/Xcode/DerivedData/SwiftViewer-bssesbdltupvekcpvhukylgdztst/Build/Intermediates.noindex/SwiftViewer.build/Debug/SwiftViewer.build/SwiftViewer.app.xcent (in target 'SwiftViewer' from project 'SwiftViewer')
    cd /Users/sho/working/swift/work/SwiftViewer
    
    Entitlements:
    
    {
    "com.apple.security.app-sandbox" = 1;
    "com.apple.security.files.user-selected.read-only" = 1;
    "com.apple.security.get-task-allow" = 1;
}
    
    builtin-productPackagingUtility /Users/sho/working/swift/work/SwiftViewer/SwiftViewer/SwiftViewer.entitlements -entitlements -format xml -o /Users/sho/Library/Developer/Xcode/DerivedData/SwiftViewer-bssesbdltupvekcpvhukylgdztst/Build/Intermediates.noindex/SwiftViewer.build/Debug/SwiftViewer.build/SwiftViewer.app.xcent

ProcessProductPackagingDER /Users/sho/Library/Developer/Xcode/DerivedData/SwiftViewer-bssesbdltupvekcpvhukylgdztst/Build/Intermediates.noindex/SwiftViewer.build/Debug/SwiftViewer.build/SwiftViewer.app.xcent /Users/sho/Library/Developer/Xcode/DerivedData/SwiftViewer-bssesbdltupvekcpvhukylgdztst/Build/Intermediates.noindex/SwiftViewer.build/Debug/SwiftViewer.build/SwiftViewer.app.xcent.der (in target 'SwiftViewer' from project 'SwiftViewer')
    cd /Users/sho/working/swift/work/SwiftViewer
    /usr/bin/derq query -f xml -i /Users/sho/Library/Developer/Xcode/DerivedData/SwiftViewer-bssesbdltupvekcpvhukylgdztst/Build/Intermediates.noindex/SwiftViewer.build/Debug/SwiftViewer.build/SwiftViewer.app.xcent -o /Users/sho/Library/Developer/Xcode/DerivedData/SwiftViewer-bssesbdltupvekcpvhukylgdztst/Build/Intermediates.noindex/SwiftViewer.build/Debug/SwiftViewer.build/SwiftViewer.app.xcent.der --raw

Copy /Users/sho/Library/Developer/Xcode/DerivedData/SwiftViewer-bssesbdltupvekcpvhukylgdztst/Build/Products/Debug/SwiftViewer.app/Contents/Frameworks/libXCTestSwiftSupport.dylib /Applications/Xcode.app/Contents/Developer/Platforms/MacOSX.platform/Developer/usr/lib/libXCTestSwiftSupport.dylib (in target 'SwiftViewer' from project 'SwiftViewer')
    cd /Users/sho/working/swift/work/SwiftViewer
    builtin-copy -exclude .DS_Store -exclude CVS -exclude .svn -exclude .git -exclude .hg -exclude Headers -exclude PrivateHeaders -exclude Modules -exclude \*.tbd -resolve-src-symlinks /Applications/Xcode.app/Contents/Developer/Platforms/MacOSX.platform/Developer/usr/lib/libXCTestSwiftSupport.dylib /Users/sho/Library/Developer/Xcode/DerivedData/SwiftViewer-bssesbdltupvekcpvhukylgdztst/Build/Products/Debug/SwiftViewer.app/Contents/Frameworks

Copy /Users/sho/Library/Developer/Xcode/DerivedData/SwiftViewer-bssesbdltupvekcpvhukylgdztst/Build/Products/Debug/SwiftViewer.app/Contents/Frameworks/libXCTestBundleInject.dylib /Applications/Xcode.app/Contents/Developer/Platforms/MacOSX.platform/Developer/usr/lib/libXCTestBundleInject.dylib (in target 'SwiftViewer' from project 'SwiftViewer')
    cd /Users/sho/working/swift/work/SwiftViewer
    builtin-copy -exclude .DS_Store -exclude CVS -exclude .svn -exclude .git -exclude .hg -exclude Headers -exclude PrivateHeaders -exclude Modules -exclude \*.tbd -resolve-src-symlinks /Applications/Xcode.app/Contents/Developer/Platforms/MacOSX.platform/Developer/usr/lib/libXCTestBundleInject.dylib /Users/sho/Library/Developer/Xcode/DerivedData/SwiftViewer-bssesbdltupvekcpvhukylgdztst/Build/Products/Debug/SwiftViewer.app/Contents/Frameworks

Copy /Users/sho/Library/Developer/Xcode/DerivedData/SwiftViewer-bssesbdltupvekcpvhukylgdztst/Build/Products/Debug/SwiftViewer.app/Contents/Frameworks/XCUnit.framework /Applications/Xcode.app/Contents/Developer/Platforms/MacOSX.platform/Developer/Library/PrivateFrameworks/XCUnit.framework (in target 'SwiftViewer' from project 'SwiftViewer')
    cd /Users/sho/working/swift/work/SwiftViewer
    builtin-copy -exclude .DS_Store -exclude CVS -exclude .svn -exclude .git -exclude .hg -exclude Headers -exclude PrivateHeaders -exclude Modules -exclude \*.tbd -resolve-src-symlinks /Applications/Xcode.app/Contents/Developer/Platforms/MacOSX.platform/Developer/Library/PrivateFrameworks/XCUnit.framework /Users/sho/Library/Developer/Xcode/DerivedData/SwiftViewer-bssesbdltupvekcpvhukylgdztst/Build/Products/Debug/SwiftViewer.app/Contents/Frameworks

Copy /Users/sho/Library/Developer/Xcode/DerivedData/SwiftViewer-bssesbdltupvekcpvhukylgdztst/Build/Products/Debug/SwiftViewer.app/Contents/Frameworks/XCUIAutomation.framework /Applications/Xcode.app/Contents/Developer/Platforms/MacOSX.platform/Developer/Library/Frameworks/XCUIAutomation.framework (in target 'SwiftViewer' from project 'SwiftViewer')
    cd /Users/sho/working/swift/work/SwiftViewer
    builtin-copy -exclude .DS_Store -exclude CVS -exclude .svn -exclude .git -exclude .hg -exclude Headers -exclude PrivateHeaders -exclude Modules -exclude \*.tbd -resolve-src-symlinks /Applications/Xcode.app/Contents/Developer/Platforms/MacOSX.platform/Developer/Library/Frameworks/XCUIAutomation.framework /Users/sho/Library/Developer/Xcode/DerivedData/SwiftViewer-bssesbdltupvekcpvhukylgdztst/Build/Products/Debug/SwiftViewer.app/Contents/Frameworks

Copy /Users/sho/Library/Developer/Xcode/DerivedData/SwiftViewer-bssesbdltupvekcpvhukylgdztst/Build/Products/Debug/SwiftViewer.app/Contents/Frameworks/XCTestSupport.framework /Applications/Xcode.app/Contents/Developer/Platforms/MacOSX.platform/Developer/Library/PrivateFrameworks/XCTestSupport.framework (in target 'SwiftViewer' from project 'SwiftViewer')
    cd /Users/sho/working/swift/work/SwiftViewer
    builtin-copy -exclude .DS_Store -exclude CVS -exclude .svn -exclude .git -exclude .hg -exclude Headers -exclude PrivateHeaders -exclude Modules -exclude \*.tbd -resolve-src-symlinks /Applications/Xcode.app/Contents/Developer/Platforms/MacOSX.platform/Developer/Library/PrivateFrameworks/XCTestSupport.framework /Users/sho/Library/Developer/Xcode/DerivedData/SwiftViewer-bssesbdltupvekcpvhukylgdztst/Build/Products/Debug/SwiftViewer.app/Contents/Frameworks

Copy /Users/sho/Library/Developer/Xcode/DerivedData/SwiftViewer-bssesbdltupvekcpvhukylgdztst/Build/Products/Debug/SwiftViewer.app/Contents/Frameworks/XCTestCore.framework /Applications/Xcode.app/Contents/Developer/Platforms/MacOSX.platform/Developer/Library/PrivateFrameworks/XCTestCore.framework (in target 'SwiftViewer' from project 'SwiftViewer')
    cd /Users/sho/working/swift/work/SwiftViewer
    builtin-copy -exclude .DS_Store -exclude CVS -exclude .svn -exclude .git -exclude .hg -exclude Headers -exclude PrivateHeaders -exclude Modules -exclude \*.tbd -resolve-src-symlinks /Applications/Xcode.app/Contents/Developer/Platforms/MacOSX.platform/Developer/Library/PrivateFrameworks/XCTestCore.framework /Users/sho/Library/Developer/Xcode/DerivedData/SwiftViewer-bssesbdltupvekcpvhukylgdztst/Build/Products/Debug/SwiftViewer.app/Contents/Frameworks

Copy /Users/sho/Library/Developer/Xcode/DerivedData/SwiftViewer-bssesbdltupvekcpvhukylgdztst/Build/Products/Debug/SwiftViewer.app/Contents/Frameworks/XCTest.framework /Applications/Xcode.app/Contents/Developer/Platforms/MacOSX.platform/Developer/Library/Frameworks/XCTest.framework (in target 'SwiftViewer' from project 'SwiftViewer')
    cd /Users/sho/working/swift/work/SwiftViewer
    builtin-copy -exclude .DS_Store -exclude CVS -exclude .svn -exclude .git -exclude .hg -exclude Headers -exclude PrivateHeaders -exclude Modules -exclude \*.tbd -resolve-src-symlinks /Applications/Xcode.app/Contents/Developer/Platforms/MacOSX.platform/Developer/Library/Frameworks/XCTest.framework /Users/sho/Library/Developer/Xcode/DerivedData/SwiftViewer-bssesbdltupvekcpvhukylgdztst/Build/Products/Debug/SwiftViewer.app/Contents/Frameworks

Copy /Users/sho/Library/Developer/Xcode/DerivedData/SwiftViewer-bssesbdltupvekcpvhukylgdztst/Build/Products/Debug/SwiftViewer.app/Contents/Frameworks/XCTAutomationSupport.framework /Applications/Xcode.app/Contents/Developer/Platforms/MacOSX.platform/Developer/Library/PrivateFrameworks/XCTAutomationSupport.framework (in target 'SwiftViewer' from project 'SwiftViewer')
    cd /Users/sho/working/swift/work/SwiftViewer
    builtin-copy -exclude .DS_Store -exclude CVS -exclude .svn -exclude .git -exclude .hg -exclude Headers -exclude PrivateHeaders -exclude Modules -exclude \*.tbd -resolve-src-symlinks /Applications/Xcode.app/Contents/Developer/Platforms/MacOSX.platform/Developer/Library/PrivateFrameworks/XCTAutomationSupport.framework /Users/sho/Library/Developer/Xcode/DerivedData/SwiftViewer-bssesbdltupvekcpvhukylgdztst/Build/Products/Debug/SwiftViewer.app/Contents/Frameworks

Copy /Users/sho/Library/Developer/Xcode/DerivedData/SwiftViewer-bssesbdltupvekcpvhukylgdztst/Build/Products/Debug/SwiftViewer.app/Contents/Frameworks/Testing.framework /Applications/Xcode.app/Contents/Developer/Platforms/MacOSX.platform/Developer/Library/Frameworks/Testing.framework (in target 'SwiftViewer' from project 'SwiftViewer')
    cd /Users/sho/working/swift/work/SwiftViewer
    builtin-copy -exclude .DS_Store -exclude CVS -exclude .svn -exclude .git -exclude .hg -exclude Headers -exclude PrivateHeaders -exclude Modules -exclude \*.tbd -resolve-src-symlinks /Applications/Xcode.app/Contents/Developer/Platforms/MacOSX.platform/Developer/Library/Frameworks/Testing.framework /Users/sho/Library/Developer/Xcode/DerivedData/SwiftViewer-bssesbdltupvekcpvhukylgdztst/Build/Products/Debug/SwiftViewer.app/Contents/Frameworks

ProcessInfoPlistFile /Users/sho/Library/Developer/Xcode/DerivedData/SwiftViewer-bssesbdltupvekcpvhukylgdztst/Build/Products/Debug/SwiftViewer.app/Contents/Info.plist /Users/sho/Library/Developer/Xcode/DerivedData/SwiftViewer-bssesbdltupvekcpvhukylgdztst/Build/Intermediates.noindex/SwiftViewer.build/Debug/SwiftViewer.build/empty-SwiftViewer.plist (in target 'SwiftViewer' from project 'SwiftViewer')
    cd /Users/sho/working/swift/work/SwiftViewer
    builtin-infoPlistUtility /Users/sho/Library/Developer/Xcode/DerivedData/SwiftViewer-bssesbdltupvekcpvhukylgdztst/Build/Intermediates.noindex/SwiftViewer.build/Debug/SwiftViewer.build/empty-SwiftViewer.plist -producttype com.apple.product-type.application -genpkginfo /Users/sho/Library/Developer/Xcode/DerivedData/SwiftViewer-bssesbdltupvekcpvhukylgdztst/Build/Products/Debug/SwiftViewer.app/Contents/PkgInfo -expandbuildsettings -platform macosx -additionalcontentfile /Users/sho/Library/Developer/Xcode/DerivedData/SwiftViewer-bssesbdltupvekcpvhukylgdztst/Build/Intermediates.noindex/SwiftViewer.build/Debug/SwiftViewer.build/assetcatalog_generated_info.plist -o /Users/sho/Library/Developer/Xcode/DerivedData/SwiftViewer-bssesbdltupvekcpvhukylgdztst/Build/Products/Debug/SwiftViewer.app/Contents/Info.plist

CodeSign /Users/sho/Library/Developer/Xcode/DerivedData/SwiftViewer-bssesbdltupvekcpvhukylgdztst/Build/Products/Debug/SwiftViewer.app/Contents/Frameworks/libXCTestBundleInject.dylib (in target 'SwiftViewer' from project 'SwiftViewer')
    cd /Users/sho/working/swift/work/SwiftViewer
    
    Signing Identity:     "Apple Development: Takashi Abe (TTSH6D2792)"
    
    /usr/bin/codesign --force --sign C1B92775A580A2B074E81EA6DB45EF8291457656 -o runtime --timestamp\=none --preserve-metadata\=identifier,entitlements,flags --generate-entitlement-der /Users/sho/Library/Developer/Xcode/DerivedData/SwiftViewer-bssesbdltupvekcpvhukylgdztst/Build/Products/Debug/SwiftViewer.app/Contents/Frameworks/libXCTestBundleInject.dylib
/Users/sho/Library/Developer/Xcode/DerivedData/SwiftViewer-bssesbdltupvekcpvhukylgdztst/Build/Products/Debug/SwiftViewer.app/Contents/Frameworks/libXCTestBundleInject.dylib: replacing existing signature

CodeSign /Users/sho/Library/Developer/Xcode/DerivedData/SwiftViewer-bssesbdltupvekcpvhukylgdztst/Build/Products/Debug/SwiftViewer.app/Contents/Frameworks/libXCTestSwiftSupport.dylib (in target 'SwiftViewer' from project 'SwiftViewer')
    cd /Users/sho/working/swift/work/SwiftViewer
    
    Signing Identity:     "Apple Development: Takashi Abe (TTSH6D2792)"
    
    /usr/bin/codesign --force --sign C1B92775A580A2B074E81EA6DB45EF8291457656 -o runtime --timestamp\=none --preserve-metadata\=identifier,entitlements,flags --generate-entitlement-der /Users/sho/Library/Developer/Xcode/DerivedData/SwiftViewer-bssesbdltupvekcpvhukylgdztst/Build/Products/Debug/SwiftViewer.app/Contents/Frameworks/libXCTestSwiftSupport.dylib
/Users/sho/Library/Developer/Xcode/DerivedData/SwiftViewer-bssesbdltupvekcpvhukylgdztst/Build/Products/Debug/SwiftViewer.app/Contents/Frameworks/libXCTestSwiftSupport.dylib: replacing existing signature

CodeSign /Users/sho/Library/Developer/Xcode/DerivedData/SwiftViewer-bssesbdltupvekcpvhukylgdztst/Build/Products/Debug/SwiftViewer.app/Contents/Frameworks/XCTest.framework (in target 'SwiftViewer' from project 'SwiftViewer')
    cd /Users/sho/working/swift/work/SwiftViewer
    
    Signing Identity:     "Apple Development: Takashi Abe (TTSH6D2792)"
    
    /usr/bin/codesign --force --sign C1B92775A580A2B074E81EA6DB45EF8291457656 -o runtime --timestamp\=none --preserve-metadata\=identifier,entitlements,flags --generate-entitlement-der /Users/sho/Library/Developer/Xcode/DerivedData/SwiftViewer-bssesbdltupvekcpvhukylgdztst/Build/Products/Debug/SwiftViewer.app/Contents/Frameworks/XCTest.framework
/Users/sho/Library/Developer/Xcode/DerivedData/SwiftViewer-bssesbdltupvekcpvhukylgdztst/Build/Products/Debug/SwiftViewer.app/Contents/Frameworks/XCTest.framework: replacing existing signature

CodeSign /Users/sho/Library/Developer/Xcode/DerivedData/SwiftViewer-bssesbdltupvekcpvhukylgdztst/Build/Products/Debug/SwiftViewer.app/Contents/Frameworks/XCUnit.framework (in target 'SwiftViewer' from project 'SwiftViewer')
    cd /Users/sho/working/swift/work/SwiftViewer
    
    Signing Identity:     "Apple Development: Takashi Abe (TTSH6D2792)"
    
    /usr/bin/codesign --force --sign C1B92775A580A2B074E81EA6DB45EF8291457656 -o runtime --timestamp\=none --preserve-metadata\=identifier,entitlements,flags --generate-entitlement-der /Users/sho/Library/Developer/Xcode/DerivedData/SwiftViewer-bssesbdltupvekcpvhukylgdztst/Build/Products/Debug/SwiftViewer.app/Contents/Frameworks/XCUnit.framework
/Users/sho/Library/Developer/Xcode/DerivedData/SwiftViewer-bssesbdltupvekcpvhukylgdztst/Build/Products/Debug/SwiftViewer.app/Contents/Frameworks/XCUnit.framework: replacing existing signature

CodeSign /Users/sho/Library/Developer/Xcode/DerivedData/SwiftViewer-bssesbdltupvekcpvhukylgdztst/Build/Products/Debug/SwiftViewer.app/Contents/Frameworks/XCTestSupport.framework (in target 'SwiftViewer' from project 'SwiftViewer')
    cd /Users/sho/working/swift/work/SwiftViewer
    
    Signing Identity:     "Apple Development: Takashi Abe (TTSH6D2792)"
    
    /usr/bin/codesign --force --sign C1B92775A580A2B074E81EA6DB45EF8291457656 -o runtime --timestamp\=none --preserve-metadata\=identifier,entitlements,flags --generate-entitlement-der /Users/sho/Library/Developer/Xcode/DerivedData/SwiftViewer-bssesbdltupvekcpvhukylgdztst/Build/Products/Debug/SwiftViewer.app/Contents/Frameworks/XCTestSupport.framework
/Users/sho/Library/Developer/Xcode/DerivedData/SwiftViewer-bssesbdltupvekcpvhukylgdztst/Build/Products/Debug/SwiftViewer.app/Contents/Frameworks/XCTestSupport.framework: replacing existing signature

CodeSign /Users/sho/Library/Developer/Xcode/DerivedData/SwiftViewer-bssesbdltupvekcpvhukylgdztst/Build/Products/Debug/SwiftViewer.app/Contents/Frameworks/XCTAutomationSupport.framework (in target 'SwiftViewer' from project 'SwiftViewer')
    cd /Users/sho/working/swift/work/SwiftViewer
    
    Signing Identity:     "Apple Development: Takashi Abe (TTSH6D2792)"
    
    /usr/bin/codesign --force --sign C1B92775A580A2B074E81EA6DB45EF8291457656 -o runtime --timestamp\=none --preserve-metadata\=identifier,entitlements,flags --generate-entitlement-der /Users/sho/Library/Developer/Xcode/DerivedData/SwiftViewer-bssesbdltupvekcpvhukylgdztst/Build/Products/Debug/SwiftViewer.app/Contents/Frameworks/XCTAutomationSupport.framework
/Users/sho/Library/Developer/Xcode/DerivedData/SwiftViewer-bssesbdltupvekcpvhukylgdztst/Build/Products/Debug/SwiftViewer.app/Contents/Frameworks/XCTAutomationSupport.framework: replacing existing signature

CodeSign /Users/sho/Library/Developer/Xcode/DerivedData/SwiftViewer-bssesbdltupvekcpvhukylgdztst/Build/Products/Debug/SwiftViewer.app/Contents/Frameworks/XCTestCore.framework (in target 'SwiftViewer' from project 'SwiftViewer')
    cd /Users/sho/working/swift/work/SwiftViewer
    
    Signing Identity:     "Apple Development: Takashi Abe (TTSH6D2792)"
    
    /usr/bin/codesign --force --sign C1B92775A580A2B074E81EA6DB45EF8291457656 -o runtime --timestamp\=none --preserve-metadata\=identifier,entitlements,flags --generate-entitlement-der /Users/sho/Library/Developer/Xcode/DerivedData/SwiftViewer-bssesbdltupvekcpvhukylgdztst/Build/Products/Debug/SwiftViewer.app/Contents/Frameworks/XCTestCore.framework
/Users/sho/Library/Developer/Xcode/DerivedData/SwiftViewer-bssesbdltupvekcpvhukylgdztst/Build/Products/Debug/SwiftViewer.app/Contents/Frameworks/XCTestCore.framework: replacing existing signature

CodeSign /Users/sho/Library/Developer/Xcode/DerivedData/SwiftViewer-bssesbdltupvekcpvhukylgdztst/Build/Products/Debug/SwiftViewer.app/Contents/Frameworks/Testing.framework (in target 'SwiftViewer' from project 'SwiftViewer')
    cd /Users/sho/working/swift/work/SwiftViewer
    
    Signing Identity:     "Apple Development: Takashi Abe (TTSH6D2792)"
    
    /usr/bin/codesign --force --sign C1B92775A580A2B074E81EA6DB45EF8291457656 -o runtime --timestamp\=none --preserve-metadata\=identifier,entitlements,flags --generate-entitlement-der /Users/sho/Library/Developer/Xcode/DerivedData/SwiftViewer-bssesbdltupvekcpvhukylgdztst/Build/Products/Debug/SwiftViewer.app/Contents/Frameworks/Testing.framework
/Users/sho/Library/Developer/Xcode/DerivedData/SwiftViewer-bssesbdltupvekcpvhukylgdztst/Build/Products/Debug/SwiftViewer.app/Contents/Frameworks/Testing.framework: replacing existing signature

CodeSign /Users/sho/Library/Developer/Xcode/DerivedData/SwiftViewer-bssesbdltupvekcpvhukylgdztst/Build/Products/Debug/SwiftViewer.app/Contents/Frameworks/XCUIAutomation.framework (in target 'SwiftViewer' from project 'SwiftViewer')
    cd /Users/sho/working/swift/work/SwiftViewer
    
    Signing Identity:     "Apple Development: Takashi Abe (TTSH6D2792)"
    
    /usr/bin/codesign --force --sign C1B92775A580A2B074E81EA6DB45EF8291457656 -o runtime --timestamp\=none --preserve-metadata\=identifier,entitlements,flags --generate-entitlement-der /Users/sho/Library/Developer/Xcode/DerivedData/SwiftViewer-bssesbdltupvekcpvhukylgdztst/Build/Products/Debug/SwiftViewer.app/Contents/Frameworks/XCUIAutomation.framework
/Users/sho/Library/Developer/Xcode/DerivedData/SwiftViewer-bssesbdltupvekcpvhukylgdztst/Build/Products/Debug/SwiftViewer.app/Contents/Frameworks/XCUIAutomation.framework: replacing existing signature

SwiftDriver SwiftViewer normal arm64 com.apple.xcode.tools.swift.compiler (in target 'SwiftViewer' from project 'SwiftViewer')
    cd /Users/sho/working/swift/work/SwiftViewer
    builtin-SwiftDriver -- /Applications/Xcode.app/Contents/Developer/Toolchains/XcodeDefault.xctoolchain/usr/bin/swiftc -module-name SwiftViewer -Onone -enforce-exclusivity\=checked @/Users/sho/Library/Developer/Xcode/DerivedData/SwiftViewer-bssesbdltupvekcpvhukylgdztst/Build/Intermediates.noindex/SwiftViewer.build/Debug/SwiftViewer.build/Objects-normal/arm64/SwiftViewer.SwiftFileList -DDEBUG -enable-bare-slash-regex -enable-experimental-feature DebugDescriptionMacro -sdk /Applications/Xcode.app/Contents/Developer/Platforms/MacOSX.platform/Developer/SDKs/MacOSX15.5.sdk -target arm64-apple-macos14.6 -g -module-cache-path /Users/sho/Library/Developer/Xcode/DerivedData/ModuleCache.noindex -Xfrontend -serialize-debugging-options -profile-coverage-mapping -profile-generate -enable-testing -index-store-path /Users/sho/Library/Developer/Xcode/DerivedData/SwiftViewer-bssesbdltupvekcpvhukylgdztst/Index.noindex/DataStore -swift-version 5 -I /Users/sho/Library/Developer/Xcode/DerivedData/SwiftViewer-bssesbdltupvekcpvhukylgdztst/Build/Products/Debug -F /Users/sho/Library/Developer/Xcode/DerivedData/SwiftViewer-bssesbdltupvekcpvhukylgdztst/Build/Products/Debug -emit-localized-strings -emit-localized-strings-path /Users/sho/Library/Developer/Xcode/DerivedData/SwiftViewer-bssesbdltupvekcpvhukylgdztst/Build/Intermediates.noindex/SwiftViewer.build/Debug/SwiftViewer.build/Objects-normal/arm64 -c -j20 -enable-batch-mode -incremental -Xcc -ivfsstatcache -Xcc /Users/sho/Library/Developer/Xcode/DerivedData/SDKStatCaches.noindex/macosx15.5-24F74-8254517eb8b97d462ccbc072ba9094c9.sdkstatcache -output-file-map /Users/sho/Library/Developer/Xcode/DerivedData/SwiftViewer-bssesbdltupvekcpvhukylgdztst/Build/Intermediates.noindex/SwiftViewer.build/Debug/SwiftViewer.build/Objects-normal/arm64/SwiftViewer-OutputFileMap.json -use-frontend-parseable-output -save-temps -no-color-diagnostics -serialize-diagnostics -emit-dependencies -emit-module -emit-module-path /Users/sho/Library/Developer/Xcode/DerivedData/SwiftViewer-bssesbdltupvekcpvhukylgdztst/Build/Intermediates.noindex/SwiftViewer.build/Debug/SwiftViewer.build/Objects-normal/arm64/SwiftViewer.swiftmodule -validate-clang-modules-once -clang-build-session-file /Users/sho/Library/Developer/Xcode/DerivedData/ModuleCache.noindex/Session.modulevalidation -Xcc -I/Users/sho/Library/Developer/Xcode/DerivedData/SwiftViewer-bssesbdltupvekcpvhukylgdztst/Build/Intermediates.noindex/SwiftViewer.build/Debug/SwiftViewer.build/swift-overrides.hmap -emit-const-values -Xfrontend -const-gather-protocols-file -Xfrontend /Users/sho/Library/Developer/Xcode/DerivedData/SwiftViewer-bssesbdltupvekcpvhukylgdztst/Build/Intermediates.noindex/SwiftViewer.build/Debug/SwiftViewer.build/Objects-normal/arm64/SwiftViewer_const_extract_protocols.json -Xcc -iquote -Xcc /Users/sho/Library/Developer/Xcode/DerivedData/SwiftViewer-bssesbdltupvekcpvhukylgdztst/Build/Intermediates.noindex/SwiftViewer.build/Debug/SwiftViewer.build/SwiftViewer-generated-files.hmap -Xcc -I/Users/sho/Library/Developer/Xcode/DerivedData/SwiftViewer-bssesbdltupvekcpvhukylgdztst/Build/Intermediates.noindex/SwiftViewer.build/Debug/SwiftViewer.build/SwiftViewer-own-target-headers.hmap -Xcc -I/Users/sho/Library/Developer/Xcode/DerivedData/SwiftViewer-bssesbdltupvekcpvhukylgdztst/Build/Intermediates.noindex/SwiftViewer.build/Debug/SwiftViewer.build/SwiftViewer-all-target-headers.hmap -Xcc -iquote -Xcc /Users/sho/Library/Developer/Xcode/DerivedData/SwiftViewer-bssesbdltupvekcpvhukylgdztst/Build/Intermediates.noindex/SwiftViewer.build/Debug/SwiftViewer.build/SwiftViewer-project-headers.hmap -Xcc -I/Users/sho/Library/Developer/Xcode/DerivedData/SwiftViewer-bssesbdltupvekcpvhukylgdztst/Build/Products/Debug/include -Xcc -I/Users/sho/Library/Developer/Xcode/DerivedData/SwiftViewer-bssesbdltupvekcpvhukylgdztst/Build/Intermediates.noindex/SwiftViewer.build/Debug/SwiftViewer.build/DerivedSources-normal/arm64 -Xcc -I/Users/sho/Library/Developer/Xcode/DerivedData/SwiftViewer-bssesbdltupvekcpvhukylgdztst/Build/Intermediates.noindex/SwiftViewer.build/Debug/SwiftViewer.build/DerivedSources/arm64 -Xcc -I/Users/sho/Library/Developer/Xcode/DerivedData/SwiftViewer-bssesbdltupvekcpvhukylgdztst/Build/Intermediates.noindex/SwiftViewer.build/Debug/SwiftViewer.build/DerivedSources -Xcc -DDEBUG\=1 -emit-objc-header -emit-objc-header-path /Users/sho/Library/Developer/Xcode/DerivedData/SwiftViewer-bssesbdltupvekcpvhukylgdztst/Build/Intermediates.noindex/SwiftViewer.build/Debug/SwiftViewer.build/Objects-normal/arm64/SwiftViewer-Swift.h -working-directory /Users/sho/working/swift/work/SwiftViewer -experimental-emit-module-separately -disable-cmo

SwiftDriver\ Compilation\ Requirements SwiftViewer normal arm64 com.apple.xcode.tools.swift.compiler (in target 'SwiftViewer' from project 'SwiftViewer')
    cd /Users/sho/working/swift/work/SwiftViewer
    builtin-Swift-Compilation-Requirements -- /Applications/Xcode.app/Contents/Developer/Toolchains/XcodeDefault.xctoolchain/usr/bin/swiftc -module-name SwiftViewer -Onone -enforce-exclusivity\=checked @/Users/sho/Library/Developer/Xcode/DerivedData/SwiftViewer-bssesbdltupvekcpvhukylgdztst/Build/Intermediates.noindex/SwiftViewer.build/Debug/SwiftViewer.build/Objects-normal/arm64/SwiftViewer.SwiftFileList -DDEBUG -enable-bare-slash-regex -enable-experimental-feature DebugDescriptionMacro -sdk /Applications/Xcode.app/Contents/Developer/Platforms/MacOSX.platform/Developer/SDKs/MacOSX15.5.sdk -target arm64-apple-macos14.6 -g -module-cache-path /Users/sho/Library/Developer/Xcode/DerivedData/ModuleCache.noindex -Xfrontend -serialize-debugging-options -profile-coverage-mapping -profile-generate -enable-testing -index-store-path /Users/sho/Library/Developer/Xcode/DerivedData/SwiftViewer-bssesbdltupvekcpvhukylgdztst/Index.noindex/DataStore -swift-version 5 -I /Users/sho/Library/Developer/Xcode/DerivedData/SwiftViewer-bssesbdltupvekcpvhukylgdztst/Build/Products/Debug -F /Users/sho/Library/Developer/Xcode/DerivedData/SwiftViewer-bssesbdltupvekcpvhukylgdztst/Build/Products/Debug -emit-localized-strings -emit-localized-strings-path /Users/sho/Library/Developer/Xcode/DerivedData/SwiftViewer-bssesbdltupvekcpvhukylgdztst/Build/Intermediates.noindex/SwiftViewer.build/Debug/SwiftViewer.build/Objects-normal/arm64 -c -j20 -enable-batch-mode -incremental -Xcc -ivfsstatcache -Xcc /Users/sho/Library/Developer/Xcode/DerivedData/SDKStatCaches.noindex/macosx15.5-24F74-8254517eb8b97d462ccbc072ba9094c9.sdkstatcache -output-file-map /Users/sho/Library/Developer/Xcode/DerivedData/SwiftViewer-bssesbdltupvekcpvhukylgdztst/Build/Intermediates.noindex/SwiftViewer.build/Debug/SwiftViewer.build/Objects-normal/arm64/SwiftViewer-OutputFileMap.json -use-frontend-parseable-output -save-temps -no-color-diagnostics -serialize-diagnostics -emit-dependencies -emit-module -emit-module-path /Users/sho/Library/Developer/Xcode/DerivedData/SwiftViewer-bssesbdltupvekcpvhukylgdztst/Build/Intermediates.noindex/SwiftViewer.build/Debug/SwiftViewer.build/Objects-normal/arm64/SwiftViewer.swiftmodule -validate-clang-modules-once -clang-build-session-file /Users/sho/Library/Developer/Xcode/DerivedData/ModuleCache.noindex/Session.modulevalidation -Xcc -I/Users/sho/Library/Developer/Xcode/DerivedData/SwiftViewer-bssesbdltupvekcpvhukylgdztst/Build/Intermediates.noindex/SwiftViewer.build/Debug/SwiftViewer.build/swift-overrides.hmap -emit-const-values -Xfrontend -const-gather-protocols-file -Xfrontend /Users/sho/Library/Developer/Xcode/DerivedData/SwiftViewer-bssesbdltupvekcpvhukylgdztst/Build/Intermediates.noindex/SwiftViewer.build/Debug/SwiftViewer.build/Objects-normal/arm64/SwiftViewer_const_extract_protocols.json -Xcc -iquote -Xcc /Users/sho/Library/Developer/Xcode/DerivedData/SwiftViewer-bssesbdltupvekcpvhukylgdztst/Build/Intermediates.noindex/SwiftViewer.build/Debug/SwiftViewer.build/SwiftViewer-generated-files.hmap -Xcc -I/Users/sho/Library/Developer/Xcode/DerivedData/SwiftViewer-bssesbdltupvekcpvhukylgdztst/Build/Intermediates.noindex/SwiftViewer.build/Debug/SwiftViewer.build/SwiftViewer-own-target-headers.hmap -Xcc -I/Users/sho/Library/Developer/Xcode/DerivedData/SwiftViewer-bssesbdltupvekcpvhukylgdztst/Build/Intermediates.noindex/SwiftViewer.build/Debug/SwiftViewer.build/SwiftViewer-all-target-headers.hmap -Xcc -iquote -Xcc /Users/sho/Library/Developer/Xcode/DerivedData/SwiftViewer-bssesbdltupvekcpvhukylgdztst/Build/Intermediates.noindex/SwiftViewer.build/Debug/SwiftViewer.build/SwiftViewer-project-headers.hmap -Xcc -I/Users/sho/Library/Developer/Xcode/DerivedData/SwiftViewer-bssesbdltupvekcpvhukylgdztst/Build/Products/Debug/include -Xcc -I/Users/sho/Library/Developer/Xcode/DerivedData/SwiftViewer-bssesbdltupvekcpvhukylgdztst/Build/Intermediates.noindex/SwiftViewer.build/Debug/SwiftViewer.build/DerivedSources-normal/arm64 -Xcc -I/Users/sho/Library/Developer/Xcode/DerivedData/SwiftViewer-bssesbdltupvekcpvhukylgdztst/Build/Intermediates.noindex/SwiftViewer.build/Debug/SwiftViewer.build/DerivedSources/arm64 -Xcc -I/Users/sho/Library/Developer/Xcode/DerivedData/SwiftViewer-bssesbdltupvekcpvhukylgdztst/Build/Intermediates.noindex/SwiftViewer.build/Debug/SwiftViewer.build/DerivedSources -Xcc -DDEBUG\=1 -emit-objc-header -emit-objc-header-path /Users/sho/Library/Developer/Xcode/DerivedData/SwiftViewer-bssesbdltupvekcpvhukylgdztst/Build/Intermediates.noindex/SwiftViewer.build/Debug/SwiftViewer.build/Objects-normal/arm64/SwiftViewer-Swift.h -working-directory /Users/sho/working/swift/work/SwiftViewer -experimental-emit-module-separately -disable-cmo

SwiftDriver\ Compilation SwiftViewer normal arm64 com.apple.xcode.tools.swift.compiler (in target 'SwiftViewer' from project 'SwiftViewer')
    cd /Users/sho/working/swift/work/SwiftViewer
    builtin-Swift-Compilation -- /Applications/Xcode.app/Contents/Developer/Toolchains/XcodeDefault.xctoolchain/usr/bin/swiftc -module-name SwiftViewer -Onone -enforce-exclusivity\=checked @/Users/sho/Library/Developer/Xcode/DerivedData/SwiftViewer-bssesbdltupvekcpvhukylgdztst/Build/Intermediates.noindex/SwiftViewer.build/Debug/SwiftViewer.build/Objects-normal/arm64/SwiftViewer.SwiftFileList -DDEBUG -enable-bare-slash-regex -enable-experimental-feature DebugDescriptionMacro -sdk /Applications/Xcode.app/Contents/Developer/Platforms/MacOSX.platform/Developer/SDKs/MacOSX15.5.sdk -target arm64-apple-macos14.6 -g -module-cache-path /Users/sho/Library/Developer/Xcode/DerivedData/ModuleCache.noindex -Xfrontend -serialize-debugging-options -profile-coverage-mapping -profile-generate -enable-testing -index-store-path /Users/sho/Library/Developer/Xcode/DerivedData/SwiftViewer-bssesbdltupvekcpvhukylgdztst/Index.noindex/DataStore -swift-version 5 -I /Users/sho/Library/Developer/Xcode/DerivedData/SwiftViewer-bssesbdltupvekcpvhukylgdztst/Build/Products/Debug -F /Users/sho/Library/Developer/Xcode/DerivedData/SwiftViewer-bssesbdltupvekcpvhukylgdztst/Build/Products/Debug -emit-localized-strings -emit-localized-strings-path /Users/sho/Library/Developer/Xcode/DerivedData/SwiftViewer-bssesbdltupvekcpvhukylgdztst/Build/Intermediates.noindex/SwiftViewer.build/Debug/SwiftViewer.build/Objects-normal/arm64 -c -j20 -enable-batch-mode -incremental -Xcc -ivfsstatcache -Xcc /Users/sho/Library/Developer/Xcode/DerivedData/SDKStatCaches.noindex/macosx15.5-24F74-8254517eb8b97d462ccbc072ba9094c9.sdkstatcache -output-file-map /Users/sho/Library/Developer/Xcode/DerivedData/SwiftViewer-bssesbdltupvekcpvhukylgdztst/Build/Intermediates.noindex/SwiftViewer.build/Debug/SwiftViewer.build/Objects-normal/arm64/SwiftViewer-OutputFileMap.json -use-frontend-parseable-output -save-temps -no-color-diagnostics -serialize-diagnostics -emit-dependencies -emit-module -emit-module-path /Users/sho/Library/Developer/Xcode/DerivedData/SwiftViewer-bssesbdltupvekcpvhukylgdztst/Build/Intermediates.noindex/SwiftViewer.build/Debug/SwiftViewer.build/Objects-normal/arm64/SwiftViewer.swiftmodule -validate-clang-modules-once -clang-build-session-file /Users/sho/Library/Developer/Xcode/DerivedData/ModuleCache.noindex/Session.modulevalidation -Xcc -I/Users/sho/Library/Developer/Xcode/DerivedData/SwiftViewer-bssesbdltupvekcpvhukylgdztst/Build/Intermediates.noindex/SwiftViewer.build/Debug/SwiftViewer.build/swift-overrides.hmap -emit-const-values -Xfrontend -const-gather-protocols-file -Xfrontend /Users/sho/Library/Developer/Xcode/DerivedData/SwiftViewer-bssesbdltupvekcpvhukylgdztst/Build/Intermediates.noindex/SwiftViewer.build/Debug/SwiftViewer.build/Objects-normal/arm64/SwiftViewer_const_extract_protocols.json -Xcc -iquote -Xcc /Users/sho/Library/Developer/Xcode/DerivedData/SwiftViewer-bssesbdltupvekcpvhukylgdztst/Build/Intermediates.noindex/SwiftViewer.build/Debug/SwiftViewer.build/SwiftViewer-generated-files.hmap -Xcc -I/Users/sho/Library/Developer/Xcode/DerivedData/SwiftViewer-bssesbdltupvekcpvhukylgdztst/Build/Intermediates.noindex/SwiftViewer.build/Debug/SwiftViewer.build/SwiftViewer-own-target-headers.hmap -Xcc -I/Users/sho/Library/Developer/Xcode/DerivedData/SwiftViewer-bssesbdltupvekcpvhukylgdztst/Build/Intermediates.noindex/SwiftViewer.build/Debug/SwiftViewer.build/SwiftViewer-all-target-headers.hmap -Xcc -iquote -Xcc /Users/sho/Library/Developer/Xcode/DerivedData/SwiftViewer-bssesbdltupvekcpvhukylgdztst/Build/Intermediates.noindex/SwiftViewer.build/Debug/SwiftViewer.build/SwiftViewer-project-headers.hmap -Xcc -I/Users/sho/Library/Developer/Xcode/DerivedData/SwiftViewer-bssesbdltupvekcpvhukylgdztst/Build/Products/Debug/include -Xcc -I/Users/sho/Library/Developer/Xcode/DerivedData/SwiftViewer-bssesbdltupvekcpvhukylgdztst/Build/Intermediates.noindex/SwiftViewer.build/Debug/SwiftViewer.build/DerivedSources-normal/arm64 -Xcc -I/Users/sho/Library/Developer/Xcode/DerivedData/SwiftViewer-bssesbdltupvekcpvhukylgdztst/Build/Intermediates.noindex/SwiftViewer.build/Debug/SwiftViewer.build/DerivedSources/arm64 -Xcc -I/Users/sho/Library/Developer/Xcode/DerivedData/SwiftViewer-bssesbdltupvekcpvhukylgdztst/Build/Intermediates.noindex/SwiftViewer.build/Debug/SwiftViewer.build/DerivedSources -Xcc -DDEBUG\=1 -emit-objc-header -emit-objc-header-path /Users/sho/Library/Developer/Xcode/DerivedData/SwiftViewer-bssesbdltupvekcpvhukylgdztst/Build/Intermediates.noindex/SwiftViewer.build/Debug/SwiftViewer.build/Objects-normal/arm64/SwiftViewer-Swift.h -working-directory /Users/sho/working/swift/work/SwiftViewer -experimental-emit-module-separately -disable-cmo

ProcessProductPackaging "" /Users/sho/Library/Developer/Xcode/DerivedData/SwiftViewer-bssesbdltupvekcpvhukylgdztst/Build/Intermediates.noindex/SwiftViewer.build/Debug/SwiftViewerUITests.build/SwiftViewerUITests.xctest.xcent (in target 'SwiftViewerUITests' from project 'SwiftViewer')
    cd /Users/sho/working/swift/work/SwiftViewer
    
    Entitlements:
    
    {
    "com.apple.application-identifier" = "TU59724Z2P.oshiire.SwiftViewerUITests.xctrunner";
    "com.apple.security.app-sandbox" = 1;
    "com.apple.security.get-task-allow" = 1;
    "com.apple.security.network.client" = 1;
    "com.apple.security.temporary-exception.files.absolute-path.read-only" =     (
        "/"
    );
    "com.apple.security.temporary-exception.mach-lookup.global-name" =     (
        "com.apple.testmanagerd",
        "com.apple.dt.testmanagerd.runner",
        "com.apple.coresymbolicationd",
        "com.apple.coredevice.version",
        "com.apple.coredevice.service",
        "com.apple.remoted"
    );
    "com.apple.security.temporary-exception.mach-lookup.local-name" =     (
        "com.apple.axserver"
    );
    "com.apple.security.temporary-exception.sbpl" =     (
        "(allow hid-control)",
        "(allow signal)"
    );
}
    
    builtin-productPackagingUtility -entitlements -format xml -o /Users/sho/Library/Developer/Xcode/DerivedData/SwiftViewer-bssesbdltupvekcpvhukylgdztst/Build/Intermediates.noindex/SwiftViewer.build/Debug/SwiftViewerUITests.build/SwiftViewerUITests.xctest.xcent

SwiftDriver SwiftViewerTests normal arm64 com.apple.xcode.tools.swift.compiler (in target 'SwiftViewerTests' from project 'SwiftViewer')
    cd /Users/sho/working/swift/work/SwiftViewer
    builtin-SwiftDriver -- /Applications/Xcode.app/Contents/Developer/Toolchains/XcodeDefault.xctoolchain/usr/bin/swiftc -module-name SwiftViewerTests -Onone -enforce-exclusivity\=checked @/Users/sho/Library/Developer/Xcode/DerivedData/SwiftViewer-bssesbdltupvekcpvhukylgdztst/Build/Intermediates.noindex/SwiftViewer.build/Debug/SwiftViewerTests.build/Objects-normal/arm64/SwiftViewerTests.SwiftFileList -DDEBUG -plugin-path /Applications/Xcode.app/Contents/Developer/Toolchains/XcodeDefault.xctoolchain/usr/lib/swift/host/plugins/testing -enable-bare-slash-regex -enable-experimental-feature DebugDescriptionMacro -sdk /Applications/Xcode.app/Contents/Developer/Platforms/MacOSX.platform/Developer/SDKs/MacOSX15.5.sdk -target arm64-apple-macos14.6 -g -module-cache-path /Users/sho/Library/Developer/Xcode/DerivedData/ModuleCache.noindex -Xfrontend -serialize-debugging-options -profile-coverage-mapping -profile-generate -enable-testing -index-store-path /Users/sho/Library/Developer/Xcode/DerivedData/SwiftViewer-bssesbdltupvekcpvhukylgdztst/Index.noindex/DataStore -swift-version 5 -I /Users/sho/Library/Developer/Xcode/DerivedData/SwiftViewer-bssesbdltupvekcpvhukylgdztst/Build/Products/Debug -I /Applications/Xcode.app/Contents/Developer/Platforms/MacOSX.platform/Developer/usr/lib -F /Users/sho/Library/Developer/Xcode/DerivedData/SwiftViewer-bssesbdltupvekcpvhukylgdztst/Build/Products/Debug -F /Applications/Xcode.app/Contents/Developer/Platforms/MacOSX.platform/Developer/Library/Frameworks -c -j20 -enable-batch-mode -incremental -Xcc -ivfsstatcache -Xcc /Users/sho/Library/Developer/Xcode/DerivedData/SDKStatCaches.noindex/macosx15.5-24F74-8254517eb8b97d462ccbc072ba9094c9.sdkstatcache -output-file-map /Users/sho/Library/Developer/Xcode/DerivedData/SwiftViewer-bssesbdltupvekcpvhukylgdztst/Build/Intermediates.noindex/SwiftViewer.build/Debug/SwiftViewerTests.build/Objects-normal/arm64/SwiftViewerTests-OutputFileMap.json -use-frontend-parseable-output -save-temps -no-color-diagnostics -serialize-diagnostics -emit-dependencies -emit-module -emit-module-path /Users/sho/Library/Developer/Xcode/DerivedData/SwiftViewer-bssesbdltupvekcpvhukylgdztst/Build/Intermediates.noindex/SwiftViewer.build/Debug/SwiftViewerTests.build/Objects-normal/arm64/SwiftViewerTests.swiftmodule -validate-clang-modules-once -clang-build-session-file /Users/sho/Library/Developer/Xcode/DerivedData/ModuleCache.noindex/Session.modulevalidation -Xcc -I/Users/sho/Library/Developer/Xcode/DerivedData/SwiftViewer-bssesbdltupvekcpvhukylgdztst/Build/Intermediates.noindex/SwiftViewer.build/Debug/SwiftViewerTests.build/swift-overrides.hmap -emit-const-values -Xfrontend -const-gather-protocols-file -Xfrontend /Users/sho/Library/Developer/Xcode/DerivedData/SwiftViewer-bssesbdltupvekcpvhukylgdztst/Build/Intermediates.noindex/SwiftViewer.build/Debug/SwiftViewerTests.build/Objects-normal/arm64/SwiftViewerTests_const_extract_protocols.json -Xcc -iquote -Xcc /Users/sho/Library/Developer/Xcode/DerivedData/SwiftViewer-bssesbdltupvekcpvhukylgdztst/Build/Intermediates.noindex/SwiftViewer.build/Debug/SwiftViewerTests.build/SwiftViewerTests-generated-files.hmap -Xcc -I/Users/sho/Library/Developer/Xcode/DerivedData/SwiftViewer-bssesbdltupvekcpvhukylgdztst/Build/Intermediates.noindex/SwiftViewer.build/Debug/SwiftViewerTests.build/SwiftViewerTests-own-target-headers.hmap -Xcc -I/Users/sho/Library/Developer/Xcode/DerivedData/SwiftViewer-bssesbdltupvekcpvhukylgdztst/Build/Intermediates.noindex/SwiftViewer.build/Debug/SwiftViewerTests.build/SwiftViewerTests-all-target-headers.hmap -Xcc -iquote -Xcc /Users/sho/Library/Developer/Xcode/DerivedData/SwiftViewer-bssesbdltupvekcpvhukylgdztst/Build/Intermediates.noindex/SwiftViewer.build/Debug/SwiftViewerTests.build/SwiftViewerTests-project-headers.hmap -Xcc -I/Users/sho/Library/Developer/Xcode/DerivedData/SwiftViewer-bssesbdltupvekcpvhukylgdztst/Build/Products/Debug/include -Xcc -I/Users/sho/Library/Developer/Xcode/DerivedData/SwiftViewer-bssesbdltupvekcpvhukylgdztst/Build/Intermediates.noindex/SwiftViewer.build/Debug/SwiftViewerTests.build/DerivedSources-normal/arm64 -Xcc -I/Users/sho/Library/Developer/Xcode/DerivedData/SwiftViewer-bssesbdltupvekcpvhukylgdztst/Build/Intermediates.noindex/SwiftViewer.build/Debug/SwiftViewerTests.build/DerivedSources/arm64 -Xcc -I/Users/sho/Library/Developer/Xcode/DerivedData/SwiftViewer-bssesbdltupvekcpvhukylgdztst/Build/Intermediates.noindex/SwiftViewer.build/Debug/SwiftViewerTests.build/DerivedSources -Xcc -DDEBUG\=1 -emit-objc-header -emit-objc-header-path /Users/sho/Library/Developer/Xcode/DerivedData/SwiftViewer-bssesbdltupvekcpvhukylgdztst/Build/Intermediates.noindex/SwiftViewer.build/Debug/SwiftViewerTests.build/Objects-normal/arm64/SwiftViewerTests-Swift.h -working-directory /Users/sho/working/swift/work/SwiftViewer -experimental-emit-module-separately -disable-cmo

ProcessProductPackagingDER /Users/sho/Library/Developer/Xcode/DerivedData/SwiftViewer-bssesbdltupvekcpvhukylgdztst/Build/Intermediates.noindex/SwiftViewer.build/Debug/SwiftViewerUITests.build/SwiftViewerUITests.xctest.xcent /Users/sho/Library/Developer/Xcode/DerivedData/SwiftViewer-bssesbdltupvekcpvhukylgdztst/Build/Intermediates.noindex/SwiftViewer.build/Debug/SwiftViewerUITests.build/SwiftViewerUITests.xctest.xcent.der (in target 'SwiftViewerUITests' from project 'SwiftViewer')
    cd /Users/sho/working/swift/work/SwiftViewer
    /usr/bin/derq query -f xml -i /Users/sho/Library/Developer/Xcode/DerivedData/SwiftViewer-bssesbdltupvekcpvhukylgdztst/Build/Intermediates.noindex/SwiftViewer.build/Debug/SwiftViewerUITests.build/SwiftViewerUITests.xctest.xcent -o /Users/sho/Library/Developer/Xcode/DerivedData/SwiftViewer-bssesbdltupvekcpvhukylgdztst/Build/Intermediates.noindex/SwiftViewer.build/Debug/SwiftViewerUITests.build/SwiftViewerUITests.xctest.xcent.der --raw

Ld /Users/sho/Library/Developer/Xcode/DerivedData/SwiftViewer-bssesbdltupvekcpvhukylgdztst/Build/Products/Debug/SwiftViewer.app/Contents/MacOS/SwiftViewer.debug.dylib normal (in target 'SwiftViewer' from project 'SwiftViewer')
    cd /Users/sho/working/swift/work/SwiftViewer
    /Applications/Xcode.app/Contents/Developer/Toolchains/XcodeDefault.xctoolchain/usr/bin/clang -Xlinker -reproducible -target arm64-apple-macos14.6 -dynamiclib -isysroot /Applications/Xcode.app/Contents/Developer/Platforms/MacOSX.platform/Developer/SDKs/MacOSX15.5.sdk -O0 -L/Users/sho/Library/Developer/Xcode/DerivedData/SwiftViewer-bssesbdltupvekcpvhukylgdztst/Build/Intermediates.noindex/EagerLinkingTBDs/Debug -L/Users/sho/Library/Developer/Xcode/DerivedData/SwiftViewer-bssesbdltupvekcpvhukylgdztst/Build/Products/Debug -F/Users/sho/Library/Developer/Xcode/DerivedData/SwiftViewer-bssesbdltupvekcpvhukylgdztst/Build/Intermediates.noindex/EagerLinkingTBDs/Debug -F/Users/sho/Library/Developer/Xcode/DerivedData/SwiftViewer-bssesbdltupvekcpvhukylgdztst/Build/Products/Debug -filelist /Users/sho/Library/Developer/Xcode/DerivedData/SwiftViewer-bssesbdltupvekcpvhukylgdztst/Build/Intermediates.noindex/SwiftViewer.build/Debug/SwiftViewer.build/Objects-normal/arm64/SwiftViewer.LinkFileList -install_name @rpath/SwiftViewer.debug.dylib -Xlinker -rpath -Xlinker @executable_path/../Frameworks -Xlinker -object_path_lto -Xlinker /Users/sho/Library/Developer/Xcode/DerivedData/SwiftViewer-bssesbdltupvekcpvhukylgdztst/Build/Intermediates.noindex/SwiftViewer.build/Debug/SwiftViewer.build/Objects-normal/arm64/SwiftViewer_lto.o -rdynamic -Xlinker -no_deduplicate -Xlinker -debug_variant -Xlinker -dependency_info -Xlinker /Users/sho/Library/Developer/Xcode/DerivedData/SwiftViewer-bssesbdltupvekcpvhukylgdztst/Build/Intermediates.noindex/SwiftViewer.build/Debug/SwiftViewer.build/Objects-normal/arm64/SwiftViewer_dependency_info.dat -fobjc-link-runtime -fprofile-instr-generate -L/Applications/Xcode.app/Contents/Developer/Toolchains/XcodeDefault.xctoolchain/usr/lib/swift/macosx -L/usr/lib/swift -Xlinker -add_ast_path -Xlinker /Users/sho/Library/Developer/Xcode/DerivedData/SwiftViewer-bssesbdltupvekcpvhukylgdztst/Build/Intermediates.noindex/SwiftViewer.build/Debug/SwiftViewer.build/Objects-normal/arm64/SwiftViewer.swiftmodule -Xlinker -alias -Xlinker _main -Xlinker ___debug_main_executable_dylib_entry_point -Xlinker -no_adhoc_codesign -o /Users/sho/Library/Developer/Xcode/DerivedData/SwiftViewer-bssesbdltupvekcpvhukylgdztst/Build/Products/Debug/SwiftViewer.app/Contents/MacOS/SwiftViewer.debug.dylib

SwiftDriver SwiftViewerUITests normal arm64 com.apple.xcode.tools.swift.compiler (in target 'SwiftViewerUITests' from project 'SwiftViewer')
    cd /Users/sho/working/swift/work/SwiftViewer
    builtin-SwiftDriver -- /Applications/Xcode.app/Contents/Developer/Toolchains/XcodeDefault.xctoolchain/usr/bin/swiftc -module-name SwiftViewerUITests -Onone -enforce-exclusivity\=checked @/Users/sho/Library/Developer/Xcode/DerivedData/SwiftViewer-bssesbdltupvekcpvhukylgdztst/Build/Intermediates.noindex/SwiftViewer.build/Debug/SwiftViewerUITests.build/Objects-normal/arm64/SwiftViewerUITests.SwiftFileList -DDEBUG -module-alias Testing\=_Testing_Unavailable -plugin-path /Applications/Xcode.app/Contents/Developer/Toolchains/XcodeDefault.xctoolchain/usr/lib/swift/host/plugins/testing -enable-bare-slash-regex -enable-experimental-feature DebugDescriptionMacro -sdk /Applications/Xcode.app/Contents/Developer/Platforms/MacOSX.platform/Developer/SDKs/MacOSX15.5.sdk -target arm64-apple-macos14.6 -g -module-cache-path /Users/sho/Library/Developer/Xcode/DerivedData/ModuleCache.noindex -Xfrontend -serialize-debugging-options -profile-coverage-mapping -profile-generate -enable-testing -index-store-path /Users/sho/Library/Developer/Xcode/DerivedData/SwiftViewer-bssesbdltupvekcpvhukylgdztst/Index.noindex/DataStore -swift-version 5 -I /Users/sho/Library/Developer/Xcode/DerivedData/SwiftViewer-bssesbdltupvekcpvhukylgdztst/Build/Products/Debug -I /Applications/Xcode.app/Contents/Developer/Platforms/MacOSX.platform/Developer/usr/lib -F /Users/sho/Library/Developer/Xcode/DerivedData/SwiftViewer-bssesbdltupvekcpvhukylgdztst/Build/Products/Debug -F /Applications/Xcode.app/Contents/Developer/Platforms/MacOSX.platform/Developer/Library/Frameworks -c -j20 -enable-batch-mode -incremental -Xcc -ivfsstatcache -Xcc /Users/sho/Library/Developer/Xcode/DerivedData/SDKStatCaches.noindex/macosx15.5-24F74-8254517eb8b97d462ccbc072ba9094c9.sdkstatcache -output-file-map /Users/sho/Library/Developer/Xcode/DerivedData/SwiftViewer-bssesbdltupvekcpvhukylgdztst/Build/Intermediates.noindex/SwiftViewer.build/Debug/SwiftViewerUITests.build/Objects-normal/arm64/SwiftViewerUITests-OutputFileMap.json -use-frontend-parseable-output -save-temps -no-color-diagnostics -serialize-diagnostics -emit-dependencies -emit-module -emit-module-path /Users/sho/Library/Developer/Xcode/DerivedData/SwiftViewer-bssesbdltupvekcpvhukylgdztst/Build/Intermediates.noindex/SwiftViewer.build/Debug/SwiftViewerUITests.build/Objects-normal/arm64/SwiftViewerUITests.swiftmodule -validate-clang-modules-once -clang-build-session-file /Users/sho/Library/Developer/Xcode/DerivedData/ModuleCache.noindex/Session.modulevalidation -Xcc -I/Users/sho/Library/Developer/Xcode/DerivedData/SwiftViewer-bssesbdltupvekcpvhukylgdztst/Build/Intermediates.noindex/SwiftViewer.build/Debug/SwiftViewerUITests.build/swift-overrides.hmap -emit-const-values -Xfrontend -const-gather-protocols-file -Xfrontend /Users/sho/Library/Developer/Xcode/DerivedData/SwiftViewer-bssesbdltupvekcpvhukylgdztst/Build/Intermediates.noindex/SwiftViewer.build/Debug/SwiftViewerUITests.build/Objects-normal/arm64/SwiftViewerUITests_const_extract_protocols.json -Xcc -iquote -Xcc /Users/sho/Library/Developer/Xcode/DerivedData/SwiftViewer-bssesbdltupvekcpvhukylgdztst/Build/Intermediates.noindex/SwiftViewer.build/Debug/SwiftViewerUITests.build/SwiftViewerUITests-generated-files.hmap -Xcc -I/Users/sho/Library/Developer/Xcode/DerivedData/SwiftViewer-bssesbdltupvekcpvhukylgdztst/Build/Intermediates.noindex/SwiftViewer.build/Debug/SwiftViewerUITests.build/SwiftViewerUITests-own-target-headers.hmap -Xcc -I/Users/sho/Library/Developer/Xcode/DerivedData/SwiftViewer-bssesbdltupvekcpvhukylgdztst/Build/Intermediates.noindex/SwiftViewer.build/Debug/SwiftViewerUITests.build/SwiftViewerUITests-all-target-headers.hmap -Xcc -iquote -Xcc /Users/sho/Library/Developer/Xcode/DerivedData/SwiftViewer-bssesbdltupvekcpvhukylgdztst/Build/Intermediates.noindex/SwiftViewer.build/Debug/SwiftViewerUITests.build/SwiftViewerUITests-project-headers.hmap -Xcc -I/Users/sho/Library/Developer/Xcode/DerivedData/SwiftViewer-bssesbdltupvekcpvhukylgdztst/Build/Products/Debug/include -Xcc -I/Users/sho/Library/Developer/Xcode/DerivedData/SwiftViewer-bssesbdltupvekcpvhukylgdztst/Build/Intermediates.noindex/SwiftViewer.build/Debug/SwiftViewerUITests.build/DerivedSources-normal/arm64 -Xcc -I/Users/sho/Library/Developer/Xcode/DerivedData/SwiftViewer-bssesbdltupvekcpvhukylgdztst/Build/Intermediates.noindex/SwiftViewer.build/Debug/SwiftViewerUITests.build/DerivedSources/arm64 -Xcc -I/Users/sho/Library/Developer/Xcode/DerivedData/SwiftViewer-bssesbdltupvekcpvhukylgdztst/Build/Intermediates.noindex/SwiftViewer.build/Debug/SwiftViewerUITests.build/DerivedSources -Xcc -DDEBUG\=1 -emit-objc-header -emit-objc-header-path /Users/sho/Library/Developer/Xcode/DerivedData/SwiftViewer-bssesbdltupvekcpvhukylgdztst/Build/Intermediates.noindex/SwiftViewer.build/Debug/SwiftViewerUITests.build/Objects-normal/arm64/SwiftViewerUITests-Swift.h -working-directory /Users/sho/working/swift/work/SwiftViewer -experimental-emit-module-separately -disable-cmo

SwiftCompile normal arm64 Compiling\ SwiftViewerUITests.swift /Users/sho/working/swift/work/SwiftViewer/SwiftViewerUITests/SwiftViewerUITests.swift (in target 'SwiftViewerUITests' from project 'SwiftViewer')
SwiftCompile normal arm64 /Users/sho/working/swift/work/SwiftViewer/SwiftViewerUITests/SwiftViewerUITests.swift (in target 'SwiftViewerUITests' from project 'SwiftViewer')
    cd /Users/sho/working/swift/work/SwiftViewer
    

SwiftCompile normal arm64 Compiling\ SwiftViewerUITestsLaunchTests.swift /Users/sho/working/swift/work/SwiftViewer/SwiftViewerUITests/SwiftViewerUITestsLaunchTests.swift (in target 'SwiftViewerUITests' from project 'SwiftViewer')
SwiftCompile normal arm64 /Users/sho/working/swift/work/SwiftViewer/SwiftViewerUITests/SwiftViewerUITestsLaunchTests.swift (in target 'SwiftViewerUITests' from project 'SwiftViewer')
    cd /Users/sho/working/swift/work/SwiftViewer
    

SwiftEmitModule normal arm64 Emitting\ module\ for\ SwiftViewerUITests (in target 'SwiftViewerUITests' from project 'SwiftViewer')

EmitSwiftModule normal arm64 (in target 'SwiftViewerUITests' from project 'SwiftViewer')
    cd /Users/sho/working/swift/work/SwiftViewer
    

SwiftCompile normal arm64 Compiling\ ImageFileTests.swift,\ PluginExecutionContextTests.swift /Users/sho/working/swift/work/SwiftViewer/SwiftViewerTests/Models/ImageFileTests.swift /Users/sho/working/swift/work/SwiftViewer/SwiftViewerTests/Plugins/PluginExecutionContextTests.swift (in target 'SwiftViewerTests' from project 'SwiftViewer')
SwiftCompile normal arm64 /Users/sho/working/swift/work/SwiftViewer/SwiftViewerTests/Models/ImageFileTests.swift (in target 'SwiftViewerTests' from project 'SwiftViewer')
    cd /Users/sho/working/swift/work/SwiftViewer
    

SwiftCompile normal arm64 /Users/sho/working/swift/work/SwiftViewer/SwiftViewerTests/Plugins/PluginExecutionContextTests.swift (in target 'SwiftViewerTests' from project 'SwiftViewer')
    cd /Users/sho/working/swift/work/SwiftViewer
    
/Users/sho/working/swift/work/SwiftViewer/SwiftViewerTests/Plugins/PluginExecutionContextTests.swift:204:1: warning: extension declares a conformance of imported type 'ContextStatus' to imported protocol 'Equatable'; this will not behave correctly if the owners of 'SwiftViewer' introduce this conformance in the future
extension ContextStatus: Equatable {
^
/Users/sho/working/swift/work/SwiftViewer/SwiftViewerTests/Plugins/PluginExecutionContextTests.swift:204:1: note: add '@retroactive' to silence this warning
extension ContextStatus: Equatable {
^                        ~~~~~~~~~
                         @retroactive Equatable

SwiftCompile normal arm64 Compiling\ SwiftViewerTests.swift,\ ControlButtonStyleTests.swift /Users/sho/working/swift/work/SwiftViewer/SwiftViewerTests/SwiftViewerTests.swift /Users/sho/working/swift/work/SwiftViewer/SwiftViewerTests/Views/Components/ControlButtonStyleTests.swift (in target 'SwiftViewerTests' from project 'SwiftViewer')

SwiftCompile normal arm64 /Users/sho/working/swift/work/SwiftViewer/SwiftViewerTests/SwiftViewerTests.swift (in target 'SwiftViewerTests' from project 'SwiftViewer')
    cd /Users/sho/working/swift/work/SwiftViewer
    

SwiftCompile normal arm64 /Users/sho/working/swift/work/SwiftViewer/SwiftViewerTests/Views/Components/ControlButtonStyleTests.swift (in target 'SwiftViewerTests' from project 'SwiftViewer')
    cd /Users/sho/working/swift/work/SwiftViewer
    

SwiftCompile normal arm64 Compiling\ TransitionPluginTests.swift,\ PluginRegistryTests.swift /Users/sho/working/swift/work/SwiftViewer/SwiftViewerTests/Plugins/TransitionPluginTests.swift /Users/sho/working/swift/work/SwiftViewer/SwiftViewerTests/Plugins/PluginRegistryTests.swift (in target 'SwiftViewerTests' from project 'SwiftViewer')
SwiftCompile normal arm64 /Users/sho/working/swift/work/SwiftViewer/SwiftViewerTests/Plugins/TransitionPluginTests.swift (in target 'SwiftViewerTests' from project 'SwiftViewer')
    cd /Users/sho/working/swift/work/SwiftViewer
    
/Users/sho/working/swift/work/SwiftViewer/SwiftViewerTests/Plugins/TransitionPluginTests.swift:133:9: warning: main actor-isolated property 'metadata' cannot be used to satisfy nonisolated requirement from protocol 'PluginProtocol'; this is an error in the Swift 6 language mode
    let metadata = PluginMetadata(
        ^
/Users/sho/working/swift/work/SwiftViewer/SwiftViewer/Plugins/Core/PluginProtocol.swift:76:9: note: requirement 'metadata' declared here
    var metadata: PluginMetadata { get }
        ^
/Users/sho/working/swift/work/SwiftViewer/SwiftViewerTests/Plugins/TransitionPluginTests.swift:142:9: warning: main actor-isolated property 'isActive' cannot be used to satisfy nonisolated requirement from protocol 'PluginProtocol'; this is an error in the Swift 6 language mode
    var isActive: Bool = false
        ^
/Users/sho/working/swift/work/SwiftViewer/SwiftViewer/Plugins/Core/PluginProtocol.swift:79:9: note: requirement 'isActive' declared here
    var isActive: Bool { get }
        ^

SwiftCompile normal arm64 /Users/sho/working/swift/work/SwiftViewer/SwiftViewerTests/Plugins/PluginRegistryTests.swift (in target 'SwiftViewerTests' from project 'SwiftViewer')
    cd /Users/sho/working/swift/work/SwiftViewer
    

SwiftCompile normal arm64 Compiling\ BlurredImageBackgroundTests.swift,\ SimpleAnimatedImageViewTests.swift /Users/sho/working/swift/work/SwiftViewer/SwiftViewerTests/Views/Components/BlurredImageBackgroundTests.swift /Users/sho/working/swift/work/SwiftViewer/SwiftViewerTests/Views/Components/SimpleAnimatedImageViewTests.swift (in target 'SwiftViewerTests' from project 'SwiftViewer')

SwiftCompile normal arm64 /Users/sho/working/swift/work/SwiftViewer/SwiftViewerTests/Views/Components/BlurredImageBackgroundTests.swift (in target 'SwiftViewerTests' from project 'SwiftViewer')
    cd /Users/sho/working/swift/work/SwiftViewer
    

SwiftCompile normal arm64 /Users/sho/working/swift/work/SwiftViewer/SwiftViewerTests/Views/Components/SimpleAnimatedImageViewTests.swift (in target 'SwiftViewerTests' from project 'SwiftViewer')
    cd /Users/sho/working/swift/work/SwiftViewer
    

SwiftCompile normal arm64 Compiling\ ViewLoggingIntegrationTests.swift,\ ImageGalleryViewModelTests.swift /Users/sho/working/swift/work/SwiftViewer/SwiftViewerTests/Views/ViewLoggingIntegrationTests.swift /Users/sho/working/swift/work/SwiftViewer/SwiftViewerTests/ViewModels/ImageGalleryViewModelTests.swift (in target 'SwiftViewerTests' from project 'SwiftViewer')

SwiftCompile normal arm64 /Users/sho/working/swift/work/SwiftViewer/SwiftViewerTests/Views/ViewLoggingIntegrationTests.swift (in target 'SwiftViewerTests' from project 'SwiftViewer')
    cd /Users/sho/working/swift/work/SwiftViewer
    

SwiftCompile normal arm64 /Users/sho/working/swift/work/SwiftViewer/SwiftViewerTests/ViewModels/ImageGalleryViewModelTests.swift (in target 'SwiftViewerTests' from project 'SwiftViewer')
    cd /Users/sho/working/swift/work/SwiftViewer
    

SwiftCompile normal arm64 Compiling\ PluginConfigurationUITests.swift,\ RepeatModeTests.swift /Users/sho/working/swift/work/SwiftViewer/SwiftViewerTests/Plugins/PluginConfigurationUITests.swift /Users/sho/working/swift/work/SwiftViewer/SwiftViewerTests/ViewModels/RepeatModeTests.swift (in target 'SwiftViewerTests' from project 'SwiftViewer')

SwiftCompile normal arm64 /Users/sho/working/swift/work/SwiftViewer/SwiftViewerTests/Plugins/PluginConfigurationUITests.swift (in target 'SwiftViewerTests' from project 'SwiftViewer')
    cd /Users/sho/working/swift/work/SwiftViewer
    

SwiftCompile normal arm64 /Users/sho/working/swift/work/SwiftViewer/SwiftViewerTests/ViewModels/RepeatModeTests.swift (in target 'SwiftViewerTests' from project 'SwiftViewer')
    cd /Users/sho/working/swift/work/SwiftViewer
    

SwiftCompile normal arm64 Compiling\ PluginErrorHandlingTests.swift,\ PluginLoaderTests.swift /Users/sho/working/swift/work/SwiftViewer/SwiftViewerTests/Plugins/PluginErrorHandlingTests.swift /Users/sho/working/swift/work/SwiftViewer/SwiftViewerTests/Plugins/PluginLoaderTests.swift (in target 'SwiftViewerTests' from project 'SwiftViewer')
SwiftCompile normal arm64 /Users/sho/working/swift/work/SwiftViewer/SwiftViewerTests/Plugins/PluginErrorHandlingTests.swift (in target 'SwiftViewerTests' from project 'SwiftViewer')
    cd /Users/sho/working/swift/work/SwiftViewer
    

SwiftCompile normal arm64 /Users/sho/working/swift/work/SwiftViewer/SwiftViewerTests/Plugins/PluginLoaderTests.swift (in target 'SwiftViewerTests' from project 'SwiftViewer')
    cd /Users/sho/working/swift/work/SwiftViewer
    
/Users/sho/working/swift/work/SwiftViewer/SwiftViewerTests/Plugins/PluginLoaderTests.swift:30:13: warning: initialization of immutable value 'validBundle' was never used; consider replacing with assignment to '_' or removing it
        let validBundle = createValidPluginBundle(
        ~~~~^~~~~~~~~~~
        _
/Users/sho/working/swift/work/SwiftViewer/SwiftViewerTests/Plugins/PluginLoaderTests.swift:52:13: warning: initialization of immutable value 'failingBundle' was never used; consider replacing with assignment to '_' or removing it
        let failingBundle = createFailingPluginBundle(
        ~~~~^~~~~~~~~~~~~
        _
/Users/sho/working/swift/work/SwiftViewer/SwiftViewerTests/Plugins/PluginLoaderTests.swift:104:13: warning: initialization of immutable value 'validBundle' was never used; consider replacing with assignment to '_' or removing it
        let validBundle = createValidPluginBundle(
        ~~~~^~~~~~~~~~~
        _
/Users/sho/working/swift/work/SwiftViewer/SwiftViewerTests/Plugins/PluginLoaderTests.swift:123:13: warning: initialization of immutable value 'failingInitBundle' was never used; consider replacing with assignment to '_' or removing it
        let failingInitBundle = createFailingInitPluginBundle(
        ~~~~^~~~~~~~~~~~~~~~~
        _
/Users/sho/working/swift/work/SwiftViewer/SwiftViewerTests/Plugins/PluginLoaderTests.swift:167:13: warning: initialization of immutable value 'validBundle' was never used; consider replacing with assignment to '_' or removing it
        let validBundle = createValidPluginBundle(
        ~~~~^~~~~~~~~~~
        _
/Users/sho/working/swift/work/SwiftViewer/SwiftViewerTests/Plugins/PluginLoaderTests.swift:189:13: warning: initialization of immutable value 'failingBundle' was never used; consider replacing with assignment to '_' or removing it
        let failingBundle = createFailingPluginBundle(
        ~~~~^~~~~~~~~~~~~
        _
/Users/sho/working/swift/work/SwiftViewer/SwiftViewerTests/Plugins/PluginLoaderTests.swift:208:13: warning: initialization of immutable value 'resourceHeavyBundle' was never used; consider replacing with assignment to '_' or removing it
        let resourceHeavyBundle = createResourceHeavyPluginBundle(
        ~~~~^~~~~~~~~~~~~~~~~~~
        _
/Users/sho/working/swift/work/SwiftViewer/SwiftViewerTests/Plugins/PluginLoaderTests.swift:235:13: warning: initialization of immutable value 'bundle1' was never used; consider replacing with assignment to '_' or removing it
        let bundle1 = createValidPluginBundle(
        ~~~~^~~~~~~
        _
/Users/sho/working/swift/work/SwiftViewer/SwiftViewerTests/Plugins/PluginLoaderTests.swift:240:13: warning: initialization of immutable value 'bundle2' was never used; consider replacing with assignment to '_' or removing it
        let bundle2 = createValidPluginBundle(
        ~~~~^~~~~~~
        _
/Users/sho/working/swift/work/SwiftViewer/SwiftViewerTests/Plugins/PluginLoaderTests.swift:271:13: warning: initialization of immutable value 'validBundle' was never used; consider replacing with assignment to '_' or removing it
        let validBundle = createValidPluginBundle(
        ~~~~^~~~~~~~~~~
        _
/Users/sho/working/swift/work/SwiftViewer/SwiftViewerTests/Plugins/PluginLoaderTests.swift:424:19: warning: value 'tempDir' was defined but never used; consider replacing with boolean test
        guard let tempDir = tempDirectory else {
              ~~~~^~~~~~~~~~
                                          != nil
/Users/sho/working/swift/work/SwiftViewer/SwiftViewerTests/Plugins/PluginLoaderTests.swift:439:19: warning: value 'tempDir' was defined but never used; consider replacing with boolean test
        guard let tempDir = tempDirectory else {
              ~~~~^~~~~~~~~~
                                          != nil

SwiftCompile normal arm64 Compiling\ SlideTransitionPluginTests.swift,\ ScaleTransitionPluginTests.swift /Users/sho/working/swift/work/SwiftViewer/SwiftViewerTests/Plugins/SlideTransitionPluginTests.swift /Users/sho/working/swift/work/SwiftViewer/SwiftViewerTests/Plugins/ScaleTransitionPluginTests.swift (in target 'SwiftViewerTests' from project 'SwiftViewer')

SwiftCompile normal arm64 /Users/sho/working/swift/work/SwiftViewer/SwiftViewerTests/Plugins/SlideTransitionPluginTests.swift (in target 'SwiftViewerTests' from project 'SwiftViewer')
    cd /Users/sho/working/swift/work/SwiftViewer
    

SwiftCompile normal arm64 /Users/sho/working/swift/work/SwiftViewer/SwiftViewerTests/Plugins/ScaleTransitionPluginTests.swift (in target 'SwiftViewerTests' from project 'SwiftViewer')
    cd /Users/sho/working/swift/work/SwiftViewer
    

SwiftCompile normal arm64 Compiling\ SlideShowServiceTests.swift,\ ImageGalleryViewBlurTests.swift /Users/sho/working/swift/work/SwiftViewer/SwiftViewerTests/Services/SlideShowServiceTests.swift /Users/sho/working/swift/work/SwiftViewer/SwiftViewerTests/Views/ImageGalleryViewBlurTests.swift (in target 'SwiftViewerTests' from project 'SwiftViewer')

SwiftCompile normal arm64 /Users/sho/working/swift/work/SwiftViewer/SwiftViewerTests/Services/SlideShowServiceTests.swift (in target 'SwiftViewerTests' from project 'SwiftViewer')
    cd /Users/sho/working/swift/work/SwiftViewer
    
/Users/sho/working/swift/work/SwiftViewer/SwiftViewerTests/Services/SlideShowServiceTests.swift:46:13: warning: initialization of immutable value 'startTime' was never used; consider replacing with assignment to '_' or removing it
        let startTime = Date()
        ~~~~^~~~~~~~~
        _

SwiftCompile normal arm64 /Users/sho/working/swift/work/SwiftViewer/SwiftViewerTests/Views/ImageGalleryViewBlurTests.swift (in target 'SwiftViewerTests' from project 'SwiftViewer')
    cd /Users/sho/working/swift/work/SwiftViewer
    

SwiftCompile normal arm64 Compiling\ MenuCommandsTests.swift,\ ImageGalleryViewTests.swift /Users/sho/working/swift/work/SwiftViewer/SwiftViewerTests/Commands/MenuCommandsTests.swift /Users/sho/working/swift/work/SwiftViewer/SwiftViewerTests/Views/ImageGalleryViewTests.swift (in target 'SwiftViewerTests' from project 'SwiftViewer')

SwiftCompile normal arm64 /Users/sho/working/swift/work/SwiftViewer/SwiftViewerTests/Commands/MenuCommandsTests.swift (in target 'SwiftViewerTests' from project 'SwiftViewer')
    cd /Users/sho/working/swift/work/SwiftViewer
    

SwiftCompile normal arm64 /Users/sho/working/swift/work/SwiftViewer/SwiftViewerTests/Views/ImageGalleryViewTests.swift (in target 'SwiftViewerTests' from project 'SwiftViewer')
    cd /Users/sho/working/swift/work/SwiftViewer
    
/Users/sho/working/swift/work/SwiftViewer/SwiftViewerTests/Views/ImageGalleryViewTests.swift:372:14: warning: immutable value 'index' was never used; consider replacing with '_' or removing it
        for (index, gifFile) in gifFiles.enumerated() {
             ^~~~~
             _

SwiftCompile normal arm64 Compiling\ SettingsManagerTests.swift,\ SettingsTypesTests.swift /Users/sho/working/swift/work/SwiftViewer/SwiftViewerTests/Services/SettingsManagerTests.swift /Users/sho/working/swift/work/SwiftViewer/SwiftViewerTests/Models/SettingsTypesTests.swift (in target 'SwiftViewerTests' from project 'SwiftViewer')

SwiftCompile normal arm64 /Users/sho/working/swift/work/SwiftViewer/SwiftViewerTests/Services/SettingsManagerTests.swift (in target 'SwiftViewerTests' from project 'SwiftViewer')
    cd /Users/sho/working/swift/work/SwiftViewer
    

SwiftCompile normal arm64 /Users/sho/working/swift/work/SwiftViewer/SwiftViewerTests/Models/SettingsTypesTests.swift (in target 'SwiftViewerTests' from project 'SwiftViewer')
    cd /Users/sho/working/swift/work/SwiftViewer
    

SwiftCompile normal arm64 Compiling\ SlideShowViewModelTests.swift,\ StateManagementTests.swift /Users/sho/working/swift/work/SwiftViewer/SwiftViewerTests/ViewModels/SlideShowViewModelTests.swift /Users/sho/working/swift/work/SwiftViewer/SwiftViewerTests/Views/StateManagementTests.swift (in target 'SwiftViewerTests' from project 'SwiftViewer')

SwiftCompile normal arm64 /Users/sho/working/swift/work/SwiftViewer/SwiftViewerTests/ViewModels/SlideShowViewModelTests.swift (in target 'SwiftViewerTests' from project 'SwiftViewer')
    cd /Users/sho/working/swift/work/SwiftViewer
    

SwiftCompile normal arm64 /Users/sho/working/swift/work/SwiftViewer/SwiftViewerTests/Views/StateManagementTests.swift (in target 'SwiftViewerTests' from project 'SwiftViewer')
    cd /Users/sho/working/swift/work/SwiftViewer
    
/Users/sho/working/swift/work/SwiftViewer/SwiftViewerTests/Views/StateManagementTests.swift:141:13: warning: initialization of immutable value 'testFolderURL' was never used; consider replacing with assignment to '_' or removing it
        let testFolderURL = URL(fileURLWithPath: "/test/folder")
        ~~~~^~~~~~~~~~~~~
        _

SwiftCompile normal arm64 Compiling\ SlideShowControlsViewTests.swift,\ PluginSettingsIntegrationTests.swift /Users/sho/working/swift/work/SwiftViewer/SwiftViewerTests/Views/Components/SlideShowControlsViewTests.swift /Users/sho/working/swift/work/SwiftViewer/SwiftViewerTests/Plugins/PluginSettingsIntegrationTests.swift (in target 'SwiftViewerTests' from project 'SwiftViewer')

SwiftCompile normal arm64 /Users/sho/working/swift/work/SwiftViewer/SwiftViewerTests/Views/Components/SlideShowControlsViewTests.swift (in target 'SwiftViewerTests' from project 'SwiftViewer')
    cd /Users/sho/working/swift/work/SwiftViewer
    
/Users/sho/working/swift/work/SwiftViewer/SwiftViewerTests/Views/Components/SlideShowControlsViewTests.swift:16:13: warning: variable 'previousCalled' was written to, but never read
        var previousCalled = false
            ^
/Users/sho/working/swift/work/SwiftViewer/SwiftViewerTests/Views/Components/SlideShowControlsViewTests.swift:17:13: warning: variable 'toggleCalled' was written to, but never read
        var toggleCalled = false
            ^
/Users/sho/working/swift/work/SwiftViewer/SwiftViewerTests/Views/Components/SlideShowControlsViewTests.swift:18:13: warning: variable 'nextCalled' was written to, but never read
        var nextCalled = false
            ^
/Users/sho/working/swift/work/SwiftViewer/SwiftViewerTests/Views/Components/SlideShowControlsViewTests.swift:19:13: warning: variable 'repeatCalled' was written to, but never read
        var repeatCalled = false
            ^
/Users/sho/working/swift/work/SwiftViewer/SwiftViewerTests/Views/Components/SlideShowControlsViewTests.swift:42:13: warning: variable 'previousCalled' was written to, but never read
        var previousCalled = false
            ^
/Users/sho/working/swift/work/SwiftViewer/SwiftViewerTests/Views/Components/SlideShowControlsViewTests.swift:43:13: warning: variable 'toggleCalled' was written to, but never read
        var toggleCalled = false
            ^
/Users/sho/working/swift/work/SwiftViewer/SwiftViewerTests/Views/Components/SlideShowControlsViewTests.swift:44:13: warning: variable 'nextCalled' was written to, but never read
        var nextCalled = false
            ^
/Users/sho/working/swift/work/SwiftViewer/SwiftViewerTests/Views/Components/SlideShowControlsViewTests.swift:45:13: warning: variable 'progressTappedIndex' was written to, but never read
        var progressTappedIndex: Int?
            ^

SwiftCompile normal arm64 /Users/sho/working/swift/work/SwiftViewer/SwiftViewerTests/Plugins/PluginSettingsIntegrationTests.swift (in target 'SwiftViewerTests' from project 'SwiftViewer')
    cd /Users/sho/working/swift/work/SwiftViewer
    
/Users/sho/working/swift/work/SwiftViewer/SwiftViewerTests/Plugins/PluginSettingsIntegrationTests.swift:268:9: warning: main actor-isolated property 'configuration' cannot be used to satisfy nonisolated requirement from protocol 'ConfigurablePluginProtocol'; this is an error in the Swift 6 language mode
    var configuration: [String: String] = [:]
        ^
/Users/sho/working/swift/work/SwiftViewer/SwiftViewerTests/Plugins/PluginSettingsIntegrationTests.swift:266:45: note: add '@preconcurrency' to the 'ConfigurablePluginProtocol' conformance to defer isolation checking to run time
private final class MockConfigurablePlugin: ConfigurablePluginProtocol {
                                            ^
                                            @preconcurrency 
/Users/sho/working/swift/work/SwiftViewer/SwiftViewer/Plugins/Core/PluginSettingsManager.swift:18:9: note: requirement 'configuration' declared here
    var configuration: [String: String] { get set }
        ^
/Users/sho/working/swift/work/SwiftViewer/SwiftViewerTests/Plugins/PluginSettingsIntegrationTests.swift:274:10: warning: main actor-isolated instance method 'updateConfiguration' cannot be used to satisfy nonisolated requirement from protocol 'ConfigurablePluginProtocol'; this is an error in the Swift 6 language mode
    func updateConfiguration(_ newConfiguration: [String: String]) {
         ^
/Users/sho/working/swift/work/SwiftViewer/SwiftViewerTests/Plugins/PluginSettingsIntegrationTests.swift:274:10: note: add 'nonisolated' to 'updateConfiguration' to make this instance method not isolated to the actor
    func updateConfiguration(_ newConfiguration: [String: String]) {
         ^
    nonisolated 
/Users/sho/working/swift/work/SwiftViewer/SwiftViewer/Plugins/Core/PluginSettingsManager.swift:22:10: note: mark the protocol requirement 'updateConfiguration' 'async' to allow actor-isolated conformances
    func updateConfiguration(_ newConfiguration: [String: String])
         ^
/Users/sho/working/swift/work/SwiftViewer/SwiftViewerTests/Plugins/PluginSettingsIntegrationTests.swift:278:10: warning: main actor-isolated instance method 'getConfigurationView()' cannot be used to satisfy nonisolated requirement from protocol 'ConfigurablePluginProtocol'; this is an error in the Swift 6 language mode
    func getConfigurationView() -> any PluginConfigurationViewProtocol {
         ^
/Users/sho/working/swift/work/SwiftViewer/SwiftViewerTests/Plugins/PluginSettingsIntegrationTests.swift:278:10: note: add 'nonisolated' to 'getConfigurationView()' to make this instance method not isolated to the actor
    func getConfigurationView() -> any PluginConfigurationViewProtocol {
         ^
    nonisolated 
/Users/sho/working/swift/work/SwiftViewer/SwiftViewer/Plugins/Core/PluginSettingsManager.swift:26:10: note: mark the protocol requirement 'getConfigurationView()' 'async' to allow actor-isolated conformances
    func getConfigurationView() -> any PluginConfigurationViewProtocol
         ^

SwiftCompile normal arm64 Compiling\ PluginBundleDetectionTests.swift,\ WindowControllerTests.swift /Users/sho/working/swift/work/SwiftViewer/SwiftViewerTests/Plugins/PluginBundleDetectionTests.swift /Users/sho/working/swift/work/SwiftViewer/SwiftViewerTests/Services/WindowControllerTests.swift (in target 'SwiftViewerTests' from project 'SwiftViewer')

SwiftCompile normal arm64 /Users/sho/working/swift/work/SwiftViewer/SwiftViewerTests/Plugins/PluginBundleDetectionTests.swift (in target 'SwiftViewerTests' from project 'SwiftViewer')
    cd /Users/sho/working/swift/work/SwiftViewer
    
/Users/sho/working/swift/work/SwiftViewer/SwiftViewerTests/Plugins/PluginBundleDetectionTests.swift:119:13: warning: initialization of immutable value 'validBundle' was never used; consider replacing with assignment to '_' or removing it
        let validBundle = createValidPluginBundle(
        ~~~~^~~~~~~~~~~
        _
/Users/sho/working/swift/work/SwiftViewer/SwiftViewerTests/Plugins/PluginBundleDetectionTests.swift:149:13: warning: initialization of immutable value 'validBundle' was never used; consider replacing with assignment to '_' or removing it
        let validBundle = createValidPluginBundle(
        ~~~~^~~~~~~~~~~
        _

SwiftCompile normal arm64 /Users/sho/working/swift/work/SwiftViewer/SwiftViewerTests/Services/WindowControllerTests.swift (in target 'SwiftViewerTests' from project 'SwiftViewer')
    cd /Users/sho/working/swift/work/SwiftViewer
    

SwiftCompile normal arm64 Compiling\ SettingsViewTests.swift,\ KeyboardFeedbackTests.swift /Users/sho/working/swift/work/SwiftViewer/SwiftViewerTests/Views/SettingsViewTests.swift /Users/sho/working/swift/work/SwiftViewer/SwiftViewerTests/Views/KeyboardFeedbackTests.swift (in target 'SwiftViewerTests' from project 'SwiftViewer')

SwiftCompile normal arm64 /Users/sho/working/swift/work/SwiftViewer/SwiftViewerTests/Views/SettingsViewTests.swift (in target 'SwiftViewerTests' from project 'SwiftViewer')
    cd /Users/sho/working/swift/work/SwiftViewer
    

SwiftCompile normal arm64 /Users/sho/working/swift/work/SwiftViewer/SwiftViewerTests/Views/KeyboardFeedbackTests.swift (in target 'SwiftViewerTests' from project 'SwiftViewer')
    cd /Users/sho/working/swift/work/SwiftViewer
    
/Users/sho/working/swift/work/SwiftViewer/SwiftViewerTests/Views/KeyboardFeedbackTests.swift:78:13: warning: variable 'previousCalled' was written to, but never read
        var previousCalled = false
            ^
/Users/sho/working/swift/work/SwiftViewer/SwiftViewerTests/Views/KeyboardFeedbackTests.swift:79:13: warning: variable 'toggleCalled' was written to, but never read
        var toggleCalled = false
            ^
/Users/sho/working/swift/work/SwiftViewer/SwiftViewerTests/Views/KeyboardFeedbackTests.swift:80:13: warning: variable 'nextCalled' was written to, but never read
        var nextCalled = false
            ^

SwiftEmitModule normal arm64 Emitting\ module\ for\ SwiftViewerTests (in target 'SwiftViewerTests' from project 'SwiftViewer')

EmitSwiftModule normal arm64 (in target 'SwiftViewerTests' from project 'SwiftViewer')
    cd /Users/sho/working/swift/work/SwiftViewer
    
/Users/sho/working/swift/work/SwiftViewer/SwiftViewerTests/Plugins/TransitionPluginTests.swift:133:9: warning: main actor-isolated property 'metadata' cannot be used to satisfy nonisolated requirement from protocol 'PluginProtocol'; this is an error in the Swift 6 language mode
    let metadata = PluginMetadata(
        ^
/Users/sho/working/swift/work/SwiftViewer/SwiftViewer/Plugins/Core/PluginProtocol.swift:76:9: note: requirement 'metadata' declared here
    var metadata: PluginMetadata { get }
        ^
/Users/sho/working/swift/work/SwiftViewer/SwiftViewerTests/Plugins/TransitionPluginTests.swift:142:9: warning: main actor-isolated property 'isActive' cannot be used to satisfy nonisolated requirement from protocol 'PluginProtocol'; this is an error in the Swift 6 language mode
    var isActive: Bool = false
        ^
/Users/sho/working/swift/work/SwiftViewer/SwiftViewer/Plugins/Core/PluginProtocol.swift:79:9: note: requirement 'isActive' declared here
    var isActive: Bool { get }
        ^
/Users/sho/working/swift/work/SwiftViewer/SwiftViewerTests/Plugins/PluginExecutionContextTests.swift:204:1: warning: extension declares a conformance of imported type 'ContextStatus' to imported protocol 'Equatable'; this will not behave correctly if the owners of 'SwiftViewer' introduce this conformance in the future
extension ContextStatus: Equatable {
^
/Users/sho/working/swift/work/SwiftViewer/SwiftViewerTests/Plugins/PluginExecutionContextTests.swift:204:1: note: add '@retroactive' to silence this warning
extension ContextStatus: Equatable {
^                        ~~~~~~~~~
                         @retroactive Equatable
/Users/sho/working/swift/work/SwiftViewer/SwiftViewerTests/Plugins/PluginSettingsIntegrationTests.swift:268:9: warning: main actor-isolated property 'configuration' cannot be used to satisfy nonisolated requirement from protocol 'ConfigurablePluginProtocol'; this is an error in the Swift 6 language mode
    var configuration: [String: String] = [:]
        ^
/Users/sho/working/swift/work/SwiftViewer/SwiftViewerTests/Plugins/PluginSettingsIntegrationTests.swift:266:45: note: add '@preconcurrency' to the 'ConfigurablePluginProtocol' conformance to defer isolation checking to run time
private final class MockConfigurablePlugin: ConfigurablePluginProtocol {
                                            ^
                                            @preconcurrency 
/Users/sho/working/swift/work/SwiftViewer/SwiftViewer/Plugins/Core/PluginSettingsManager.swift:18:9: note: requirement 'configuration' declared here
    var configuration: [String: String] { get set }
        ^
/Users/sho/working/swift/work/SwiftViewer/SwiftViewerTests/Plugins/PluginSettingsIntegrationTests.swift:274:10: warning: main actor-isolated instance method 'updateConfiguration' cannot be used to satisfy nonisolated requirement from protocol 'ConfigurablePluginProtocol'; this is an error in the Swift 6 language mode
    func updateConfiguration(_ newConfiguration: [String: String]) {
         ^
/Users/sho/working/swift/work/SwiftViewer/SwiftViewerTests/Plugins/PluginSettingsIntegrationTests.swift:274:10: note: add 'nonisolated' to 'updateConfiguration' to make this instance method not isolated to the actor
    func updateConfiguration(_ newConfiguration: [String: String]) {
         ^
    nonisolated 
/Users/sho/working/swift/work/SwiftViewer/SwiftViewer/Plugins/Core/PluginSettingsManager.swift:22:10: note: mark the protocol requirement 'updateConfiguration' 'async' to allow actor-isolated conformances
    func updateConfiguration(_ newConfiguration: [String: String])
         ^
/Users/sho/working/swift/work/SwiftViewer/SwiftViewerTests/Plugins/PluginSettingsIntegrationTests.swift:278:10: warning: main actor-isolated instance method 'getConfigurationView()' cannot be used to satisfy nonisolated requirement from protocol 'ConfigurablePluginProtocol'; this is an error in the Swift 6 language mode
    func getConfigurationView() -> any PluginConfigurationViewProtocol {
         ^
/Users/sho/working/swift/work/SwiftViewer/SwiftViewerTests/Plugins/PluginSettingsIntegrationTests.swift:278:10: note: add 'nonisolated' to 'getConfigurationView()' to make this instance method not isolated to the actor
    func getConfigurationView() -> any PluginConfigurationViewProtocol {
         ^
    nonisolated 
/Users/sho/working/swift/work/SwiftViewer/SwiftViewer/Plugins/Core/PluginSettingsManager.swift:26:10: note: mark the protocol requirement 'getConfigurationView()' 'async' to allow actor-isolated conformances
    func getConfigurationView() -> any PluginConfigurationViewProtocol
         ^

SwiftCompile normal arm64 Compiling\ ImageGalleryViewAutoHideTests.swift,\ FadeTransitionPluginTests.swift /Users/sho/working/swift/work/SwiftViewer/SwiftViewerTests/Views/ImageGalleryViewAutoHideTests.swift /Users/sho/working/swift/work/SwiftViewer/SwiftViewerTests/Plugins/FadeTransitionPluginTests.swift (in target 'SwiftViewerTests' from project 'SwiftViewer')

SwiftCompile normal arm64 /Users/sho/working/swift/work/SwiftViewer/SwiftViewerTests/Views/ImageGalleryViewAutoHideTests.swift (in target 'SwiftViewerTests' from project 'SwiftViewer')
    cd /Users/sho/working/swift/work/SwiftViewer
    

SwiftCompile normal arm64 /Users/sho/working/swift/work/SwiftViewer/SwiftViewerTests/Plugins/FadeTransitionPluginTests.swift (in target 'SwiftViewerTests' from project 'SwiftViewer')
    cd /Users/sho/working/swift/work/SwiftViewer
    

ConstructStubExecutorLinkFileList /Users/sho/Library/Developer/Xcode/DerivedData/SwiftViewer-bssesbdltupvekcpvhukylgdztst/Build/Intermediates.noindex/SwiftViewer.build/Debug/SwiftViewer.build/SwiftViewer-ExecutorLinkFileList-normal-arm64.txt (in target 'SwiftViewer' from project 'SwiftViewer')
    cd /Users/sho/working/swift/work/SwiftViewer
    construct-stub-executor-link-file-list /Users/sho/Library/Developer/Xcode/DerivedData/SwiftViewer-bssesbdltupvekcpvhukylgdztst/Build/Products/Debug/SwiftViewer.app/Contents/MacOS/SwiftViewer.debug.dylib /Applications/Xcode.app/Contents/Developer/Platforms/MacOSX.platform/Developer/usr/lib/libPreviewsJITStubExecutor_no_swift_entry_point.a /Applications/Xcode.app/Contents/Developer/Platforms/MacOSX.platform/Developer/usr/lib/libPreviewsJITStubExecutor.a --output /Users/sho/Library/Developer/Xcode/DerivedData/SwiftViewer-bssesbdltupvekcpvhukylgdztst/Build/Intermediates.noindex/SwiftViewer.build/Debug/SwiftViewer.build/SwiftViewer-ExecutorLinkFileList-normal-arm64.txt
note: Using stub executor library with Swift entry point. (in target 'SwiftViewer' from project 'SwiftViewer')

SwiftDriverJobDiscovery normal arm64 Emitting module for SwiftViewerUITests (in target 'SwiftViewerUITests' from project 'SwiftViewer')

SwiftDriver\ Compilation\ Requirements SwiftViewerUITests normal arm64 com.apple.xcode.tools.swift.compiler (in target 'SwiftViewerUITests' from project 'SwiftViewer')
    cd /Users/sho/working/swift/work/SwiftViewer
    builtin-Swift-Compilation-Requirements -- /Applications/Xcode.app/Contents/Developer/Toolchains/XcodeDefault.xctoolchain/usr/bin/swiftc -module-name SwiftViewerUITests -Onone -enforce-exclusivity\=checked @/Users/sho/Library/Developer/Xcode/DerivedData/SwiftViewer-bssesbdltupvekcpvhukylgdztst/Build/Intermediates.noindex/SwiftViewer.build/Debug/SwiftViewerUITests.build/Objects-normal/arm64/SwiftViewerUITests.SwiftFileList -DDEBUG -module-alias Testing\=_Testing_Unavailable -plugin-path /Applications/Xcode.app/Contents/Developer/Toolchains/XcodeDefault.xctoolchain/usr/lib/swift/host/plugins/testing -enable-bare-slash-regex -enable-experimental-feature DebugDescriptionMacro -sdk /Applications/Xcode.app/Contents/Developer/Platforms/MacOSX.platform/Developer/SDKs/MacOSX15.5.sdk -target arm64-apple-macos14.6 -g -module-cache-path /Users/sho/Library/Developer/Xcode/DerivedData/ModuleCache.noindex -Xfrontend -serialize-debugging-options -profile-coverage-mapping -profile-generate -enable-testing -index-store-path /Users/sho/Library/Developer/Xcode/DerivedData/SwiftViewer-bssesbdltupvekcpvhukylgdztst/Index.noindex/DataStore -swift-version 5 -I /Users/sho/Library/Developer/Xcode/DerivedData/SwiftViewer-bssesbdltupvekcpvhukylgdztst/Build/Products/Debug -I /Applications/Xcode.app/Contents/Developer/Platforms/MacOSX.platform/Developer/usr/lib -F /Users/sho/Library/Developer/Xcode/DerivedData/SwiftViewer-bssesbdltupvekcpvhukylgdztst/Build/Products/Debug -F /Applications/Xcode.app/Contents/Developer/Platforms/MacOSX.platform/Developer/Library/Frameworks -c -j20 -enable-batch-mode -incremental -Xcc -ivfsstatcache -Xcc /Users/sho/Library/Developer/Xcode/DerivedData/SDKStatCaches.noindex/macosx15.5-24F74-8254517eb8b97d462ccbc072ba9094c9.sdkstatcache -output-file-map /Users/sho/Library/Developer/Xcode/DerivedData/SwiftViewer-bssesbdltupvekcpvhukylgdztst/Build/Intermediates.noindex/SwiftViewer.build/Debug/SwiftViewerUITests.build/Objects-normal/arm64/SwiftViewerUITests-OutputFileMap.json -use-frontend-parseable-output -save-temps -no-color-diagnostics -serialize-diagnostics -emit-dependencies -emit-module -emit-module-path /Users/sho/Library/Developer/Xcode/DerivedData/SwiftViewer-bssesbdltupvekcpvhukylgdztst/Build/Intermediates.noindex/SwiftViewer.build/Debug/SwiftViewerUITests.build/Objects-normal/arm64/SwiftViewerUITests.swiftmodule -validate-clang-modules-once -clang-build-session-file /Users/sho/Library/Developer/Xcode/DerivedData/ModuleCache.noindex/Session.modulevalidation -Xcc -I/Users/sho/Library/Developer/Xcode/DerivedData/SwiftViewer-bssesbdltupvekcpvhukylgdztst/Build/Intermediates.noindex/SwiftViewer.build/Debug/SwiftViewerUITests.build/swift-overrides.hmap -emit-const-values -Xfrontend -const-gather-protocols-file -Xfrontend /Users/sho/Library/Developer/Xcode/DerivedData/SwiftViewer-bssesbdltupvekcpvhukylgdztst/Build/Intermediates.noindex/SwiftViewer.build/Debug/SwiftViewerUITests.build/Objects-normal/arm64/SwiftViewerUITests_const_extract_protocols.json -Xcc -iquote -Xcc /Users/sho/Library/Developer/Xcode/DerivedData/SwiftViewer-bssesbdltupvekcpvhukylgdztst/Build/Intermediates.noindex/SwiftViewer.build/Debug/SwiftViewerUITests.build/SwiftViewerUITests-generated-files.hmap -Xcc -I/Users/sho/Library/Developer/Xcode/DerivedData/SwiftViewer-bssesbdltupvekcpvhukylgdztst/Build/Intermediates.noindex/SwiftViewer.build/Debug/SwiftViewerUITests.build/SwiftViewerUITests-own-target-headers.hmap -Xcc -I/Users/sho/Library/Developer/Xcode/DerivedData/SwiftViewer-bssesbdltupvekcpvhukylgdztst/Build/Intermediates.noindex/SwiftViewer.build/Debug/SwiftViewerUITests.build/SwiftViewerUITests-all-target-headers.hmap -Xcc -iquote -Xcc /Users/sho/Library/Developer/Xcode/DerivedData/SwiftViewer-bssesbdltupvekcpvhukylgdztst/Build/Intermediates.noindex/SwiftViewer.build/Debug/SwiftViewerUITests.build/SwiftViewerUITests-project-headers.hmap -Xcc -I/Users/sho/Library/Developer/Xcode/DerivedData/SwiftViewer-bssesbdltupvekcpvhukylgdztst/Build/Products/Debug/include -Xcc -I/Users/sho/Library/Developer/Xcode/DerivedData/SwiftViewer-bssesbdltupvekcpvhukylgdztst/Build/Intermediates.noindex/SwiftViewer.build/Debug/SwiftViewerUITests.build/DerivedSources-normal/arm64 -Xcc -I/Users/sho/Library/Developer/Xcode/DerivedData/SwiftViewer-bssesbdltupvekcpvhukylgdztst/Build/Intermediates.noindex/SwiftViewer.build/Debug/SwiftViewerUITests.build/DerivedSources/arm64 -Xcc -I/Users/sho/Library/Developer/Xcode/DerivedData/SwiftViewer-bssesbdltupvekcpvhukylgdztst/Build/Intermediates.noindex/SwiftViewer.build/Debug/SwiftViewerUITests.build/DerivedSources -Xcc -DDEBUG\=1 -emit-objc-header -emit-objc-header-path /Users/sho/Library/Developer/Xcode/DerivedData/SwiftViewer-bssesbdltupvekcpvhukylgdztst/Build/Intermediates.noindex/SwiftViewer.build/Debug/SwiftViewerUITests.build/Objects-normal/arm64/SwiftViewerUITests-Swift.h -working-directory /Users/sho/working/swift/work/SwiftViewer -experimental-emit-module-separately -disable-cmo

Ld /Users/sho/Library/Developer/Xcode/DerivedData/SwiftViewer-bssesbdltupvekcpvhukylgdztst/Build/Products/Debug/SwiftViewer.app/Contents/MacOS/SwiftViewer normal (in target 'SwiftViewer' from project 'SwiftViewer')
    cd /Users/sho/working/swift/work/SwiftViewer
    /Applications/Xcode.app/Contents/Developer/Toolchains/XcodeDefault.xctoolchain/usr/bin/clang -Xlinker -reproducible -target arm64-apple-macos14.6 -isysroot /Applications/Xcode.app/Contents/Developer/Platforms/MacOSX.platform/Developer/SDKs/MacOSX15.5.sdk -O0 -L/Users/sho/Library/Developer/Xcode/DerivedData/SwiftViewer-bssesbdltupvekcpvhukylgdztst/Build/Products/Debug -F/Users/sho/Library/Developer/Xcode/DerivedData/SwiftViewer-bssesbdltupvekcpvhukylgdztst/Build/Products/Debug -Xlinker -rpath -Xlinker @executable_path -Xlinker -rpath -Xlinker @executable_path/../Frameworks -rdynamic -Xlinker -no_deduplicate -Xlinker -debug_variant -e ___debug_blank_executor_main -Xlinker -sectcreate -Xlinker __TEXT -Xlinker __debug_dylib -Xlinker /Users/sho/Library/Developer/Xcode/DerivedData/SwiftViewer-bssesbdltupvekcpvhukylgdztst/Build/Intermediates.noindex/SwiftViewer.build/Debug/SwiftViewer.build/SwiftViewer-DebugDylibPath-normal-arm64.txt -Xlinker -sectcreate -Xlinker __TEXT -Xlinker __debug_instlnm -Xlinker /Users/sho/Library/Developer/Xcode/DerivedData/SwiftViewer-bssesbdltupvekcpvhukylgdztst/Build/Intermediates.noindex/SwiftViewer.build/Debug/SwiftViewer.build/SwiftViewer-DebugDylibInstallName-normal-arm64.txt -Xlinker -filelist -Xlinker /Users/sho/Library/Developer/Xcode/DerivedData/SwiftViewer-bssesbdltupvekcpvhukylgdztst/Build/Intermediates.noindex/SwiftViewer.build/Debug/SwiftViewer.build/SwiftViewer-ExecutorLinkFileList-normal-arm64.txt /Users/sho/Library/Developer/Xcode/DerivedData/SwiftViewer-bssesbdltupvekcpvhukylgdztst/Build/Products/Debug/SwiftViewer.app/Contents/MacOS/SwiftViewer.debug.dylib -Xlinker -no_adhoc_codesign -o /Users/sho/Library/Developer/Xcode/DerivedData/SwiftViewer-bssesbdltupvekcpvhukylgdztst/Build/Products/Debug/SwiftViewer.app/Contents/MacOS/SwiftViewer

SwiftMergeGeneratedHeaders /Users/sho/Library/Developer/Xcode/DerivedData/SwiftViewer-bssesbdltupvekcpvhukylgdztst/Build/Intermediates.noindex/SwiftViewer.build/Debug/SwiftViewerUITests.build/DerivedSources/SwiftViewerUITests-Swift.h /Users/sho/Library/Developer/Xcode/DerivedData/SwiftViewer-bssesbdltupvekcpvhukylgdztst/Build/Intermediates.noindex/SwiftViewer.build/Debug/SwiftViewerUITests.build/Objects-normal/arm64/SwiftViewerUITests-Swift.h (in target 'SwiftViewerUITests' from project 'SwiftViewer')
    cd /Users/sho/working/swift/work/SwiftViewer
    builtin-swiftHeaderTool -arch arm64 /Users/sho/Library/Developer/Xcode/DerivedData/SwiftViewer-bssesbdltupvekcpvhukylgdztst/Build/Intermediates.noindex/SwiftViewer.build/Debug/SwiftViewerUITests.build/Objects-normal/arm64/SwiftViewerUITests-Swift.h -o /Users/sho/Library/Developer/Xcode/DerivedData/SwiftViewer-bssesbdltupvekcpvhukylgdztst/Build/Intermediates.noindex/SwiftViewer.build/Debug/SwiftViewerUITests.build/DerivedSources/SwiftViewerUITests-Swift.h

SwiftDriverJobDiscovery normal arm64 Compiling SwiftViewerUITests.swift (in target 'SwiftViewerUITests' from project 'SwiftViewer')

Copy /Users/sho/Library/Developer/Xcode/DerivedData/SwiftViewer-bssesbdltupvekcpvhukylgdztst/Build/Products/Debug/SwiftViewerUITests.swiftmodule/arm64-apple-macos.swiftmodule /Users/sho/Library/Developer/Xcode/DerivedData/SwiftViewer-bssesbdltupvekcpvhukylgdztst/Build/Intermediates.noindex/SwiftViewer.build/Debug/SwiftViewerUITests.build/Objects-normal/arm64/SwiftViewerUITests.swiftmodule (in target 'SwiftViewerUITests' from project 'SwiftViewer')
    cd /Users/sho/working/swift/work/SwiftViewer
    builtin-copy -exclude .DS_Store -exclude CVS -exclude .svn -exclude .git -exclude .hg -resolve-src-symlinks -rename /Users/sho/Library/Developer/Xcode/DerivedData/SwiftViewer-bssesbdltupvekcpvhukylgdztst/Build/Intermediates.noindex/SwiftViewer.build/Debug/SwiftViewerUITests.build/Objects-normal/arm64/SwiftViewerUITests.swiftmodule /Users/sho/Library/Developer/Xcode/DerivedData/SwiftViewer-bssesbdltupvekcpvhukylgdztst/Build/Products/Debug/SwiftViewerUITests.swiftmodule/arm64-apple-macos.swiftmodule

Copy /Users/sho/Library/Developer/Xcode/DerivedData/SwiftViewer-bssesbdltupvekcpvhukylgdztst/Build/Products/Debug/SwiftViewerUITests.swiftmodule/arm64-apple-macos.swiftdoc /Users/sho/Library/Developer/Xcode/DerivedData/SwiftViewer-bssesbdltupvekcpvhukylgdztst/Build/Intermediates.noindex/SwiftViewer.build/Debug/SwiftViewerUITests.build/Objects-normal/arm64/SwiftViewerUITests.swiftdoc (in target 'SwiftViewerUITests' from project 'SwiftViewer')
    cd /Users/sho/working/swift/work/SwiftViewer
    builtin-copy -exclude .DS_Store -exclude CVS -exclude .svn -exclude .git -exclude .hg -resolve-src-symlinks -rename /Users/sho/Library/Developer/Xcode/DerivedData/SwiftViewer-bssesbdltupvekcpvhukylgdztst/Build/Intermediates.noindex/SwiftViewer.build/Debug/SwiftViewerUITests.build/Objects-normal/arm64/SwiftViewerUITests.swiftdoc /Users/sho/Library/Developer/Xcode/DerivedData/SwiftViewer-bssesbdltupvekcpvhukylgdztst/Build/Products/Debug/SwiftViewerUITests.swiftmodule/arm64-apple-macos.swiftdoc

Copy /Users/sho/Library/Developer/Xcode/DerivedData/SwiftViewer-bssesbdltupvekcpvhukylgdztst/Build/Products/Debug/SwiftViewerUITests.swiftmodule/arm64-apple-macos.abi.json /Users/sho/Library/Developer/Xcode/DerivedData/SwiftViewer-bssesbdltupvekcpvhukylgdztst/Build/Intermediates.noindex/SwiftViewer.build/Debug/SwiftViewerUITests.build/Objects-normal/arm64/SwiftViewerUITests.abi.json (in target 'SwiftViewerUITests' from project 'SwiftViewer')
    cd /Users/sho/working/swift/work/SwiftViewer
    builtin-copy -exclude .DS_Store -exclude CVS -exclude .svn -exclude .git -exclude .hg -resolve-src-symlinks -rename /Users/sho/Library/Developer/Xcode/DerivedData/SwiftViewer-bssesbdltupvekcpvhukylgdztst/Build/Intermediates.noindex/SwiftViewer.build/Debug/SwiftViewerUITests.build/Objects-normal/arm64/SwiftViewerUITests.abi.json /Users/sho/Library/Developer/Xcode/DerivedData/SwiftViewer-bssesbdltupvekcpvhukylgdztst/Build/Products/Debug/SwiftViewerUITests.swiftmodule/arm64-apple-macos.abi.json

SwiftDriverJobDiscovery normal arm64 Compiling SwiftViewerUITestsLaunchTests.swift (in target 'SwiftViewerUITests' from project 'SwiftViewer')

Copy /Users/sho/Library/Developer/Xcode/DerivedData/SwiftViewer-bssesbdltupvekcpvhukylgdztst/Build/Products/Debug/SwiftViewerUITests.swiftmodule/Project/arm64-apple-macos.swiftsourceinfo /Users/sho/Library/Developer/Xcode/DerivedData/SwiftViewer-bssesbdltupvekcpvhukylgdztst/Build/Intermediates.noindex/SwiftViewer.build/Debug/SwiftViewerUITests.build/Objects-normal/arm64/SwiftViewerUITests.swiftsourceinfo (in target 'SwiftViewerUITests' from project 'SwiftViewer')
    cd /Users/sho/working/swift/work/SwiftViewer
    builtin-copy -exclude .DS_Store -exclude CVS -exclude .svn -exclude .git -exclude .hg -resolve-src-symlinks -rename /Users/sho/Library/Developer/Xcode/DerivedData/SwiftViewer-bssesbdltupvekcpvhukylgdztst/Build/Intermediates.noindex/SwiftViewer.build/Debug/SwiftViewerUITests.build/Objects-normal/arm64/SwiftViewerUITests.swiftsourceinfo /Users/sho/Library/Developer/Xcode/DerivedData/SwiftViewer-bssesbdltupvekcpvhukylgdztst/Build/Products/Debug/SwiftViewerUITests.swiftmodule/Project/arm64-apple-macos.swiftsourceinfo

SwiftDriver\ Compilation SwiftViewerUITests normal arm64 com.apple.xcode.tools.swift.compiler (in target 'SwiftViewerUITests' from project 'SwiftViewer')
    cd /Users/sho/working/swift/work/SwiftViewer
    builtin-Swift-Compilation -- /Applications/Xcode.app/Contents/Developer/Toolchains/XcodeDefault.xctoolchain/usr/bin/swiftc -module-name SwiftViewerUITests -Onone -enforce-exclusivity\=checked @/Users/sho/Library/Developer/Xcode/DerivedData/SwiftViewer-bssesbdltupvekcpvhukylgdztst/Build/Intermediates.noindex/SwiftViewer.build/Debug/SwiftViewerUITests.build/Objects-normal/arm64/SwiftViewerUITests.SwiftFileList -DDEBUG -module-alias Testing\=_Testing_Unavailable -plugin-path /Applications/Xcode.app/Contents/Developer/Toolchains/XcodeDefault.xctoolchain/usr/lib/swift/host/plugins/testing -enable-bare-slash-regex -enable-experimental-feature DebugDescriptionMacro -sdk /Applications/Xcode.app/Contents/Developer/Platforms/MacOSX.platform/Developer/SDKs/MacOSX15.5.sdk -target arm64-apple-macos14.6 -g -module-cache-path /Users/sho/Library/Developer/Xcode/DerivedData/ModuleCache.noindex -Xfrontend -serialize-debugging-options -profile-coverage-mapping -profile-generate -enable-testing -index-store-path /Users/sho/Library/Developer/Xcode/DerivedData/SwiftViewer-bssesbdltupvekcpvhukylgdztst/Index.noindex/DataStore -swift-version 5 -I /Users/sho/Library/Developer/Xcode/DerivedData/SwiftViewer-bssesbdltupvekcpvhukylgdztst/Build/Products/Debug -I /Applications/Xcode.app/Contents/Developer/Platforms/MacOSX.platform/Developer/usr/lib -F /Users/sho/Library/Developer/Xcode/DerivedData/SwiftViewer-bssesbdltupvekcpvhukylgdztst/Build/Products/Debug -F /Applications/Xcode.app/Contents/Developer/Platforms/MacOSX.platform/Developer/Library/Frameworks -c -j20 -enable-batch-mode -incremental -Xcc -ivfsstatcache -Xcc /Users/sho/Library/Developer/Xcode/DerivedData/SDKStatCaches.noindex/macosx15.5-24F74-8254517eb8b97d462ccbc072ba9094c9.sdkstatcache -output-file-map /Users/sho/Library/Developer/Xcode/DerivedData/SwiftViewer-bssesbdltupvekcpvhukylgdztst/Build/Intermediates.noindex/SwiftViewer.build/Debug/SwiftViewerUITests.build/Objects-normal/arm64/SwiftViewerUITests-OutputFileMap.json -use-frontend-parseable-output -save-temps -no-color-diagnostics -serialize-diagnostics -emit-dependencies -emit-module -emit-module-path /Users/sho/Library/Developer/Xcode/DerivedData/SwiftViewer-bssesbdltupvekcpvhukylgdztst/Build/Intermediates.noindex/SwiftViewer.build/Debug/SwiftViewerUITests.build/Objects-normal/arm64/SwiftViewerUITests.swiftmodule -validate-clang-modules-once -clang-build-session-file /Users/sho/Library/Developer/Xcode/DerivedData/ModuleCache.noindex/Session.modulevalidation -Xcc -I/Users/sho/Library/Developer/Xcode/DerivedData/SwiftViewer-bssesbdltupvekcpvhukylgdztst/Build/Intermediates.noindex/SwiftViewer.build/Debug/SwiftViewerUITests.build/swift-overrides.hmap -emit-const-values -Xfrontend -const-gather-protocols-file -Xfrontend /Users/sho/Library/Developer/Xcode/DerivedData/SwiftViewer-bssesbdltupvekcpvhukylgdztst/Build/Intermediates.noindex/SwiftViewer.build/Debug/SwiftViewerUITests.build/Objects-normal/arm64/SwiftViewerUITests_const_extract_protocols.json -Xcc -iquote -Xcc /Users/sho/Library/Developer/Xcode/DerivedData/SwiftViewer-bssesbdltupvekcpvhukylgdztst/Build/Intermediates.noindex/SwiftViewer.build/Debug/SwiftViewerUITests.build/SwiftViewerUITests-generated-files.hmap -Xcc -I/Users/sho/Library/Developer/Xcode/DerivedData/SwiftViewer-bssesbdltupvekcpvhukylgdztst/Build/Intermediates.noindex/SwiftViewer.build/Debug/SwiftViewerUITests.build/SwiftViewerUITests-own-target-headers.hmap -Xcc -I/Users/sho/Library/Developer/Xcode/DerivedData/SwiftViewer-bssesbdltupvekcpvhukylgdztst/Build/Intermediates.noindex/SwiftViewer.build/Debug/SwiftViewerUITests.build/SwiftViewerUITests-all-target-headers.hmap -Xcc -iquote -Xcc /Users/sho/Library/Developer/Xcode/DerivedData/SwiftViewer-bssesbdltupvekcpvhukylgdztst/Build/Intermediates.noindex/SwiftViewer.build/Debug/SwiftViewerUITests.build/SwiftViewerUITests-project-headers.hmap -Xcc -I/Users/sho/Library/Developer/Xcode/DerivedData/SwiftViewer-bssesbdltupvekcpvhukylgdztst/Build/Products/Debug/include -Xcc -I/Users/sho/Library/Developer/Xcode/DerivedData/SwiftViewer-bssesbdltupvekcpvhukylgdztst/Build/Intermediates.noindex/SwiftViewer.build/Debug/SwiftViewerUITests.build/DerivedSources-normal/arm64 -Xcc -I/Users/sho/Library/Developer/Xcode/DerivedData/SwiftViewer-bssesbdltupvekcpvhukylgdztst/Build/Intermediates.noindex/SwiftViewer.build/Debug/SwiftViewerUITests.build/DerivedSources/arm64 -Xcc -I/Users/sho/Library/Developer/Xcode/DerivedData/SwiftViewer-bssesbdltupvekcpvhukylgdztst/Build/Intermediates.noindex/SwiftViewer.build/Debug/SwiftViewerUITests.build/DerivedSources -Xcc -DDEBUG\=1 -emit-objc-header -emit-objc-header-path /Users/sho/Library/Developer/Xcode/DerivedData/SwiftViewer-bssesbdltupvekcpvhukylgdztst/Build/Intermediates.noindex/SwiftViewer.build/Debug/SwiftViewerUITests.build/Objects-normal/arm64/SwiftViewerUITests-Swift.h -working-directory /Users/sho/working/swift/work/SwiftViewer -experimental-emit-module-separately -disable-cmo

SwiftCompile normal arm64 Compiling\ CustomProgressBarTests.swift /Users/sho/working/swift/work/SwiftViewer/SwiftViewerTests/Views/Components/CustomProgressBarTests.swift (in target 'SwiftViewerTests' from project 'SwiftViewer')

SwiftCompile normal arm64 /Users/sho/working/swift/work/SwiftViewer/SwiftViewerTests/Views/Components/CustomProgressBarTests.swift (in target 'SwiftViewerTests' from project 'SwiftViewer')
    cd /Users/sho/working/swift/work/SwiftViewer
    
/Users/sho/working/swift/work/SwiftViewer/SwiftViewerTests/Views/Components/CustomProgressBarTests.swift:25:13: warning: variable 'tappedIndex' was written to, but never read
        var tappedIndex: Int?
            ^

SwiftCompile normal arm64 Compiling\ FileManagerServiceTests.swift,\ ContentViewMenuTests.swift /Users/sho/working/swift/work/SwiftViewer/SwiftViewerTests/Services/FileManagerServiceTests.swift /Users/sho/working/swift/work/SwiftViewer/SwiftViewerTests/Views/ContentViewMenuTests.swift (in target 'SwiftViewerTests' from project 'SwiftViewer')
SwiftCompile normal arm64 /Users/sho/working/swift/work/SwiftViewer/SwiftViewerTests/Services/FileManagerServiceTests.swift (in target 'SwiftViewerTests' from project 'SwiftViewer')
    cd /Users/sho/working/swift/work/SwiftViewer
    

SwiftCompile normal arm64 /Users/sho/working/swift/work/SwiftViewer/SwiftViewerTests/Views/ContentViewMenuTests.swift (in target 'SwiftViewerTests' from project 'SwiftViewer')
    cd /Users/sho/working/swift/work/SwiftViewer
    

SwiftCompile normal arm64 Compiling\ LoggerTests.swift,\ LogCapture.swift /Users/sho/working/swift/work/SwiftViewer/SwiftViewerTests/Utilities/LoggerTests.swift /Users/sho/working/swift/work/SwiftViewer/SwiftViewerTests/Utils/LogCapture.swift (in target 'SwiftViewerTests' from project 'SwiftViewer')

SwiftCompile normal arm64 /Users/sho/working/swift/work/SwiftViewer/SwiftViewerTests/Utilities/LoggerTests.swift (in target 'SwiftViewerTests' from project 'SwiftViewer')
    cd /Users/sho/working/swift/work/SwiftViewer
    

SwiftCompile normal arm64 /Users/sho/working/swift/work/SwiftViewer/SwiftViewerTests/Utils/LogCapture.swift (in target 'SwiftViewerTests' from project 'SwiftViewer')
    cd /Users/sho/working/swift/work/SwiftViewer
    

SwiftDriverJobDiscovery normal arm64 Compiling SwiftViewerTests.swift, ControlButtonStyleTests.swift (in target 'SwiftViewerTests' from project 'SwiftViewer')

SwiftCompile normal arm64 Compiling\ PluginProtocolTests.swift,\ PluginMetadataTests.swift /Users/sho/working/swift/work/SwiftViewer/SwiftViewerTests/Plugins/PluginProtocolTests.swift /Users/sho/working/swift/work/SwiftViewer/SwiftViewerTests/Plugins/PluginMetadataTests.swift (in target 'SwiftViewerTests' from project 'SwiftViewer')
SwiftCompile normal arm64 /Users/sho/working/swift/work/SwiftViewer/SwiftViewerTests/Plugins/PluginProtocolTests.swift (in target 'SwiftViewerTests' from project 'SwiftViewer')
    cd /Users/sho/working/swift/work/SwiftViewer
    

SwiftCompile normal arm64 /Users/sho/working/swift/work/SwiftViewer/SwiftViewerTests/Plugins/PluginMetadataTests.swift (in target 'SwiftViewerTests' from project 'SwiftViewer')
    cd /Users/sho/working/swift/work/SwiftViewer
    

SwiftDriverJobDiscovery normal arm64 Compiling SettingsViewTests.swift, KeyboardFeedbackTests.swift (in target 'SwiftViewerTests' from project 'SwiftViewer')

ExtractAppIntentsMetadata (in target 'SwiftViewer' from project 'SwiftViewer')
    cd /Users/sho/working/swift/work/SwiftViewer
    /Applications/Xcode.app/Contents/Developer/Toolchains/XcodeDefault.xctoolchain/usr/bin/appintentsmetadataprocessor --toolchain-dir /Applications/Xcode.app/Contents/Developer/Toolchains/XcodeDefault.xctoolchain --module-name SwiftViewer --sdk-root /Applications/Xcode.app/Contents/Developer/Platforms/MacOSX.platform/Developer/SDKs/MacOSX15.5.sdk --xcode-version 16F6 --platform-family macOS --deployment-target 14.6 --bundle-identifier oshiire.SwiftViewer --output /Users/sho/Library/Developer/Xcode/DerivedData/SwiftViewer-bssesbdltupvekcpvhukylgdztst/Build/Products/Debug/SwiftViewer.app/Contents/Resources --target-triple arm64-apple-macos14.6 --binary-file /Users/sho/Library/Developer/Xcode/DerivedData/SwiftViewer-bssesbdltupvekcpvhukylgdztst/Build/Products/Debug/SwiftViewer.app/Contents/MacOS/SwiftViewer --dependency-file /Users/sho/Library/Developer/Xcode/DerivedData/SwiftViewer-bssesbdltupvekcpvhukylgdztst/Build/Intermediates.noindex/SwiftViewer.build/Debug/SwiftViewer.build/Objects-normal/arm64/SwiftViewer_dependency_info.dat --stringsdata-file /Users/sho/Library/Developer/Xcode/DerivedData/SwiftViewer-bssesbdltupvekcpvhukylgdztst/Build/Intermediates.noindex/SwiftViewer.build/Debug/SwiftViewer.build/Objects-normal/arm64/ExtractedAppShortcutsMetadata.stringsdata --source-file-list /Users/sho/Library/Developer/Xcode/DerivedData/SwiftViewer-bssesbdltupvekcpvhukylgdztst/Build/Intermediates.noindex/SwiftViewer.build/Debug/SwiftViewer.build/Objects-normal/arm64/SwiftViewer.SwiftFileList --metadata-file-list /Users/sho/Library/Developer/Xcode/DerivedData/SwiftViewer-bssesbdltupvekcpvhukylgdztst/Build/Intermediates.noindex/SwiftViewer.build/Debug/SwiftViewer.build/SwiftViewer.DependencyMetadataFileList --static-metadata-file-list /Users/sho/Library/Developer/Xcode/DerivedData/SwiftViewer-bssesbdltupvekcpvhukylgdztst/Build/Intermediates.noindex/SwiftViewer.build/Debug/SwiftViewer.build/SwiftViewer.DependencyStaticMetadataFileList --swift-const-vals-list /Users/sho/Library/Developer/Xcode/DerivedData/SwiftViewer-bssesbdltupvekcpvhukylgdztst/Build/Intermediates.noindex/SwiftViewer.build/Debug/SwiftViewer.build/Objects-normal/arm64/SwiftViewer.SwiftConstValuesFileList --compile-time-extraction --deployment-aware-processing --validate-assistant-intents --no-app-shortcuts-localization
2025-08-29 08:01:18.173 appintentsmetadataprocessor[64776:54972855] Starting appintentsmetadataprocessor export
2025-08-29 08:01:18.176 appintentsmetadataprocessor[64776:54972855] warning: Metadata extraction skipped. No AppIntents.framework dependency found.

CopySwiftLibs /Users/sho/Library/Developer/Xcode/DerivedData/SwiftViewer-bssesbdltupvekcpvhukylgdztst/Build/Products/Debug/SwiftViewer.app (in target 'SwiftViewer' from project 'SwiftViewer')
    cd /Users/sho/working/swift/work/SwiftViewer
    builtin-swiftStdLibTool --copy --verbose --sign C1B92775A580A2B074E81EA6DB45EF8291457656 --scan-executable /Users/sho/Library/Developer/Xcode/DerivedData/SwiftViewer-bssesbdltupvekcpvhukylgdztst/Build/Products/Debug/SwiftViewer.app/Contents/MacOS/SwiftViewer.debug.dylib --scan-folder /Users/sho/Library/Developer/Xcode/DerivedData/SwiftViewer-bssesbdltupvekcpvhukylgdztst/Build/Products/Debug/SwiftViewer.app/Contents/Frameworks --scan-folder /Users/sho/Library/Developer/Xcode/DerivedData/SwiftViewer-bssesbdltupvekcpvhukylgdztst/Build/Products/Debug/SwiftViewer.app/Contents/PlugIns --scan-folder /Users/sho/Library/Developer/Xcode/DerivedData/SwiftViewer-bssesbdltupvekcpvhukylgdztst/Build/Products/Debug/SwiftViewer.app/Contents/Library/SystemExtensions --scan-folder /Users/sho/Library/Developer/Xcode/DerivedData/SwiftViewer-bssesbdltupvekcpvhukylgdztst/Build/Products/Debug/SwiftViewer.app/Contents/Extensions --platform macosx --toolchain /Applications/Xcode.app/Contents/Developer/Toolchains/XcodeDefault.xctoolchain --destination /Users/sho/Library/Developer/Xcode/DerivedData/SwiftViewer-bssesbdltupvekcpvhukylgdztst/Build/Products/Debug/SwiftViewer.app/Contents/Frameworks --strip-bitcode --strip-bitcode-tool /Applications/Xcode.app/Contents/Developer/Toolchains/XcodeDefault.xctoolchain/usr/bin/bitcode_strip --emit-dependency-info /Users/sho/Library/Developer/Xcode/DerivedData/SwiftViewer-bssesbdltupvekcpvhukylgdztst/Build/Intermediates.noindex/SwiftViewer.build/Debug/SwiftViewer.build/SwiftStdLibToolInputDependencies.dep --filter-for-swift-os

SwiftDriverJobDiscovery normal arm64 Compiling BlurredImageBackgroundTests.swift, SimpleAnimatedImageViewTests.swift (in target 'SwiftViewerTests' from project 'SwiftViewer')

SwiftDriverJobDiscovery normal arm64 Emitting module for SwiftViewerTests (in target 'SwiftViewerTests' from project 'SwiftViewer')

SwiftDriver\ Compilation\ Requirements SwiftViewerTests normal arm64 com.apple.xcode.tools.swift.compiler (in target 'SwiftViewerTests' from project 'SwiftViewer')
    cd /Users/sho/working/swift/work/SwiftViewer
    builtin-Swift-Compilation-Requirements -- /Applications/Xcode.app/Contents/Developer/Toolchains/XcodeDefault.xctoolchain/usr/bin/swiftc -module-name SwiftViewerTests -Onone -enforce-exclusivity\=checked @/Users/sho/Library/Developer/Xcode/DerivedData/SwiftViewer-bssesbdltupvekcpvhukylgdztst/Build/Intermediates.noindex/SwiftViewer.build/Debug/SwiftViewerTests.build/Objects-normal/arm64/SwiftViewerTests.SwiftFileList -DDEBUG -plugin-path /Applications/Xcode.app/Contents/Developer/Toolchains/XcodeDefault.xctoolchain/usr/lib/swift/host/plugins/testing -enable-bare-slash-regex -enable-experimental-feature DebugDescriptionMacro -sdk /Applications/Xcode.app/Contents/Developer/Platforms/MacOSX.platform/Developer/SDKs/MacOSX15.5.sdk -target arm64-apple-macos14.6 -g -module-cache-path /Users/sho/Library/Developer/Xcode/DerivedData/ModuleCache.noindex -Xfrontend -serialize-debugging-options -profile-coverage-mapping -profile-generate -enable-testing -index-store-path /Users/sho/Library/Developer/Xcode/DerivedData/SwiftViewer-bssesbdltupvekcpvhukylgdztst/Index.noindex/DataStore -swift-version 5 -I /Users/sho/Library/Developer/Xcode/DerivedData/SwiftViewer-bssesbdltupvekcpvhukylgdztst/Build/Products/Debug -I /Applications/Xcode.app/Contents/Developer/Platforms/MacOSX.platform/Developer/usr/lib -F /Users/sho/Library/Developer/Xcode/DerivedData/SwiftViewer-bssesbdltupvekcpvhukylgdztst/Build/Products/Debug -F /Applications/Xcode.app/Contents/Developer/Platforms/MacOSX.platform/Developer/Library/Frameworks -c -j20 -enable-batch-mode -incremental -Xcc -ivfsstatcache -Xcc /Users/sho/Library/Developer/Xcode/DerivedData/SDKStatCaches.noindex/macosx15.5-24F74-8254517eb8b97d462ccbc072ba9094c9.sdkstatcache -output-file-map /Users/sho/Library/Developer/Xcode/DerivedData/SwiftViewer-bssesbdltupvekcpvhukylgdztst/Build/Intermediates.noindex/SwiftViewer.build/Debug/SwiftViewerTests.build/Objects-normal/arm64/SwiftViewerTests-OutputFileMap.json -use-frontend-parseable-output -save-temps -no-color-diagnostics -serialize-diagnostics -emit-dependencies -emit-module -emit-module-path /Users/sho/Library/Developer/Xcode/DerivedData/SwiftViewer-bssesbdltupvekcpvhukylgdztst/Build/Intermediates.noindex/SwiftViewer.build/Debug/SwiftViewerTests.build/Objects-normal/arm64/SwiftViewerTests.swiftmodule -validate-clang-modules-once -clang-build-session-file /Users/sho/Library/Developer/Xcode/DerivedData/ModuleCache.noindex/Session.modulevalidation -Xcc -I/Users/sho/Library/Developer/Xcode/DerivedData/SwiftViewer-bssesbdltupvekcpvhukylgdztst/Build/Intermediates.noindex/SwiftViewer.build/Debug/SwiftViewerTests.build/swift-overrides.hmap -emit-const-values -Xfrontend -const-gather-protocols-file -Xfrontend /Users/sho/Library/Developer/Xcode/DerivedData/SwiftViewer-bssesbdltupvekcpvhukylgdztst/Build/Intermediates.noindex/SwiftViewer.build/Debug/SwiftViewerTests.build/Objects-normal/arm64/SwiftViewerTests_const_extract_protocols.json -Xcc -iquote -Xcc /Users/sho/Library/Developer/Xcode/DerivedData/SwiftViewer-bssesbdltupvekcpvhukylgdztst/Build/Intermediates.noindex/SwiftViewer.build/Debug/SwiftViewerTests.build/SwiftViewerTests-generated-files.hmap -Xcc -I/Users/sho/Library/Developer/Xcode/DerivedData/SwiftViewer-bssesbdltupvekcpvhukylgdztst/Build/Intermediates.noindex/SwiftViewer.build/Debug/SwiftViewerTests.build/SwiftViewerTests-own-target-headers.hmap -Xcc -I/Users/sho/Library/Developer/Xcode/DerivedData/SwiftViewer-bssesbdltupvekcpvhukylgdztst/Build/Intermediates.noindex/SwiftViewer.build/Debug/SwiftViewerTests.build/SwiftViewerTests-all-target-headers.hmap -Xcc -iquote -Xcc /Users/sho/Library/Developer/Xcode/DerivedData/SwiftViewer-bssesbdltupvekcpvhukylgdztst/Build/Intermediates.noindex/SwiftViewer.build/Debug/SwiftViewerTests.build/SwiftViewerTests-project-headers.hmap -Xcc -I/Users/sho/Library/Developer/Xcode/DerivedData/SwiftViewer-bssesbdltupvekcpvhukylgdztst/Build/Products/Debug/include -Xcc -I/Users/sho/Library/Developer/Xcode/DerivedData/SwiftViewer-bssesbdltupvekcpvhukylgdztst/Build/Intermediates.noindex/SwiftViewer.build/Debug/SwiftViewerTests.build/DerivedSources-normal/arm64 -Xcc -I/Users/sho/Library/Developer/Xcode/DerivedData/SwiftViewer-bssesbdltupvekcpvhukylgdztst/Build/Intermediates.noindex/SwiftViewer.build/Debug/SwiftViewerTests.build/DerivedSources/arm64 -Xcc -I/Users/sho/Library/Developer/Xcode/DerivedData/SwiftViewer-bssesbdltupvekcpvhukylgdztst/Build/Intermediates.noindex/SwiftViewer.build/Debug/SwiftViewerTests.build/DerivedSources -Xcc -DDEBUG\=1 -emit-objc-header -emit-objc-header-path /Users/sho/Library/Developer/Xcode/DerivedData/SwiftViewer-bssesbdltupvekcpvhukylgdztst/Build/Intermediates.noindex/SwiftViewer.build/Debug/SwiftViewerTests.build/Objects-normal/arm64/SwiftViewerTests-Swift.h -working-directory /Users/sho/working/swift/work/SwiftViewer -experimental-emit-module-separately -disable-cmo

SwiftMergeGeneratedHeaders /Users/sho/Library/Developer/Xcode/DerivedData/SwiftViewer-bssesbdltupvekcpvhukylgdztst/Build/Intermediates.noindex/SwiftViewer.build/Debug/SwiftViewerTests.build/DerivedSources/SwiftViewerTests-Swift.h /Users/sho/Library/Developer/Xcode/DerivedData/SwiftViewer-bssesbdltupvekcpvhukylgdztst/Build/Intermediates.noindex/SwiftViewer.build/Debug/SwiftViewerTests.build/Objects-normal/arm64/SwiftViewerTests-Swift.h (in target 'SwiftViewerTests' from project 'SwiftViewer')
    cd /Users/sho/working/swift/work/SwiftViewer
    builtin-swiftHeaderTool -arch arm64 /Users/sho/Library/Developer/Xcode/DerivedData/SwiftViewer-bssesbdltupvekcpvhukylgdztst/Build/Intermediates.noindex/SwiftViewer.build/Debug/SwiftViewerTests.build/Objects-normal/arm64/SwiftViewerTests-Swift.h -o /Users/sho/Library/Developer/Xcode/DerivedData/SwiftViewer-bssesbdltupvekcpvhukylgdztst/Build/Intermediates.noindex/SwiftViewer.build/Debug/SwiftViewerTests.build/DerivedSources/SwiftViewerTests-Swift.h

Copy /Users/sho/Library/Developer/Xcode/DerivedData/SwiftViewer-bssesbdltupvekcpvhukylgdztst/Build/Products/Debug/SwiftViewerTests.swiftmodule/arm64-apple-macos.swiftmodule /Users/sho/Library/Developer/Xcode/DerivedData/SwiftViewer-bssesbdltupvekcpvhukylgdztst/Build/Intermediates.noindex/SwiftViewer.build/Debug/SwiftViewerTests.build/Objects-normal/arm64/SwiftViewerTests.swiftmodule (in target 'SwiftViewerTests' from project 'SwiftViewer')
    cd /Users/sho/working/swift/work/SwiftViewer
    builtin-copy -exclude .DS_Store -exclude CVS -exclude .svn -exclude .git -exclude .hg -resolve-src-symlinks -rename /Users/sho/Library/Developer/Xcode/DerivedData/SwiftViewer-bssesbdltupvekcpvhukylgdztst/Build/Intermediates.noindex/SwiftViewer.build/Debug/SwiftViewerTests.build/Objects-normal/arm64/SwiftViewerTests.swiftmodule /Users/sho/Library/Developer/Xcode/DerivedData/SwiftViewer-bssesbdltupvekcpvhukylgdztst/Build/Products/Debug/SwiftViewerTests.swiftmodule/arm64-apple-macos.swiftmodule

Copy /Users/sho/Library/Developer/Xcode/DerivedData/SwiftViewer-bssesbdltupvekcpvhukylgdztst/Build/Products/Debug/SwiftViewerTests.swiftmodule/arm64-apple-macos.swiftdoc /Users/sho/Library/Developer/Xcode/DerivedData/SwiftViewer-bssesbdltupvekcpvhukylgdztst/Build/Intermediates.noindex/SwiftViewer.build/Debug/SwiftViewerTests.build/Objects-normal/arm64/SwiftViewerTests.swiftdoc (in target 'SwiftViewerTests' from project 'SwiftViewer')
    cd /Users/sho/working/swift/work/SwiftViewer
    builtin-copy -exclude .DS_Store -exclude CVS -exclude .svn -exclude .git -exclude .hg -resolve-src-symlinks -rename /Users/sho/Library/Developer/Xcode/DerivedData/SwiftViewer-bssesbdltupvekcpvhukylgdztst/Build/Intermediates.noindex/SwiftViewer.build/Debug/SwiftViewerTests.build/Objects-normal/arm64/SwiftViewerTests.swiftdoc /Users/sho/Library/Developer/Xcode/DerivedData/SwiftViewer-bssesbdltupvekcpvhukylgdztst/Build/Products/Debug/SwiftViewerTests.swiftmodule/arm64-apple-macos.swiftdoc

Copy /Users/sho/Library/Developer/Xcode/DerivedData/SwiftViewer-bssesbdltupvekcpvhukylgdztst/Build/Products/Debug/SwiftViewerTests.swiftmodule/arm64-apple-macos.abi.json /Users/sho/Library/Developer/Xcode/DerivedData/SwiftViewer-bssesbdltupvekcpvhukylgdztst/Build/Intermediates.noindex/SwiftViewer.build/Debug/SwiftViewerTests.build/Objects-normal/arm64/SwiftViewerTests.abi.json (in target 'SwiftViewerTests' from project 'SwiftViewer')
    cd /Users/sho/working/swift/work/SwiftViewer
    builtin-copy -exclude .DS_Store -exclude CVS -exclude .svn -exclude .git -exclude .hg -resolve-src-symlinks -rename /Users/sho/Library/Developer/Xcode/DerivedData/SwiftViewer-bssesbdltupvekcpvhukylgdztst/Build/Intermediates.noindex/SwiftViewer.build/Debug/SwiftViewerTests.build/Objects-normal/arm64/SwiftViewerTests.abi.json /Users/sho/Library/Developer/Xcode/DerivedData/SwiftViewer-bssesbdltupvekcpvhukylgdztst/Build/Products/Debug/SwiftViewerTests.swiftmodule/arm64-apple-macos.abi.json

SwiftDriverJobDiscovery normal arm64 Compiling ImageFileTests.swift, PluginExecutionContextTests.swift (in target 'SwiftViewerTests' from project 'SwiftViewer')

Copy /Users/sho/Library/Developer/Xcode/DerivedData/SwiftViewer-bssesbdltupvekcpvhukylgdztst/Build/Products/Debug/SwiftViewerTests.swiftmodule/Project/arm64-apple-macos.swiftsourceinfo /Users/sho/Library/Developer/Xcode/DerivedData/SwiftViewer-bssesbdltupvekcpvhukylgdztst/Build/Intermediates.noindex/SwiftViewer.build/Debug/SwiftViewerTests.build/Objects-normal/arm64/SwiftViewerTests.swiftsourceinfo (in target 'SwiftViewerTests' from project 'SwiftViewer')
    cd /Users/sho/working/swift/work/SwiftViewer
    builtin-copy -exclude .DS_Store -exclude CVS -exclude .svn -exclude .git -exclude .hg -resolve-src-symlinks -rename /Users/sho/Library/Developer/Xcode/DerivedData/SwiftViewer-bssesbdltupvekcpvhukylgdztst/Build/Intermediates.noindex/SwiftViewer.build/Debug/SwiftViewerTests.build/Objects-normal/arm64/SwiftViewerTests.swiftsourceinfo /Users/sho/Library/Developer/Xcode/DerivedData/SwiftViewer-bssesbdltupvekcpvhukylgdztst/Build/Products/Debug/SwiftViewerTests.swiftmodule/Project/arm64-apple-macos.swiftsourceinfo

SwiftDriverJobDiscovery normal arm64 Compiling SlideShowControlsViewTests.swift, PluginSettingsIntegrationTests.swift (in target 'SwiftViewerTests' from project 'SwiftViewer')

SwiftDriverJobDiscovery normal arm64 Compiling SettingsManagerTests.swift, SettingsTypesTests.swift (in target 'SwiftViewerTests' from project 'SwiftViewer')

SwiftDriverJobDiscovery normal arm64 Compiling SlideTransitionPluginTests.swift, ScaleTransitionPluginTests.swift (in target 'SwiftViewerTests' from project 'SwiftViewer')

ProcessInfoPlistFile /Users/sho/Library/Developer/Xcode/DerivedData/SwiftViewer-bssesbdltupvekcpvhukylgdztst/Build/Products/Debug/SwiftViewer.app/Contents/PlugIns/SwiftViewerTests.xctest/Contents/Info.plist /Users/sho/Library/Developer/Xcode/DerivedData/SwiftViewer-bssesbdltupvekcpvhukylgdztst/Build/Intermediates.noindex/SwiftViewer.build/Debug/SwiftViewerTests.build/empty-SwiftViewerTests.plist (in target 'SwiftViewerTests' from project 'SwiftViewer')
    cd /Users/sho/working/swift/work/SwiftViewer
    builtin-infoPlistUtility /Users/sho/Library/Developer/Xcode/DerivedData/SwiftViewer-bssesbdltupvekcpvhukylgdztst/Build/Intermediates.noindex/SwiftViewer.build/Debug/SwiftViewerTests.build/empty-SwiftViewerTests.plist -producttype com.apple.product-type.bundle.unit-test -expandbuildsettings -platform macosx -o /Users/sho/Library/Developer/Xcode/DerivedData/SwiftViewer-bssesbdltupvekcpvhukylgdztst/Build/Products/Debug/SwiftViewer.app/Contents/PlugIns/SwiftViewerTests.xctest/Contents/Info.plist

SwiftDriverJobDiscovery normal arm64 Compiling ImageGalleryViewAutoHideTests.swift, FadeTransitionPluginTests.swift (in target 'SwiftViewerTests' from project 'SwiftViewer')

SwiftDriverJobDiscovery normal arm64 Compiling ViewLoggingIntegrationTests.swift, ImageGalleryViewModelTests.swift (in target 'SwiftViewerTests' from project 'SwiftViewer')

SwiftDriverJobDiscovery normal arm64 Compiling SlideShowViewModelTests.swift, StateManagementTests.swift (in target 'SwiftViewerTests' from project 'SwiftViewer')

SwiftDriverJobDiscovery normal arm64 Compiling SlideShowServiceTests.swift, ImageGalleryViewBlurTests.swift (in target 'SwiftViewerTests' from project 'SwiftViewer')

SwiftDriverJobDiscovery normal arm64 Compiling PluginConfigurationUITests.swift, RepeatModeTests.swift (in target 'SwiftViewerTests' from project 'SwiftViewer')

SwiftDriverJobDiscovery normal arm64 Compiling PluginBundleDetectionTests.swift, WindowControllerTests.swift (in target 'SwiftViewerTests' from project 'SwiftViewer')

SwiftDriverJobDiscovery normal arm64 Compiling MenuCommandsTests.swift, ImageGalleryViewTests.swift (in target 'SwiftViewerTests' from project 'SwiftViewer')

SwiftDriverJobDiscovery normal arm64 Compiling TransitionPluginTests.swift, PluginRegistryTests.swift (in target 'SwiftViewerTests' from project 'SwiftViewer')

SwiftDriverJobDiscovery normal arm64 Compiling CustomProgressBarTests.swift (in target 'SwiftViewerTests' from project 'SwiftViewer')

SwiftDriverJobDiscovery normal arm64 Compiling PluginErrorHandlingTests.swift, PluginLoaderTests.swift (in target 'SwiftViewerTests' from project 'SwiftViewer')

SwiftDriverJobDiscovery normal arm64 Compiling LoggerTests.swift, LogCapture.swift (in target 'SwiftViewerTests' from project 'SwiftViewer')

SwiftDriverJobDiscovery normal arm64 Compiling FileManagerServiceTests.swift, ContentViewMenuTests.swift (in target 'SwiftViewerTests' from project 'SwiftViewer')

SwiftDriverJobDiscovery normal arm64 Compiling PluginProtocolTests.swift, PluginMetadataTests.swift (in target 'SwiftViewerTests' from project 'SwiftViewer')

SwiftDriver\ Compilation SwiftViewerTests normal arm64 com.apple.xcode.tools.swift.compiler (in target 'SwiftViewerTests' from project 'SwiftViewer')
    cd /Users/sho/working/swift/work/SwiftViewer
    builtin-Swift-Compilation -- /Applications/Xcode.app/Contents/Developer/Toolchains/XcodeDefault.xctoolchain/usr/bin/swiftc -module-name SwiftViewerTests -Onone -enforce-exclusivity\=checked @/Users/sho/Library/Developer/Xcode/DerivedData/SwiftViewer-bssesbdltupvekcpvhukylgdztst/Build/Intermediates.noindex/SwiftViewer.build/Debug/SwiftViewerTests.build/Objects-normal/arm64/SwiftViewerTests.SwiftFileList -DDEBUG -plugin-path /Applications/Xcode.app/Contents/Developer/Toolchains/XcodeDefault.xctoolchain/usr/lib/swift/host/plugins/testing -enable-bare-slash-regex -enable-experimental-feature DebugDescriptionMacro -sdk /Applications/Xcode.app/Contents/Developer/Platforms/MacOSX.platform/Developer/SDKs/MacOSX15.5.sdk -target arm64-apple-macos14.6 -g -module-cache-path /Users/sho/Library/Developer/Xcode/DerivedData/ModuleCache.noindex -Xfrontend -serialize-debugging-options -profile-coverage-mapping -profile-generate -enable-testing -index-store-path /Users/sho/Library/Developer/Xcode/DerivedData/SwiftViewer-bssesbdltupvekcpvhukylgdztst/Index.noindex/DataStore -swift-version 5 -I /Users/sho/Library/Developer/Xcode/DerivedData/SwiftViewer-bssesbdltupvekcpvhukylgdztst/Build/Products/Debug -I /Applications/Xcode.app/Contents/Developer/Platforms/MacOSX.platform/Developer/usr/lib -F /Users/sho/Library/Developer/Xcode/DerivedData/SwiftViewer-bssesbdltupvekcpvhukylgdztst/Build/Products/Debug -F /Applications/Xcode.app/Contents/Developer/Platforms/MacOSX.platform/Developer/Library/Frameworks -c -j20 -enable-batch-mode -incremental -Xcc -ivfsstatcache -Xcc /Users/sho/Library/Developer/Xcode/DerivedData/SDKStatCaches.noindex/macosx15.5-24F74-8254517eb8b97d462ccbc072ba9094c9.sdkstatcache -output-file-map /Users/sho/Library/Developer/Xcode/DerivedData/SwiftViewer-bssesbdltupvekcpvhukylgdztst/Build/Intermediates.noindex/SwiftViewer.build/Debug/SwiftViewerTests.build/Objects-normal/arm64/SwiftViewerTests-OutputFileMap.json -use-frontend-parseable-output -save-temps -no-color-diagnostics -serialize-diagnostics -emit-dependencies -emit-module -emit-module-path /Users/sho/Library/Developer/Xcode/DerivedData/SwiftViewer-bssesbdltupvekcpvhukylgdztst/Build/Intermediates.noindex/SwiftViewer.build/Debug/SwiftViewerTests.build/Objects-normal/arm64/SwiftViewerTests.swiftmodule -validate-clang-modules-once -clang-build-session-file /Users/sho/Library/Developer/Xcode/DerivedData/ModuleCache.noindex/Session.modulevalidation -Xcc -I/Users/sho/Library/Developer/Xcode/DerivedData/SwiftViewer-bssesbdltupvekcpvhukylgdztst/Build/Intermediates.noindex/SwiftViewer.build/Debug/SwiftViewerTests.build/swift-overrides.hmap -emit-const-values -Xfrontend -const-gather-protocols-file -Xfrontend /Users/sho/Library/Developer/Xcode/DerivedData/SwiftViewer-bssesbdltupvekcpvhukylgdztst/Build/Intermediates.noindex/SwiftViewer.build/Debug/SwiftViewerTests.build/Objects-normal/arm64/SwiftViewerTests_const_extract_protocols.json -Xcc -iquote -Xcc /Users/sho/Library/Developer/Xcode/DerivedData/SwiftViewer-bssesbdltupvekcpvhukylgdztst/Build/Intermediates.noindex/SwiftViewer.build/Debug/SwiftViewerTests.build/SwiftViewerTests-generated-files.hmap -Xcc -I/Users/sho/Library/Developer/Xcode/DerivedData/SwiftViewer-bssesbdltupvekcpvhukylgdztst/Build/Intermediates.noindex/SwiftViewer.build/Debug/SwiftViewerTests.build/SwiftViewerTests-own-target-headers.hmap -Xcc -I/Users/sho/Library/Developer/Xcode/DerivedData/SwiftViewer-bssesbdltupvekcpvhukylgdztst/Build/Intermediates.noindex/SwiftViewer.build/Debug/SwiftViewerTests.build/SwiftViewerTests-all-target-headers.hmap -Xcc -iquote -Xcc /Users/sho/Library/Developer/Xcode/DerivedData/SwiftViewer-bssesbdltupvekcpvhukylgdztst/Build/Intermediates.noindex/SwiftViewer.build/Debug/SwiftViewerTests.build/SwiftViewerTests-project-headers.hmap -Xcc -I/Users/sho/Library/Developer/Xcode/DerivedData/SwiftViewer-bssesbdltupvekcpvhukylgdztst/Build/Products/Debug/include -Xcc -I/Users/sho/Library/Developer/Xcode/DerivedData/SwiftViewer-bssesbdltupvekcpvhukylgdztst/Build/Intermediates.noindex/SwiftViewer.build/Debug/SwiftViewerTests.build/DerivedSources-normal/arm64 -Xcc -I/Users/sho/Library/Developer/Xcode/DerivedData/SwiftViewer-bssesbdltupvekcpvhukylgdztst/Build/Intermediates.noindex/SwiftViewer.build/Debug/SwiftViewerTests.build/DerivedSources/arm64 -Xcc -I/Users/sho/Library/Developer/Xcode/DerivedData/SwiftViewer-bssesbdltupvekcpvhukylgdztst/Build/Intermediates.noindex/SwiftViewer.build/Debug/SwiftViewerTests.build/DerivedSources -Xcc -DDEBUG\=1 -emit-objc-header -emit-objc-header-path /Users/sho/Library/Developer/Xcode/DerivedData/SwiftViewer-bssesbdltupvekcpvhukylgdztst/Build/Intermediates.noindex/SwiftViewer.build/Debug/SwiftViewerTests.build/Objects-normal/arm64/SwiftViewerTests-Swift.h -working-directory /Users/sho/working/swift/work/SwiftViewer -experimental-emit-module-separately -disable-cmo

Ld /Users/sho/Library/Developer/Xcode/DerivedData/SwiftViewer-bssesbdltupvekcpvhukylgdztst/Build/Products/Debug/SwiftViewer.app/Contents/PlugIns/SwiftViewerTests.xctest/Contents/MacOS/SwiftViewerTests normal (in target 'SwiftViewerTests' from project 'SwiftViewer')
    cd /Users/sho/working/swift/work/SwiftViewer
    /Applications/Xcode.app/Contents/Developer/Toolchains/XcodeDefault.xctoolchain/usr/bin/clang -Xlinker -reproducible -target arm64-apple-macos14.6 -bundle -isysroot /Applications/Xcode.app/Contents/Developer/Platforms/MacOSX.platform/Developer/SDKs/MacOSX15.5.sdk -O0 -L/Users/sho/Library/Developer/Xcode/DerivedData/SwiftViewer-bssesbdltupvekcpvhukylgdztst/Build/Intermediates.noindex/EagerLinkingTBDs/Debug -L/Users/sho/Library/Developer/Xcode/DerivedData/SwiftViewer-bssesbdltupvekcpvhukylgdztst/Build/Products/Debug -L/Applications/Xcode.app/Contents/Developer/Platforms/MacOSX.platform/Developer/usr/lib -F/Users/sho/Library/Developer/Xcode/DerivedData/SwiftViewer-bssesbdltupvekcpvhukylgdztst/Build/Intermediates.noindex/EagerLinkingTBDs/Debug -F/Users/sho/Library/Developer/Xcode/DerivedData/SwiftViewer-bssesbdltupvekcpvhukylgdztst/Build/Products/Debug -iframework /Applications/Xcode.app/Contents/Developer/Platforms/MacOSX.platform/Developer/Library/Frameworks -filelist /Users/sho/Library/Developer/Xcode/DerivedData/SwiftViewer-bssesbdltupvekcpvhukylgdztst/Build/Intermediates.noindex/SwiftViewer.build/Debug/SwiftViewerTests.build/Objects-normal/arm64/SwiftViewerTests.LinkFileList -Xlinker -rpath -Xlinker @loader_path/../Frameworks -Xlinker -rpath -Xlinker @executable_path/../Frameworks -bundle_loader /Users/sho/Library/Developer/Xcode/DerivedData/SwiftViewer-bssesbdltupvekcpvhukylgdztst/Build/Products/Debug/SwiftViewer.app/Contents/MacOS/SwiftViewer -Xlinker -object_path_lto -Xlinker /Users/sho/Library/Developer/Xcode/DerivedData/SwiftViewer-bssesbdltupvekcpvhukylgdztst/Build/Intermediates.noindex/SwiftViewer.build/Debug/SwiftViewerTests.build/Objects-normal/arm64/SwiftViewerTests_lto.o -rdynamic -Xlinker -no_deduplicate -Xlinker -debug_variant -Xlinker -dependency_info -Xlinker /Users/sho/Library/Developer/Xcode/DerivedData/SwiftViewer-bssesbdltupvekcpvhukylgdztst/Build/Intermediates.noindex/SwiftViewer.build/Debug/SwiftViewerTests.build/Objects-normal/arm64/SwiftViewerTests_dependency_info.dat -fobjc-link-runtime -fprofile-instr-generate -L/Applications/Xcode.app/Contents/Developer/Toolchains/XcodeDefault.xctoolchain/usr/lib/swift/macosx -L/usr/lib/swift -Xlinker -add_ast_path -Xlinker /Users/sho/Library/Developer/Xcode/DerivedData/SwiftViewer-bssesbdltupvekcpvhukylgdztst/Build/Intermediates.noindex/SwiftViewer.build/Debug/SwiftViewerTests.build/Objects-normal/arm64/SwiftViewerTests.swiftmodule -framework XCTest -lXCTestSwiftSupport /Users/sho/Library/Developer/Xcode/DerivedData/SwiftViewer-bssesbdltupvekcpvhukylgdztst/Build/Products/Debug/SwiftViewer.app/Contents/MacOS/SwiftViewer.debug.dylib -Xlinker -no_adhoc_codesign -o /Users/sho/Library/Developer/Xcode/DerivedData/SwiftViewer-bssesbdltupvekcpvhukylgdztst/Build/Products/Debug/SwiftViewer.app/Contents/PlugIns/SwiftViewerTests.xctest/Contents/MacOS/SwiftViewerTests

CopySwiftLibs /Users/sho/Library/Developer/Xcode/DerivedData/SwiftViewer-bssesbdltupvekcpvhukylgdztst/Build/Products/Debug/SwiftViewer.app/Contents/PlugIns/SwiftViewerTests.xctest (in target 'SwiftViewerTests' from project 'SwiftViewer')
    cd /Users/sho/working/swift/work/SwiftViewer
    builtin-swiftStdLibTool --copy --verbose --sign C1B92775A580A2B074E81EA6DB45EF8291457656 --scan-executable /Users/sho/Library/Developer/Xcode/DerivedData/SwiftViewer-bssesbdltupvekcpvhukylgdztst/Build/Products/Debug/SwiftViewer.app/Contents/PlugIns/SwiftViewerTests.xctest/Contents/MacOS/SwiftViewerTests --scan-folder /Users/sho/Library/Developer/Xcode/DerivedData/SwiftViewer-bssesbdltupvekcpvhukylgdztst/Build/Products/Debug/SwiftViewer.app/Contents/PlugIns/SwiftViewerTests.xctest/Contents/Frameworks --scan-folder /Users/sho/Library/Developer/Xcode/DerivedData/SwiftViewer-bssesbdltupvekcpvhukylgdztst/Build/Products/Debug/SwiftViewer.app/Contents/PlugIns/SwiftViewerTests.xctest/Contents/PlugIns --scan-folder /Users/sho/Library/Developer/Xcode/DerivedData/SwiftViewer-bssesbdltupvekcpvhukylgdztst/Build/Products/Debug/SwiftViewer.app/Contents/PlugIns/SwiftViewerTests.xctest/Contents/Library/SystemExtensions --scan-folder /Users/sho/Library/Developer/Xcode/DerivedData/SwiftViewer-bssesbdltupvekcpvhukylgdztst/Build/Products/Debug/SwiftViewer.app/Contents/PlugIns/SwiftViewerTests.xctest/Contents/Extensions --platform macosx --toolchain /Applications/Xcode.app/Contents/Developer/Toolchains/XcodeDefault.xctoolchain --destination /Users/sho/Library/Developer/Xcode/DerivedData/SwiftViewer-bssesbdltupvekcpvhukylgdztst/Build/Products/Debug/SwiftViewer.app/Contents/PlugIns/SwiftViewerTests.xctest/Contents/Frameworks --strip-bitcode --scan-executable /Applications/Xcode.app/Contents/Developer/Platforms/MacOSX.platform/Developer/usr/lib/libXCTestSwiftSupport.dylib --strip-bitcode-tool /Applications/Xcode.app/Contents/Developer/Toolchains/XcodeDefault.xctoolchain/usr/bin/bitcode_strip --emit-dependency-info /Users/sho/Library/Developer/Xcode/DerivedData/SwiftViewer-bssesbdltupvekcpvhukylgdztst/Build/Intermediates.noindex/SwiftViewer.build/Debug/SwiftViewerTests.build/SwiftStdLibToolInputDependencies.dep --filter-for-swift-os

ExtractAppIntentsMetadata (in target 'SwiftViewerTests' from project 'SwiftViewer')
    cd /Users/sho/working/swift/work/SwiftViewer
    /Applications/Xcode.app/Contents/Developer/Toolchains/XcodeDefault.xctoolchain/usr/bin/appintentsmetadataprocessor --toolchain-dir /Applications/Xcode.app/Contents/Developer/Toolchains/XcodeDefault.xctoolchain --module-name SwiftViewerTests --sdk-root /Applications/Xcode.app/Contents/Developer/Platforms/MacOSX.platform/Developer/SDKs/MacOSX15.5.sdk --xcode-version 16F6 --platform-family macOS --deployment-target 14.6 --bundle-identifier oshiire.SwiftViewerTests --output /Users/sho/Library/Developer/Xcode/DerivedData/SwiftViewer-bssesbdltupvekcpvhukylgdztst/Build/Products/Debug/SwiftViewer.app/Contents/PlugIns/SwiftViewerTests.xctest/Contents/Resources --target-triple arm64-apple-macos14.6 --binary-file /Users/sho/Library/Developer/Xcode/DerivedData/SwiftViewer-bssesbdltupvekcpvhukylgdztst/Build/Products/Debug/SwiftViewer.app/Contents/PlugIns/SwiftViewerTests.xctest/Contents/MacOS/SwiftViewerTests --dependency-file /Users/sho/Library/Developer/Xcode/DerivedData/SwiftViewer-bssesbdltupvekcpvhukylgdztst/Build/Intermediates.noindex/SwiftViewer.build/Debug/SwiftViewerTests.build/Objects-normal/arm64/SwiftViewerTests_dependency_info.dat --stringsdata-file /Users/sho/Library/Developer/Xcode/DerivedData/SwiftViewer-bssesbdltupvekcpvhukylgdztst/Build/Intermediates.noindex/SwiftViewer.build/Debug/SwiftViewerTests.build/Objects-normal/arm64/ExtractedAppShortcutsMetadata.stringsdata --source-file-list /Users/sho/Library/Developer/Xcode/DerivedData/SwiftViewer-bssesbdltupvekcpvhukylgdztst/Build/Intermediates.noindex/SwiftViewer.build/Debug/SwiftViewerTests.build/Objects-normal/arm64/SwiftViewerTests.SwiftFileList --metadata-file-list /Users/sho/Library/Developer/Xcode/DerivedData/SwiftViewer-bssesbdltupvekcpvhukylgdztst/Build/Intermediates.noindex/SwiftViewer.build/Debug/SwiftViewerTests.build/SwiftViewerTests.DependencyMetadataFileList --static-metadata-file-list /Users/sho/Library/Developer/Xcode/DerivedData/SwiftViewer-bssesbdltupvekcpvhukylgdztst/Build/Intermediates.noindex/SwiftViewer.build/Debug/SwiftViewerTests.build/SwiftViewerTests.DependencyStaticMetadataFileList --swift-const-vals-list /Users/sho/Library/Developer/Xcode/DerivedData/SwiftViewer-bssesbdltupvekcpvhukylgdztst/Build/Intermediates.noindex/SwiftViewer.build/Debug/SwiftViewerTests.build/Objects-normal/arm64/SwiftViewerTests.SwiftConstValuesFileList --compile-time-extraction --deployment-aware-processing --validate-assistant-intents --no-app-shortcuts-localization
2025-08-29 08:01:18.945 appintentsmetadataprocessor[64796:54972938] Starting appintentsmetadataprocessor export
2025-08-29 08:01:18.948 appintentsmetadataprocessor[64796:54972938] warning: Metadata extraction skipped. No AppIntents.framework dependency found.

CodeSign /Users/sho/Library/Developer/Xcode/DerivedData/SwiftViewer-bssesbdltupvekcpvhukylgdztst/Build/Products/Debug/SwiftViewer.app/Contents/PlugIns/SwiftViewerTests.xctest (in target 'SwiftViewerTests' from project 'SwiftViewer')
    cd /Users/sho/working/swift/work/SwiftViewer
    
    Signing Identity:     "Apple Development: Takashi Abe (TTSH6D2792)"
    
    /usr/bin/codesign --force --sign C1B92775A580A2B074E81EA6DB45EF8291457656 --timestamp\=none --generate-entitlement-der /Users/sho/Library/Developer/Xcode/DerivedData/SwiftViewer-bssesbdltupvekcpvhukylgdztst/Build/Products/Debug/SwiftViewer.app/Contents/PlugIns/SwiftViewerTests.xctest

RegisterExecutionPolicyException /Users/sho/Library/Developer/Xcode/DerivedData/SwiftViewer-bssesbdltupvekcpvhukylgdztst/Build/Products/Debug/SwiftViewer.app/Contents/PlugIns/SwiftViewerTests.xctest (in target 'SwiftViewerTests' from project 'SwiftViewer')
    cd /Users/sho/working/swift/work/SwiftViewer
    builtin-RegisterExecutionPolicyException /Users/sho/Library/Developer/Xcode/DerivedData/SwiftViewer-bssesbdltupvekcpvhukylgdztst/Build/Products/Debug/SwiftViewer.app/Contents/PlugIns/SwiftViewerTests.xctest

Touch /Users/sho/Library/Developer/Xcode/DerivedData/SwiftViewer-bssesbdltupvekcpvhukylgdztst/Build/Products/Debug/SwiftViewer.app/Contents/PlugIns/SwiftViewerTests.xctest (in target 'SwiftViewerTests' from project 'SwiftViewer')
    cd /Users/sho/working/swift/work/SwiftViewer
    /usr/bin/touch -c /Users/sho/Library/Developer/Xcode/DerivedData/SwiftViewer-bssesbdltupvekcpvhukylgdztst/Build/Products/Debug/SwiftViewer.app/Contents/PlugIns/SwiftViewerTests.xctest

CodeSign /Users/sho/Library/Developer/Xcode/DerivedData/SwiftViewer-bssesbdltupvekcpvhukylgdztst/Build/Products/Debug/SwiftViewer.app/Contents/MacOS/SwiftViewer.debug.dylib (in target 'SwiftViewer' from project 'SwiftViewer')
    cd /Users/sho/working/swift/work/SwiftViewer
    
    Signing Identity:     "Apple Development: Takashi Abe (TTSH6D2792)"
    
    /usr/bin/codesign --force --sign C1B92775A580A2B074E81EA6DB45EF8291457656 -o runtime --timestamp\=none --generate-entitlement-der /Users/sho/Library/Developer/Xcode/DerivedData/SwiftViewer-bssesbdltupvekcpvhukylgdztst/Build/Products/Debug/SwiftViewer.app/Contents/MacOS/SwiftViewer.debug.dylib

CodeSign /Users/sho/Library/Developer/Xcode/DerivedData/SwiftViewer-bssesbdltupvekcpvhukylgdztst/Build/Products/Debug/SwiftViewer.app/Contents/MacOS/__preview.dylib (in target 'SwiftViewer' from project 'SwiftViewer')
    cd /Users/sho/working/swift/work/SwiftViewer
    
    Signing Identity:     "Apple Development: Takashi Abe (TTSH6D2792)"
    
    /usr/bin/codesign --force --sign C1B92775A580A2B074E81EA6DB45EF8291457656 -o runtime --timestamp\=none --generate-entitlement-der /Users/sho/Library/Developer/Xcode/DerivedData/SwiftViewer-bssesbdltupvekcpvhukylgdztst/Build/Products/Debug/SwiftViewer.app/Contents/MacOS/__preview.dylib
/Users/sho/Library/Developer/Xcode/DerivedData/SwiftViewer-bssesbdltupvekcpvhukylgdztst/Build/Products/Debug/SwiftViewer.app/Contents/MacOS/__preview.dylib: replacing existing signature

CodeSign /Users/sho/Library/Developer/Xcode/DerivedData/SwiftViewer-bssesbdltupvekcpvhukylgdztst/Build/Products/Debug/SwiftViewer.app (in target 'SwiftViewer' from project 'SwiftViewer')
    cd /Users/sho/working/swift/work/SwiftViewer
    
    Signing Identity:     "Apple Development: Takashi Abe (TTSH6D2792)"
    
    /usr/bin/codesign --force --sign C1B92775A580A2B074E81EA6DB45EF8291457656 -o runtime --entitlements /Users/sho/Library/Developer/Xcode/DerivedData/SwiftViewer-bssesbdltupvekcpvhukylgdztst/Build/Intermediates.noindex/SwiftViewer.build/Debug/SwiftViewer.build/SwiftViewer.app.xcent --timestamp\=none --generate-entitlement-der /Users/sho/Library/Developer/Xcode/DerivedData/SwiftViewer-bssesbdltupvekcpvhukylgdztst/Build/Products/Debug/SwiftViewer.app

Validate /Users/sho/Library/Developer/Xcode/DerivedData/SwiftViewer-bssesbdltupvekcpvhukylgdztst/Build/Products/Debug/SwiftViewer.app (in target 'SwiftViewer' from project 'SwiftViewer')
    cd /Users/sho/working/swift/work/SwiftViewer
    builtin-validationUtility /Users/sho/Library/Developer/Xcode/DerivedData/SwiftViewer-bssesbdltupvekcpvhukylgdztst/Build/Products/Debug/SwiftViewer.app -no-validate-extension -infoplist-subpath Contents/Info.plist

RegisterWithLaunchServices /Users/sho/Library/Developer/Xcode/DerivedData/SwiftViewer-bssesbdltupvekcpvhukylgdztst/Build/Products/Debug/SwiftViewer.app (in target 'SwiftViewer' from project 'SwiftViewer')
    cd /Users/sho/working/swift/work/SwiftViewer
    /System/Library/Frameworks/CoreServices.framework/Versions/Current/Frameworks/LaunchServices.framework/Versions/Current/Support/lsregister -f -R -trusted /Users/sho/Library/Developer/Xcode/DerivedData/SwiftViewer-bssesbdltupvekcpvhukylgdztst/Build/Products/Debug/SwiftViewer.app

ProcessInfoPlistFile /Users/sho/Library/Developer/Xcode/DerivedData/SwiftViewer-bssesbdltupvekcpvhukylgdztst/Build/Products/Debug/SwiftViewerUITests-Runner.app/Contents/PlugIns/SwiftViewerUITests.xctest/Contents/Info.plist /Users/sho/Library/Developer/Xcode/DerivedData/SwiftViewer-bssesbdltupvekcpvhukylgdztst/Build/Intermediates.noindex/SwiftViewer.build/Debug/SwiftViewerUITests.build/empty-SwiftViewerUITests.plist (in target 'SwiftViewerUITests' from project 'SwiftViewer')
    cd /Users/sho/working/swift/work/SwiftViewer
    builtin-infoPlistUtility /Users/sho/Library/Developer/Xcode/DerivedData/SwiftViewer-bssesbdltupvekcpvhukylgdztst/Build/Intermediates.noindex/SwiftViewer.build/Debug/SwiftViewerUITests.build/empty-SwiftViewerUITests.plist -producttype com.apple.product-type.bundle.ui-testing -expandbuildsettings -platform macosx -additionalcontentfile /Users/sho/Library/Developer/Xcode/DerivedData/SwiftViewer-bssesbdltupvekcpvhukylgdztst/Build/Intermediates.noindex/SwiftViewer.build/Debug/SwiftViewerUITests.build/ProductTypeInfoPlistAdditions.plist -o /Users/sho/Library/Developer/Xcode/DerivedData/SwiftViewer-bssesbdltupvekcpvhukylgdztst/Build/Products/Debug/SwiftViewerUITests-Runner.app/Contents/PlugIns/SwiftViewerUITests.xctest/Contents/Info.plist

Ld /Users/sho/Library/Developer/Xcode/DerivedData/SwiftViewer-bssesbdltupvekcpvhukylgdztst/Build/Products/Debug/SwiftViewerUITests-Runner.app/Contents/PlugIns/SwiftViewerUITests.xctest/Contents/MacOS/SwiftViewerUITests normal (in target 'SwiftViewerUITests' from project 'SwiftViewer')
    cd /Users/sho/working/swift/work/SwiftViewer
    /Applications/Xcode.app/Contents/Developer/Toolchains/XcodeDefault.xctoolchain/usr/bin/clang -Xlinker -reproducible -target arm64-apple-macos14.6 -bundle -isysroot /Applications/Xcode.app/Contents/Developer/Platforms/MacOSX.platform/Developer/SDKs/MacOSX15.5.sdk -O0 -L/Users/sho/Library/Developer/Xcode/DerivedData/SwiftViewer-bssesbdltupvekcpvhukylgdztst/Build/Intermediates.noindex/EagerLinkingTBDs/Debug -L/Users/sho/Library/Developer/Xcode/DerivedData/SwiftViewer-bssesbdltupvekcpvhukylgdztst/Build/Products/Debug -L/Applications/Xcode.app/Contents/Developer/Platforms/MacOSX.platform/Developer/usr/lib -F/Users/sho/Library/Developer/Xcode/DerivedData/SwiftViewer-bssesbdltupvekcpvhukylgdztst/Build/Intermediates.noindex/EagerLinkingTBDs/Debug -F/Users/sho/Library/Developer/Xcode/DerivedData/SwiftViewer-bssesbdltupvekcpvhukylgdztst/Build/Products/Debug -iframework /Applications/Xcode.app/Contents/Developer/Platforms/MacOSX.platform/Developer/Library/Frameworks -filelist /Users/sho/Library/Developer/Xcode/DerivedData/SwiftViewer-bssesbdltupvekcpvhukylgdztst/Build/Intermediates.noindex/SwiftViewer.build/Debug/SwiftViewerUITests.build/Objects-normal/arm64/SwiftViewerUITests.LinkFileList -Xlinker -rpath -Xlinker @loader_path/../Frameworks -Xlinker -object_path_lto -Xlinker /Users/sho/Library/Developer/Xcode/DerivedData/SwiftViewer-bssesbdltupvekcpvhukylgdztst/Build/Intermediates.noindex/SwiftViewer.build/Debug/SwiftViewerUITests.build/Objects-normal/arm64/SwiftViewerUITests_lto.o -rdynamic -Xlinker -no_deduplicate -Xlinker -debug_variant -Xlinker -dependency_info -Xlinker /Users/sho/Library/Developer/Xcode/DerivedData/SwiftViewer-bssesbdltupvekcpvhukylgdztst/Build/Intermediates.noindex/SwiftViewer.build/Debug/SwiftViewerUITests.build/Objects-normal/arm64/SwiftViewerUITests_dependency_info.dat -fobjc-link-runtime -fprofile-instr-generate -L/Applications/Xcode.app/Contents/Developer/Toolchains/XcodeDefault.xctoolchain/usr/lib/swift/macosx -L/usr/lib/swift -Xlinker -add_ast_path -Xlinker /Users/sho/Library/Developer/Xcode/DerivedData/SwiftViewer-bssesbdltupvekcpvhukylgdztst/Build/Intermediates.noindex/SwiftViewer.build/Debug/SwiftViewerUITests.build/Objects-normal/arm64/SwiftViewerUITests.swiftmodule -framework XCTest -lXCTestSwiftSupport -Xlinker -no_adhoc_codesign -o /Users/sho/Library/Developer/Xcode/DerivedData/SwiftViewer-bssesbdltupvekcpvhukylgdztst/Build/Products/Debug/SwiftViewerUITests-Runner.app/Contents/PlugIns/SwiftViewerUITests.xctest/Contents/MacOS/SwiftViewerUITests

CopySwiftLibs /Users/sho/Library/Developer/Xcode/DerivedData/SwiftViewer-bssesbdltupvekcpvhukylgdztst/Build/Products/Debug/SwiftViewerUITests-Runner.app/Contents/PlugIns/SwiftViewerUITests.xctest (in target 'SwiftViewerUITests' from project 'SwiftViewer')
    cd /Users/sho/working/swift/work/SwiftViewer
    builtin-swiftStdLibTool --copy --verbose --sign C1B92775A580A2B074E81EA6DB45EF8291457656 --scan-executable /Users/sho/Library/Developer/Xcode/DerivedData/SwiftViewer-bssesbdltupvekcpvhukylgdztst/Build/Products/Debug/SwiftViewerUITests-Runner.app/Contents/PlugIns/SwiftViewerUITests.xctest/Contents/MacOS/SwiftViewerUITests --scan-folder /Users/sho/Library/Developer/Xcode/DerivedData/SwiftViewer-bssesbdltupvekcpvhukylgdztst/Build/Products/Debug/SwiftViewerUITests-Runner.app/Contents/PlugIns/SwiftViewerUITests.xctest/Contents/Frameworks --scan-folder /Users/sho/Library/Developer/Xcode/DerivedData/SwiftViewer-bssesbdltupvekcpvhukylgdztst/Build/Products/Debug/SwiftViewerUITests-Runner.app/Contents/PlugIns/SwiftViewerUITests.xctest/Contents/PlugIns --scan-folder /Users/sho/Library/Developer/Xcode/DerivedData/SwiftViewer-bssesbdltupvekcpvhukylgdztst/Build/Products/Debug/SwiftViewerUITests-Runner.app/Contents/PlugIns/SwiftViewerUITests.xctest/Contents/Library/SystemExtensions --scan-folder /Users/sho/Library/Developer/Xcode/DerivedData/SwiftViewer-bssesbdltupvekcpvhukylgdztst/Build/Products/Debug/SwiftViewerUITests-Runner.app/Contents/PlugIns/SwiftViewerUITests.xctest/Contents/Extensions --platform macosx --toolchain /Applications/Xcode.app/Contents/Developer/Toolchains/XcodeDefault.xctoolchain --destination /Users/sho/Library/Developer/Xcode/DerivedData/SwiftViewer-bssesbdltupvekcpvhukylgdztst/Build/Products/Debug/SwiftViewerUITests-Runner.app/Contents/PlugIns/SwiftViewerUITests.xctest/Contents/Frameworks --strip-bitcode --scan-executable /Applications/Xcode.app/Contents/Developer/Platforms/MacOSX.platform/Developer/usr/lib/libXCTestSwiftSupport.dylib --strip-bitcode-tool /Applications/Xcode.app/Contents/Developer/Toolchains/XcodeDefault.xctoolchain/usr/bin/bitcode_strip --emit-dependency-info /Users/sho/Library/Developer/Xcode/DerivedData/SwiftViewer-bssesbdltupvekcpvhukylgdztst/Build/Intermediates.noindex/SwiftViewer.build/Debug/SwiftViewerUITests.build/SwiftStdLibToolInputDependencies.dep --filter-for-swift-os

ExtractAppIntentsMetadata (in target 'SwiftViewerUITests' from project 'SwiftViewer')
    cd /Users/sho/working/swift/work/SwiftViewer
    /Applications/Xcode.app/Contents/Developer/Toolchains/XcodeDefault.xctoolchain/usr/bin/appintentsmetadataprocessor --toolchain-dir /Applications/Xcode.app/Contents/Developer/Toolchains/XcodeDefault.xctoolchain --module-name SwiftViewerUITests --sdk-root /Applications/Xcode.app/Contents/Developer/Platforms/MacOSX.platform/Developer/SDKs/MacOSX15.5.sdk --xcode-version 16F6 --platform-family macOS --deployment-target 14.6 --bundle-identifier oshiire.SwiftViewerUITests --output /Users/sho/Library/Developer/Xcode/DerivedData/SwiftViewer-bssesbdltupvekcpvhukylgdztst/Build/Products/Debug/SwiftViewerUITests-Runner.app/Contents/PlugIns/SwiftViewerUITests.xctest/Contents/Resources --target-triple arm64-apple-macos14.6 --binary-file /Users/sho/Library/Developer/Xcode/DerivedData/SwiftViewer-bssesbdltupvekcpvhukylgdztst/Build/Products/Debug/SwiftViewerUITests-Runner.app/Contents/PlugIns/SwiftViewerUITests.xctest/Contents/MacOS/SwiftViewerUITests --dependency-file /Users/sho/Library/Developer/Xcode/DerivedData/SwiftViewer-bssesbdltupvekcpvhukylgdztst/Build/Intermediates.noindex/SwiftViewer.build/Debug/SwiftViewerUITests.build/Objects-normal/arm64/SwiftViewerUITests_dependency_info.dat --stringsdata-file /Users/sho/Library/Developer/Xcode/DerivedData/SwiftViewer-bssesbdltupvekcpvhukylgdztst/Build/Intermediates.noindex/SwiftViewer.build/Debug/SwiftViewerUITests.build/Objects-normal/arm64/ExtractedAppShortcutsMetadata.stringsdata --source-file-list /Users/sho/Library/Developer/Xcode/DerivedData/SwiftViewer-bssesbdltupvekcpvhukylgdztst/Build/Intermediates.noindex/SwiftViewer.build/Debug/SwiftViewerUITests.build/Objects-normal/arm64/SwiftViewerUITests.SwiftFileList --metadata-file-list /Users/sho/Library/Developer/Xcode/DerivedData/SwiftViewer-bssesbdltupvekcpvhukylgdztst/Build/Intermediates.noindex/SwiftViewer.build/Debug/SwiftViewerUITests.build/SwiftViewerUITests.DependencyMetadataFileList --static-metadata-file-list /Users/sho/Library/Developer/Xcode/DerivedData/SwiftViewer-bssesbdltupvekcpvhukylgdztst/Build/Intermediates.noindex/SwiftViewer.build/Debug/SwiftViewerUITests.build/SwiftViewerUITests.DependencyStaticMetadataFileList --swift-const-vals-list /Users/sho/Library/Developer/Xcode/DerivedData/SwiftViewer-bssesbdltupvekcpvhukylgdztst/Build/Intermediates.noindex/SwiftViewer.build/Debug/SwiftViewerUITests.build/Objects-normal/arm64/SwiftViewerUITests.SwiftConstValuesFileList --compile-time-extraction --deployment-aware-processing --validate-assistant-intents --no-app-shortcuts-localization
2025-08-29 08:01:19.793 appintentsmetadataprocessor[64822:54973038] Starting appintentsmetadataprocessor export
2025-08-29 08:01:19.796 appintentsmetadataprocessor[64822:54973038] warning: Metadata extraction skipped. No AppIntents.framework dependency found.

CopyPlistFile /Users/sho/Library/Developer/Xcode/DerivedData/SwiftViewer-bssesbdltupvekcpvhukylgdztst/Build/Products/Debug/SwiftViewerUITests-Runner.app/Contents/Info.plist /Applications/Xcode.app/Contents/Developer/Platforms/MacOSX.platform/Developer/Library/Xcode/Agents/XCTRunner.app/Contents/Info.plist (in target 'SwiftViewerUITests' from project 'SwiftViewer')
    cd /Users/sho/working/swift/work/SwiftViewer
    builtin-copyPlist --validate --convert xml1 --macro-expansion WRAPPEDPRODUCTNAME SwiftViewerUITests-Runner --macro-expansion WRAPPEDPRODUCTBUNDLEIDENTIFIER oshiire.SwiftViewerUITests.xctrunner --macro-expansion TESTPRODUCTNAME SwiftViewerUITests --macro-expansion TESTPRODUCTBUNDLEIDENTIFIER oshiire.SwiftViewerUITests --copy-value UIDeviceFamily /Users/sho/Library/Developer/Xcode/DerivedData/SwiftViewer-bssesbdltupvekcpvhukylgdztst/Build/Products/Debug/SwiftViewerUITests-Runner.app/Contents/PlugIns/SwiftViewerUITests.xctest/Contents/Info.plist --outdir /Users/sho/Library/Developer/Xcode/DerivedData/SwiftViewer-bssesbdltupvekcpvhukylgdztst/Build/Products/Debug/SwiftViewerUITests-Runner.app/Contents -- /Applications/Xcode.app/Contents/Developer/Platforms/MacOSX.platform/Developer/Library/Xcode/Agents/XCTRunner.app/Contents/Info.plist

Copy /Users/sho/Library/Developer/Xcode/DerivedData/SwiftViewer-bssesbdltupvekcpvhukylgdztst/Build/Products/Debug/SwiftViewerUITests-Runner.app/Contents/PkgInfo /Applications/Xcode.app/Contents/Developer/Platforms/MacOSX.platform/Developer/Library/Xcode/Agents/XCTRunner.app/Contents/PkgInfo (in target 'SwiftViewerUITests' from project 'SwiftViewer')
    cd /Users/sho/working/swift/work/SwiftViewer
    builtin-copy -exclude .DS_Store -exclude CVS -exclude .svn -exclude .git -exclude .hg -resolve-src-symlinks /Applications/Xcode.app/Contents/Developer/Platforms/MacOSX.platform/Developer/Library/Xcode/Agents/XCTRunner.app/Contents/PkgInfo /Users/sho/Library/Developer/Xcode/DerivedData/SwiftViewer-bssesbdltupvekcpvhukylgdztst/Build/Products/Debug/SwiftViewerUITests-Runner.app/Contents

MkDir /Users/sho/Library/Developer/Xcode/DerivedData/SwiftViewer-bssesbdltupvekcpvhukylgdztst/Build/Products/Debug/SwiftViewerUITests-Runner.app (in target 'SwiftViewerUITests' from project 'SwiftViewer')
    cd /Users/sho/working/swift/work/SwiftViewer
    /bin/mkdir -p /Users/sho/Library/Developer/Xcode/DerivedData/SwiftViewer-bssesbdltupvekcpvhukylgdztst/Build/Products/Debug/SwiftViewerUITests-Runner.app

Copy /Users/sho/Library/Developer/Xcode/DerivedData/SwiftViewer-bssesbdltupvekcpvhukylgdztst/Build/Products/Debug/SwiftViewerUITests-Runner.app/Contents/Frameworks/XCTestSupport.framework /Applications/Xcode.app/Contents/Developer/Platforms/MacOSX.platform/Developer/Library/PrivateFrameworks/XCTestSupport.framework (in target 'SwiftViewerUITests' from project 'SwiftViewer')
    cd /Users/sho/working/swift/work/SwiftViewer
    builtin-copy -exclude .DS_Store -exclude CVS -exclude .svn -exclude .git -exclude .hg -exclude Headers -exclude PrivateHeaders -exclude Modules -exclude \*.tbd -resolve-src-symlinks /Applications/Xcode.app/Contents/Developer/Platforms/MacOSX.platform/Developer/Library/PrivateFrameworks/XCTestSupport.framework /Users/sho/Library/Developer/Xcode/DerivedData/SwiftViewer-bssesbdltupvekcpvhukylgdztst/Build/Products/Debug/SwiftViewerUITests-Runner.app/Contents/Frameworks

Copy /Users/sho/Library/Developer/Xcode/DerivedData/SwiftViewer-bssesbdltupvekcpvhukylgdztst/Build/Products/Debug/SwiftViewerUITests-Runner.app/Contents/Frameworks/XCUIAutomation.framework /Applications/Xcode.app/Contents/Developer/Platforms/MacOSX.platform/Developer/Library/Frameworks/XCUIAutomation.framework (in target 'SwiftViewerUITests' from project 'SwiftViewer')
    cd /Users/sho/working/swift/work/SwiftViewer
    builtin-copy -exclude .DS_Store -exclude CVS -exclude .svn -exclude .git -exclude .hg -exclude Headers -exclude PrivateHeaders -exclude Modules -exclude \*.tbd -resolve-src-symlinks /Applications/Xcode.app/Contents/Developer/Platforms/MacOSX.platform/Developer/Library/Frameworks/XCUIAutomation.framework /Users/sho/Library/Developer/Xcode/DerivedData/SwiftViewer-bssesbdltupvekcpvhukylgdztst/Build/Products/Debug/SwiftViewerUITests-Runner.app/Contents/Frameworks

CopyAndPreserveArchs /Users/sho/Library/Developer/Xcode/DerivedData/SwiftViewer-bssesbdltupvekcpvhukylgdztst/Build/Products/Debug/SwiftViewerUITests-Runner.app/Contents/MacOS/SwiftViewerUITests-Runner (in target 'SwiftViewerUITests' from project 'SwiftViewer')
    cd /Users/sho/working/swift/work/SwiftViewer
    /Applications/Xcode.app/Contents/Developer/Toolchains/XcodeDefault.xctoolchain/usr/bin/lipo /Applications/Xcode.app/Contents/Developer/Platforms/MacOSX.platform/Developer/Library/Xcode/Agents/XCTRunner.app/Contents/MacOS/XCTRunner -output /Users/sho/Library/Developer/Xcode/DerivedData/SwiftViewer-bssesbdltupvekcpvhukylgdztst/Build/Products/Debug/SwiftViewerUITests-Runner.app/Contents/MacOS/SwiftViewerUITests-Runner -extract arm64

Copy /Users/sho/Library/Developer/Xcode/DerivedData/SwiftViewer-bssesbdltupvekcpvhukylgdztst/Build/Products/Debug/SwiftViewerUITests-Runner.app/Contents/Frameworks/libXCTestSwiftSupport.dylib /Applications/Xcode.app/Contents/Developer/Platforms/MacOSX.platform/Developer/usr/lib/libXCTestSwiftSupport.dylib (in target 'SwiftViewerUITests' from project 'SwiftViewer')
    cd /Users/sho/working/swift/work/SwiftViewer
    builtin-copy -exclude .DS_Store -exclude CVS -exclude .svn -exclude .git -exclude .hg -exclude Headers -exclude PrivateHeaders -exclude Modules -exclude \*.tbd -resolve-src-symlinks /Applications/Xcode.app/Contents/Developer/Platforms/MacOSX.platform/Developer/usr/lib/libXCTestSwiftSupport.dylib /Users/sho/Library/Developer/Xcode/DerivedData/SwiftViewer-bssesbdltupvekcpvhukylgdztst/Build/Products/Debug/SwiftViewerUITests-Runner.app/Contents/Frameworks

CodeSign /Users/sho/Library/Developer/Xcode/DerivedData/SwiftViewer-bssesbdltupvekcpvhukylgdztst/Build/Products/Debug/SwiftViewerUITests-Runner.app/Contents/PlugIns/SwiftViewerUITests.xctest (in target 'SwiftViewerUITests' from project 'SwiftViewer')
    cd /Users/sho/working/swift/work/SwiftViewer
    
    Signing Identity:     "Apple Development: Takashi Abe (TTSH6D2792)"
    
    /usr/bin/codesign --force --sign C1B92775A580A2B074E81EA6DB45EF8291457656 --entitlements /Users/sho/Library/Developer/Xcode/DerivedData/SwiftViewer-bssesbdltupvekcpvhukylgdztst/Build/Intermediates.noindex/SwiftViewer.build/Debug/SwiftViewerUITests.build/SwiftViewerUITests.xctest.xcent --timestamp\=none --generate-entitlement-der /Users/sho/Library/Developer/Xcode/DerivedData/SwiftViewer-bssesbdltupvekcpvhukylgdztst/Build/Products/Debug/SwiftViewerUITests-Runner.app/Contents/PlugIns/SwiftViewerUITests.xctest

Copy /Users/sho/Library/Developer/Xcode/DerivedData/SwiftViewer-bssesbdltupvekcpvhukylgdztst/Build/Products/Debug/SwiftViewerUITests-Runner.app/Contents/Frameworks/XCTest.framework /Applications/Xcode.app/Contents/Developer/Platforms/MacOSX.platform/Developer/Library/Frameworks/XCTest.framework (in target 'SwiftViewerUITests' from project 'SwiftViewer')
    cd /Users/sho/working/swift/work/SwiftViewer
    builtin-copy -exclude .DS_Store -exclude CVS -exclude .svn -exclude .git -exclude .hg -exclude Headers -exclude PrivateHeaders -exclude Modules -exclude \*.tbd -resolve-src-symlinks /Applications/Xcode.app/Contents/Developer/Platforms/MacOSX.platform/Developer/Library/Frameworks/XCTest.framework /Users/sho/Library/Developer/Xcode/DerivedData/SwiftViewer-bssesbdltupvekcpvhukylgdztst/Build/Products/Debug/SwiftViewerUITests-Runner.app/Contents/Frameworks

Copy /Users/sho/Library/Developer/Xcode/DerivedData/SwiftViewer-bssesbdltupvekcpvhukylgdztst/Build/Products/Debug/SwiftViewerUITests-Runner.app/Contents/Frameworks/XCTestCore.framework /Applications/Xcode.app/Contents/Developer/Platforms/MacOSX.platform/Developer/Library/PrivateFrameworks/XCTestCore.framework (in target 'SwiftViewerUITests' from project 'SwiftViewer')
    cd /Users/sho/working/swift/work/SwiftViewer
    builtin-copy -exclude .DS_Store -exclude CVS -exclude .svn -exclude .git -exclude .hg -exclude Headers -exclude PrivateHeaders -exclude Modules -exclude \*.tbd -resolve-src-symlinks /Applications/Xcode.app/Contents/Developer/Platforms/MacOSX.platform/Developer/Library/PrivateFrameworks/XCTestCore.framework /Users/sho/Library/Developer/Xcode/DerivedData/SwiftViewer-bssesbdltupvekcpvhukylgdztst/Build/Products/Debug/SwiftViewerUITests-Runner.app/Contents/Frameworks

Copy /Users/sho/Library/Developer/Xcode/DerivedData/SwiftViewer-bssesbdltupvekcpvhukylgdztst/Build/Products/Debug/SwiftViewerUITests-Runner.app/Contents/Frameworks/Testing.framework /Applications/Xcode.app/Contents/Developer/Platforms/MacOSX.platform/Developer/Library/Frameworks/Testing.framework (in target 'SwiftViewerUITests' from project 'SwiftViewer')
    cd /Users/sho/working/swift/work/SwiftViewer
    builtin-copy -exclude .DS_Store -exclude CVS -exclude .svn -exclude .git -exclude .hg -exclude Headers -exclude PrivateHeaders -exclude Modules -exclude \*.tbd -resolve-src-symlinks /Applications/Xcode.app/Contents/Developer/Platforms/MacOSX.platform/Developer/Library/Frameworks/Testing.framework /Users/sho/Library/Developer/Xcode/DerivedData/SwiftViewer-bssesbdltupvekcpvhukylgdztst/Build/Products/Debug/SwiftViewerUITests-Runner.app/Contents/Frameworks

Copy /Users/sho/Library/Developer/Xcode/DerivedData/SwiftViewer-bssesbdltupvekcpvhukylgdztst/Build/Products/Debug/SwiftViewerUITests-Runner.app/Contents/Frameworks/XCTAutomationSupport.framework /Applications/Xcode.app/Contents/Developer/Platforms/MacOSX.platform/Developer/Library/PrivateFrameworks/XCTAutomationSupport.framework (in target 'SwiftViewerUITests' from project 'SwiftViewer')
    cd /Users/sho/working/swift/work/SwiftViewer
    builtin-copy -exclude .DS_Store -exclude CVS -exclude .svn -exclude .git -exclude .hg -exclude Headers -exclude PrivateHeaders -exclude Modules -exclude \*.tbd -resolve-src-symlinks /Applications/Xcode.app/Contents/Developer/Platforms/MacOSX.platform/Developer/Library/PrivateFrameworks/XCTAutomationSupport.framework /Users/sho/Library/Developer/Xcode/DerivedData/SwiftViewer-bssesbdltupvekcpvhukylgdztst/Build/Products/Debug/SwiftViewerUITests-Runner.app/Contents/Frameworks

Copy /Users/sho/Library/Developer/Xcode/DerivedData/SwiftViewer-bssesbdltupvekcpvhukylgdztst/Build/Products/Debug/SwiftViewerUITests-Runner.app/Contents/Frameworks/XCUnit.framework /Applications/Xcode.app/Contents/Developer/Platforms/MacOSX.platform/Developer/Library/PrivateFrameworks/XCUnit.framework (in target 'SwiftViewerUITests' from project 'SwiftViewer')
    cd /Users/sho/working/swift/work/SwiftViewer
    builtin-copy -exclude .DS_Store -exclude CVS -exclude .svn -exclude .git -exclude .hg -exclude Headers -exclude PrivateHeaders -exclude Modules -exclude \*.tbd -resolve-src-symlinks /Applications/Xcode.app/Contents/Developer/Platforms/MacOSX.platform/Developer/Library/PrivateFrameworks/XCUnit.framework /Users/sho/Library/Developer/Xcode/DerivedData/SwiftViewer-bssesbdltupvekcpvhukylgdztst/Build/Products/Debug/SwiftViewerUITests-Runner.app/Contents/Frameworks

CodeSign /Users/sho/Library/Developer/Xcode/DerivedData/SwiftViewer-bssesbdltupvekcpvhukylgdztst/Build/Products/Debug/SwiftViewerUITests-Runner.app/Contents/Frameworks/libXCTestSwiftSupport.dylib (in target 'SwiftViewerUITests' from project 'SwiftViewer')
    cd /Users/sho/working/swift/work/SwiftViewer
    
    Signing Identity:     "Apple Development: Takashi Abe (TTSH6D2792)"
    
    /usr/bin/codesign --force --sign C1B92775A580A2B074E81EA6DB45EF8291457656 --timestamp\=none --preserve-metadata\=identifier,entitlements,flags --generate-entitlement-der /Users/sho/Library/Developer/Xcode/DerivedData/SwiftViewer-bssesbdltupvekcpvhukylgdztst/Build/Products/Debug/SwiftViewerUITests-Runner.app/Contents/Frameworks/libXCTestSwiftSupport.dylib
/Users/sho/Library/Developer/Xcode/DerivedData/SwiftViewer-bssesbdltupvekcpvhukylgdztst/Build/Products/Debug/SwiftViewerUITests-Runner.app/Contents/Frameworks/libXCTestSwiftSupport.dylib: replacing existing signature

CodeSign /Users/sho/Library/Developer/Xcode/DerivedData/SwiftViewer-bssesbdltupvekcpvhukylgdztst/Build/Products/Debug/SwiftViewerUITests-Runner.app/Contents/Frameworks/XCUnit.framework (in target 'SwiftViewerUITests' from project 'SwiftViewer')
    cd /Users/sho/working/swift/work/SwiftViewer
    
    Signing Identity:     "Apple Development: Takashi Abe (TTSH6D2792)"
    
    /usr/bin/codesign --force --sign C1B92775A580A2B074E81EA6DB45EF8291457656 --timestamp\=none --preserve-metadata\=identifier,entitlements,flags --generate-entitlement-der /Users/sho/Library/Developer/Xcode/DerivedData/SwiftViewer-bssesbdltupvekcpvhukylgdztst/Build/Products/Debug/SwiftViewerUITests-Runner.app/Contents/Frameworks/XCUnit.framework
/Users/sho/Library/Developer/Xcode/DerivedData/SwiftViewer-bssesbdltupvekcpvhukylgdztst/Build/Products/Debug/SwiftViewerUITests-Runner.app/Contents/Frameworks/XCUnit.framework: replacing existing signature

CodeSign /Users/sho/Library/Developer/Xcode/DerivedData/SwiftViewer-bssesbdltupvekcpvhukylgdztst/Build/Products/Debug/SwiftViewerUITests-Runner.app/Contents/Frameworks/XCTAutomationSupport.framework (in target 'SwiftViewerUITests' from project 'SwiftViewer')
    cd /Users/sho/working/swift/work/SwiftViewer
    
    Signing Identity:     "Apple Development: Takashi Abe (TTSH6D2792)"
    
    /usr/bin/codesign --force --sign C1B92775A580A2B074E81EA6DB45EF8291457656 --timestamp\=none --preserve-metadata\=identifier,entitlements,flags --generate-entitlement-der /Users/sho/Library/Developer/Xcode/DerivedData/SwiftViewer-bssesbdltupvekcpvhukylgdztst/Build/Products/Debug/SwiftViewerUITests-Runner.app/Contents/Frameworks/XCTAutomationSupport.framework
/Users/sho/Library/Developer/Xcode/DerivedData/SwiftViewer-bssesbdltupvekcpvhukylgdztst/Build/Products/Debug/SwiftViewerUITests-Runner.app/Contents/Frameworks/XCTAutomationSupport.framework: replacing existing signature

CodeSign /Users/sho/Library/Developer/Xcode/DerivedData/SwiftViewer-bssesbdltupvekcpvhukylgdztst/Build/Products/Debug/SwiftViewerUITests-Runner.app/Contents/Frameworks/XCTest.framework (in target 'SwiftViewerUITests' from project 'SwiftViewer')
    cd /Users/sho/working/swift/work/SwiftViewer
    
    Signing Identity:     "Apple Development: Takashi Abe (TTSH6D2792)"
    
    /usr/bin/codesign --force --sign C1B92775A580A2B074E81EA6DB45EF8291457656 --timestamp\=none --preserve-metadata\=identifier,entitlements,flags --generate-entitlement-der /Users/sho/Library/Developer/Xcode/DerivedData/SwiftViewer-bssesbdltupvekcpvhukylgdztst/Build/Products/Debug/SwiftViewerUITests-Runner.app/Contents/Frameworks/XCTest.framework
/Users/sho/Library/Developer/Xcode/DerivedData/SwiftViewer-bssesbdltupvekcpvhukylgdztst/Build/Products/Debug/SwiftViewerUITests-Runner.app/Contents/Frameworks/XCTest.framework: replacing existing signature

CodeSign /Users/sho/Library/Developer/Xcode/DerivedData/SwiftViewer-bssesbdltupvekcpvhukylgdztst/Build/Products/Debug/SwiftViewerUITests-Runner.app/Contents/Frameworks/XCTestSupport.framework (in target 'SwiftViewerUITests' from project 'SwiftViewer')
    cd /Users/sho/working/swift/work/SwiftViewer
    
    Signing Identity:     "Apple Development: Takashi Abe (TTSH6D2792)"
    
    /usr/bin/codesign --force --sign C1B92775A580A2B074E81EA6DB45EF8291457656 --timestamp\=none --preserve-metadata\=identifier,entitlements,flags --generate-entitlement-der /Users/sho/Library/Developer/Xcode/DerivedData/SwiftViewer-bssesbdltupvekcpvhukylgdztst/Build/Products/Debug/SwiftViewerUITests-Runner.app/Contents/Frameworks/XCTestSupport.framework
/Users/sho/Library/Developer/Xcode/DerivedData/SwiftViewer-bssesbdltupvekcpvhukylgdztst/Build/Products/Debug/SwiftViewerUITests-Runner.app/Contents/Frameworks/XCTestSupport.framework: replacing existing signature

CodeSign /Users/sho/Library/Developer/Xcode/DerivedData/SwiftViewer-bssesbdltupvekcpvhukylgdztst/Build/Products/Debug/SwiftViewerUITests-Runner.app/Contents/Frameworks/XCUIAutomation.framework (in target 'SwiftViewerUITests' from project 'SwiftViewer')
    cd /Users/sho/working/swift/work/SwiftViewer
    
    Signing Identity:     "Apple Development: Takashi Abe (TTSH6D2792)"
    
    /usr/bin/codesign --force --sign C1B92775A580A2B074E81EA6DB45EF8291457656 --timestamp\=none --preserve-metadata\=identifier,entitlements,flags --generate-entitlement-der /Users/sho/Library/Developer/Xcode/DerivedData/SwiftViewer-bssesbdltupvekcpvhukylgdztst/Build/Products/Debug/SwiftViewerUITests-Runner.app/Contents/Frameworks/XCUIAutomation.framework
/Users/sho/Library/Developer/Xcode/DerivedData/SwiftViewer-bssesbdltupvekcpvhukylgdztst/Build/Products/Debug/SwiftViewerUITests-Runner.app/Contents/Frameworks/XCUIAutomation.framework: replacing existing signature

CodeSign /Users/sho/Library/Developer/Xcode/DerivedData/SwiftViewer-bssesbdltupvekcpvhukylgdztst/Build/Products/Debug/SwiftViewerUITests-Runner.app/Contents/Frameworks/Testing.framework (in target 'SwiftViewerUITests' from project 'SwiftViewer')
    cd /Users/sho/working/swift/work/SwiftViewer
    
    Signing Identity:     "Apple Development: Takashi Abe (TTSH6D2792)"
    
    /usr/bin/codesign --force --sign C1B92775A580A2B074E81EA6DB45EF8291457656 --timestamp\=none --preserve-metadata\=identifier,entitlements,flags --generate-entitlement-der /Users/sho/Library/Developer/Xcode/DerivedData/SwiftViewer-bssesbdltupvekcpvhukylgdztst/Build/Products/Debug/SwiftViewerUITests-Runner.app/Contents/Frameworks/Testing.framework
/Users/sho/Library/Developer/Xcode/DerivedData/SwiftViewer-bssesbdltupvekcpvhukylgdztst/Build/Products/Debug/SwiftViewerUITests-Runner.app/Contents/Frameworks/Testing.framework: replacing existing signature

CodeSign /Users/sho/Library/Developer/Xcode/DerivedData/SwiftViewer-bssesbdltupvekcpvhukylgdztst/Build/Products/Debug/SwiftViewerUITests-Runner.app/Contents/Frameworks/XCTestCore.framework (in target 'SwiftViewerUITests' from project 'SwiftViewer')
    cd /Users/sho/working/swift/work/SwiftViewer
    
    Signing Identity:     "Apple Development: Takashi Abe (TTSH6D2792)"
    
    /usr/bin/codesign --force --sign C1B92775A580A2B074E81EA6DB45EF8291457656 --timestamp\=none --preserve-metadata\=identifier,entitlements,flags --generate-entitlement-der /Users/sho/Library/Developer/Xcode/DerivedData/SwiftViewer-bssesbdltupvekcpvhukylgdztst/Build/Products/Debug/SwiftViewerUITests-Runner.app/Contents/Frameworks/XCTestCore.framework
/Users/sho/Library/Developer/Xcode/DerivedData/SwiftViewer-bssesbdltupvekcpvhukylgdztst/Build/Products/Debug/SwiftViewerUITests-Runner.app/Contents/Frameworks/XCTestCore.framework: replacing existing signature

RegisterExecutionPolicyException /Users/sho/Library/Developer/Xcode/DerivedData/SwiftViewer-bssesbdltupvekcpvhukylgdztst/Build/Products/Debug/SwiftViewerUITests-Runner.app/Contents/PlugIns/SwiftViewerUITests.xctest (in target 'SwiftViewerUITests' from project 'SwiftViewer')
    cd /Users/sho/working/swift/work/SwiftViewer
    builtin-RegisterExecutionPolicyException /Users/sho/Library/Developer/Xcode/DerivedData/SwiftViewer-bssesbdltupvekcpvhukylgdztst/Build/Products/Debug/SwiftViewerUITests-Runner.app/Contents/PlugIns/SwiftViewerUITests.xctest

Touch /Users/sho/Library/Developer/Xcode/DerivedData/SwiftViewer-bssesbdltupvekcpvhukylgdztst/Build/Products/Debug/SwiftViewerUITests-Runner.app/Contents/PlugIns/SwiftViewerUITests.xctest (in target 'SwiftViewerUITests' from project 'SwiftViewer')
    cd /Users/sho/working/swift/work/SwiftViewer
    /usr/bin/touch -c /Users/sho/Library/Developer/Xcode/DerivedData/SwiftViewer-bssesbdltupvekcpvhukylgdztst/Build/Products/Debug/SwiftViewerUITests-Runner.app/Contents/PlugIns/SwiftViewerUITests.xctest

CodeSign /Users/sho/Library/Developer/Xcode/DerivedData/SwiftViewer-bssesbdltupvekcpvhukylgdztst/Build/Products/Debug/SwiftViewerUITests-Runner.app (in target 'SwiftViewerUITests' from project 'SwiftViewer')
    cd /Users/sho/working/swift/work/SwiftViewer
    
    Signing Identity:     "Apple Development: Takashi Abe (TTSH6D2792)"
    
    /usr/bin/codesign --force --sign C1B92775A580A2B074E81EA6DB45EF8291457656 --entitlements /Users/sho/Library/Developer/Xcode/DerivedData/SwiftViewer-bssesbdltupvekcpvhukylgdztst/Build/Intermediates.noindex/SwiftViewer.build/Debug/SwiftViewerUITests.build/SwiftViewerUITests.xctest.xcent --timestamp\=none --generate-entitlement-der /Users/sho/Library/Developer/Xcode/DerivedData/SwiftViewer-bssesbdltupvekcpvhukylgdztst/Build/Products/Debug/SwiftViewerUITests-Runner.app
/Users/sho/Library/Developer/Xcode/DerivedData/SwiftViewer-bssesbdltupvekcpvhukylgdztst/Build/Products/Debug/SwiftViewerUITests-Runner.app: replacing existing signature

2025-08-29 08:01:22.438682+0900 SwiftViewer[64874:54973215] ApplePersistenceIgnoreState: Existing state will not be touched. New state will be written to /Users/sho/Library/Containers/oshiire.SwiftViewer/Data/tmp/oshiire.SwiftViewer.savedState
Test Suite 'All tests' started at 2025-08-29 08:01:23.059.
Test Suite 'SwiftViewerTests.xctest' started at 2025-08-29 08:01:23.059.
Test Suite 'AutoHideControlsManagerTests' started at 2025-08-29 08:01:23.059.
Test Case '-[SwiftViewerTests.AutoHideControlsManagerTests test_cleanupTimer_canBeCalledMultipleTimes]' started.
Test Case '-[SwiftViewerTests.AutoHideControlsManagerTests test_cleanupTimer_canBeCalledMultipleTimes]' passed (0.001 seconds).
Test Case '-[SwiftViewerTests.AutoHideControlsManagerTests test_deinit_cleansUpTimer]' started.
Test Case '-[SwiftViewerTests.AutoHideControlsManagerTests test_deinit_cleansUpTimer]' passed (0.001 seconds).
Test Case '-[SwiftViewerTests.AutoHideControlsManagerTests test_hideControlsIfAllowed_hidesControls_whenAllowed]' started.
Test Case '-[SwiftViewerTests.AutoHideControlsManagerTests test_hideControlsIfAllowed_hidesControls_whenAllowed]' passed (0.001 seconds).
Test Case '-[SwiftViewerTests.AutoHideControlsManagerTests test_hideControlsIfAllowed_keepsControlsVisible_whenNotAllowed]' started.
Test Case '-[SwiftViewerTests.AutoHideControlsManagerTests test_hideControlsIfAllowed_keepsControlsVisible_whenNotAllowed]' passed (0.000 seconds).
Test Case '-[SwiftViewerTests.AutoHideControlsManagerTests test_hideControlsImmediately_hidesControls]' started.
Test Case '-[SwiftViewerTests.AutoHideControlsManagerTests test_hideControlsImmediately_hidesControls]' passed (0.000 seconds).
Test Case '-[SwiftViewerTests.AutoHideControlsManagerTests test_initialization_controlsVisibleByDefault]' started.
Test Case '-[SwiftViewerTests.AutoHideControlsManagerTests test_initialization_controlsVisibleByDefault]' passed (0.001 seconds).
Test Case '-[SwiftViewerTests.AutoHideControlsManagerTests test_initialization_lastActivityTimeIsRecent]' started.
Test Case '-[SwiftViewerTests.AutoHideControlsManagerTests test_initialization_lastActivityTimeIsRecent]' passed (0.001 seconds).
Test Case '-[SwiftViewerTests.AutoHideControlsManagerTests test_mockManager_canOverrideShouldAllowAutoHide]' started.
Test Case '-[SwiftViewerTests.AutoHideControlsManagerTests test_mockManager_canOverrideShouldAllowAutoHide]' passed (0.001 seconds).
Test Case '-[SwiftViewerTests.AutoHideControlsManagerTests test_mockManager_canSimulateTimerFire]' started.
Test Case '-[SwiftViewerTests.AutoHideControlsManagerTests test_mockManager_canSimulateTimerFire]' passed (0.001 seconds).
Test Case '-[SwiftViewerTests.AutoHideControlsManagerTests test_mockManager_simulateAutoHideCheck_usesRealLogic]' started.
Test Case '-[SwiftViewerTests.AutoHideControlsManagerTests test_mockManager_simulateAutoHideCheck_usesRealLogic]' passed (0.001 seconds).
Test Case '-[SwiftViewerTests.AutoHideControlsManagerTests test_mockManager_tracksActivityCalls]' started.
Test Case '-[SwiftViewerTests.AutoHideControlsManagerTests test_mockManager_tracksActivityCalls]' passed (0.001 seconds).
Test Case '-[SwiftViewerTests.AutoHideControlsManagerTests test_multipleActivityRegistrations_updateLastActivityTime]' started.
Test Case '-[SwiftViewerTests.AutoHideControlsManagerTests test_multipleActivityRegistrations_updateLastActivityTime]' passed (0.105 seconds).
Test Case '-[SwiftViewerTests.AutoHideControlsManagerTests test_registerActivity_showsControls]' started.
Test Case '-[SwiftViewerTests.AutoHideControlsManagerTests test_registerActivity_showsControls]' passed (0.001 seconds).
Test Case '-[SwiftViewerTests.AutoHideControlsManagerTests test_shouldAllowAutoHide_returnsFalse_whenError]' started.
Test Case '-[SwiftViewerTests.AutoHideControlsManagerTests test_shouldAllowAutoHide_returnsFalse_whenError]' passed (0.000 seconds).
Test Case '-[SwiftViewerTests.AutoHideControlsManagerTests test_shouldAllowAutoHide_returnsFalse_whenLoading]' started.
Test Case '-[SwiftViewerTests.AutoHideControlsManagerTests test_shouldAllowAutoHide_returnsFalse_whenLoading]' passed (0.000 seconds).
Test Case '-[SwiftViewerTests.AutoHideControlsManagerTests test_shouldAllowAutoHide_returnsTrue_inNormalState]' started.
Test Case '-[SwiftViewerTests.AutoHideControlsManagerTests test_shouldAllowAutoHide_returnsTrue_inNormalState]' passed (0.000 seconds).
Test Case '-[SwiftViewerTests.AutoHideControlsManagerTests test_shouldAllowAutoHide_returnsTrue_whenSlideshowRunning]' started.
Test Case '-[SwiftViewerTests.AutoHideControlsManagerTests test_shouldAllowAutoHide_returnsTrue_whenSlideshowRunning]' passed (0.001 seconds).
Test Case '-[SwiftViewerTests.AutoHideControlsManagerTests test_showControlsAndResetTimer_makesControlsVisible]' started.
Test Case '-[SwiftViewerTests.AutoHideControlsManagerTests test_showControlsAndResetTimer_makesControlsVisible]' passed (0.001 seconds).
Test Case '-[SwiftViewerTests.AutoHideControlsManagerTests test_stateChanges_affectAutoHideBehavior]' started.
Test Case '-[SwiftViewerTests.AutoHideControlsManagerTests test_stateChanges_affectAutoHideBehavior]' passed (0.001 seconds).
Test Suite 'AutoHideControlsManagerTests' passed at 2025-08-29 08:01:23.184.
	 Executed 19 tests, with 0 failures (0 unexpected) in 0.116 (0.125) seconds
Test Suite 'BlurredImageBackgroundTests' started at 2025-08-29 08:01:23.184.
Test Case '-[SwiftViewerTests.BlurredImageBackgroundTests test_BlurBackgroundPerformance_ShouldRenderWithin10ms]' started.
/Users/sho/working/swift/work/SwiftViewer/SwiftViewerTests/Views/Components/BlurredImageBackgroundTests.swift:129: Test Case '-[SwiftViewerTests.BlurredImageBackgroundTests test_BlurBackgroundPerformance_ShouldRenderWithin10ms]' measured [Time, seconds] average: 0.000, relative standard deviation: 123.269%, values: [0.001661, 0.000357, 0.000217, 0.000192, 0.000188, 0.000188, 0.000184, 0.000189, 0.000178, 0.000200], performanceMetricID:com.apple.XCTPerformanceMetric_WallClockTime, baselineName: "", baselineAverage: , polarity: prefers smaller, maxPercentRegression: 10.000%, maxPercentRelativeStandardDeviation: 10.000%, maxRegression: 0.100, maxStandardDeviation: 0.100
Test Case '-[SwiftViewerTests.BlurredImageBackgroundTests test_BlurBackgroundPerformance_ShouldRenderWithin10ms]' passed (0.585 seconds).
Test Case '-[SwiftViewerTests.BlurredImageBackgroundTests test_BlurredImageBackground_ShouldHaveCorrectBlurRadius]' started.
Test Case '-[SwiftViewerTests.BlurredImageBackgroundTests test_BlurredImageBackground_ShouldHaveCorrectBlurRadius]' passed (0.001 seconds).
Test Case '-[SwiftViewerTests.BlurredImageBackgroundTests test_BlurredImageBackground_ShouldScaleToFillEntireArea]' started.
Test Case '-[SwiftViewerTests.BlurredImageBackgroundTests test_BlurredImageBackground_ShouldScaleToFillEntireArea]' passed (0.001 seconds).
Test Case '-[SwiftViewerTests.BlurredImageBackgroundTests test_BlurredImageBackground_WhenImageProvided_ShouldApplyBlurEffect]' started.
Test Case '-[SwiftViewerTests.BlurredImageBackgroundTests test_BlurredImageBackground_WhenImageProvided_ShouldApplyBlurEffect]' passed (0.001 seconds).
Test Case '-[SwiftViewerTests.BlurredImageBackgroundTests test_BlurredImageBackground_WhenNoImage_ShouldShowTransparentBackground]' started.
Test Case '-[SwiftViewerTests.BlurredImageBackgroundTests test_BlurredImageBackground_WhenNoImage_ShouldShowTransparentBackground]' passed (0.001 seconds).
Test Case '-[SwiftViewerTests.BlurredImageBackgroundTests test_BlurredImageBackground_WithDefaultParameters_ShouldUseDefaults]' started.
Test Case '-[SwiftViewerTests.BlurredImageBackgroundTests test_BlurredImageBackground_WithDefaultParameters_ShouldUseDefaults]' passed (0.001 seconds).
Test Suite 'BlurredImageBackgroundTests' passed at 2025-08-29 08:01:23.777.
	 Executed 6 tests, with 0 failures (0 unexpected) in 0.591 (0.592) seconds
Test Suite 'ContentViewMenuTests' started at 2025-08-29 08:01:23.777.
Test Case '-[SwiftViewerTests.ContentViewMenuTests test_contentView_has_fileImporter_modifier]' started.
2025-08-29 08:01:23.780728+0900 SwiftViewer[64874:54973215] [SwiftUI] Accessing FocusState's value outside of the body of a View. This will result in a constant Binding of the initial value and will not update.
2025-08-29 08:01:23.780901+0900 SwiftViewer[64874:54973215] [SwiftUI] Accessing StateObject<ContentViewModel>'s object without being installed on a View. This will create a new instance each time.
2025-08-29 08:01:23.780951+0900 SwiftViewer[64874:54973215] [SwiftUI] Accessing StateObject<ContentViewModel>'s object without being installed on a View. This will create a new instance each time.
2025-08-29 08:01:23.780991+0900 SwiftViewer[64874:54973215] [SwiftUI] Accessing StateObject<ContentViewModel>'s object without being installed on a View. This will create a new instance each time.
2025-08-29 08:01:23.787091+0900 SwiftViewer[64874:54973215] [general] -[NSNotificationCenter debugDescription] should not be used programmatically and only be used in the debugger.
Test Case '-[SwiftViewerTests.ContentViewMenuTests test_contentView_has_fileImporter_modifier]' passed (0.011 seconds).
Test Case '-[SwiftViewerTests.ContentViewMenuTests test_contentView_initialization]' started.
2025-08-29 08:01:23.789088+0900 SwiftViewer[64874:54973215] [SwiftUI] Accessing FocusState's value outside of the body of a View. This will result in a constant Binding of the initial value and will not update.
2025-08-29 08:01:23.789146+0900 SwiftViewer[64874:54973215] [SwiftUI] Accessing StateObject<ContentViewModel>'s object without being installed on a View. This will create a new instance each time.
2025-08-29 08:01:23.789194+0900 SwiftViewer[64874:54973215] [SwiftUI] Accessing StateObject<ContentViewModel>'s object without being installed on a View. This will create a new instance each time.
2025-08-29 08:01:23.789236+0900 SwiftViewer[64874:54973215] [SwiftUI] Accessing StateObject<ContentViewModel>'s object without being installed on a View. This will create a new instance each time.
2025-08-29 08:01:23.789530+0900 SwiftViewer[64874:54973215] [general] -[NSNotificationCenter debugDescription] should not be used programmatically and only be used in the debugger.
Test Case '-[SwiftViewerTests.ContentViewMenuTests test_contentView_initialization]' passed (0.002 seconds).
Test Case '-[SwiftViewerTests.ContentViewMenuTests test_contentView_responds_to_sortTypeChanged_notification]' started.
Test Case '-[SwiftViewerTests.ContentViewMenuTests test_contentView_responds_to_sortTypeChanged_notification]' passed (0.103 seconds).
Test Case '-[SwiftViewerTests.ContentViewMenuTests test_display_mode_changes]' started.
Test Case '-[SwiftViewerTests.ContentViewMenuTests test_display_mode_changes]' passed (0.001 seconds).
Test Case '-[SwiftViewerTests.ContentViewMenuTests test_handleDisplayModeChange_updates_contentViewModel]' started.
Test Case '-[SwiftViewerTests.ContentViewMenuTests test_handleDisplayModeChange_updates_contentViewModel]' passed (0.001 seconds).
Test Case '-[SwiftViewerTests.ContentViewMenuTests test_handleSortChange_updates_contentViewModel]' started.
Test Case '-[SwiftViewerTests.ContentViewMenuTests test_handleSortChange_updates_contentViewModel]' passed (0.001 seconds).
Test Case '-[SwiftViewerTests.ContentViewMenuTests test_menu_sort_integration_with_settings]' started.
Test Case '-[SwiftViewerTests.ContentViewMenuTests test_menu_sort_integration_with_settings]' passed (0.002 seconds).
Test Case '-[SwiftViewerTests.ContentViewMenuTests test_multiple_sort_changes]' started.
Test Case '-[SwiftViewerTests.ContentViewMenuTests test_multiple_sort_changes]' passed (0.008 seconds).
Test Case '-[SwiftViewerTests.ContentViewMenuTests test_toggleFullscreen_updates_contentViewModel]' started.
Test Case '-[SwiftViewerTests.ContentViewMenuTests test_toggleFullscreen_updates_contentViewModel]' passed (0.001 seconds).
Test Suite 'ContentViewMenuTests' passed at 2025-08-29 08:01:23.908.
	 Executed 9 tests, with 0 failures (0 unexpected) in 0.129 (0.132) seconds
Test Suite 'ControlButtonStyleTests' started at 2025-08-29 08:01:23.908.
Test Case '-[SwiftViewerTests.ControlButtonStyleTests test_controlButtonStyle_bodyGeneration]' started.
Test Case '-[SwiftViewerTests.ControlButtonStyleTests test_controlButtonStyle_bodyGeneration]' passed (0.001 seconds).
Test Case '-[SwiftViewerTests.ControlButtonStyleTests test_controlButtonStyle_initialization_default]' started.
Test Case '-[SwiftViewerTests.ControlButtonStyleTests test_controlButtonStyle_initialization_default]' passed (0.001 seconds).
Test Case '-[SwiftViewerTests.ControlButtonStyleTests test_controlButtonStyle_initialization_withParameters]' started.
Test Case '-[SwiftViewerTests.ControlButtonStyleTests test_controlButtonStyle_initialization_withParameters]' passed (0.001 seconds).
Test Case '-[SwiftViewerTests.ControlButtonStyleTests test_controlButtonStyle_properties]' started.
Test Case '-[SwiftViewerTests.ControlButtonStyleTests test_controlButtonStyle_properties]' passed (0.001 seconds).
Test Suite 'ControlButtonStyleTests' passed at 2025-08-29 08:01:23.919.
	 Executed 4 tests, with 0 failures (0 unexpected) in 0.003 (0.010) seconds
Test Suite 'CustomProgressBarTests' started at 2025-08-29 08:01:23.919.
Test Case '-[SwiftViewerTests.CustomProgressBarTests test_customProgressBar_initialization_withCallback]' started.
Test Case '-[SwiftViewerTests.CustomProgressBarTests test_customProgressBar_initialization_withCallback]' passed (0.001 seconds).
Test Case '-[SwiftViewerTests.CustomProgressBarTests test_customProgressBar_initialization_withoutCallback]' started.
Test Case '-[SwiftViewerTests.CustomProgressBarTests test_customProgressBar_initialization_withoutCallback]' passed (0.014 seconds).
Test Case '-[SwiftViewerTests.CustomProgressBarTests test_progressBar_bodyGeneration]' started.
Test Case '-[SwiftViewerTests.CustomProgressBarTests test_progressBar_bodyGeneration]' passed (0.003 seconds).
Test Case '-[SwiftViewerTests.CustomProgressBarTests test_progressBar_displayText]' started.
Test Case '-[SwiftViewerTests.CustomProgressBarTests test_progressBar_displayText]' passed (0.001 seconds).
Test Case '-[SwiftViewerTests.CustomProgressBarTests test_progressBar_edgeCases]' started.
Test Case '-[SwiftViewerTests.CustomProgressBarTests test_progressBar_edgeCases]' passed (0.002 seconds).
Test Case '-[SwiftViewerTests.CustomProgressBarTests test_progressBar_edgeCaseValues]' started.
Test Case '-[SwiftViewerTests.CustomProgressBarTests test_progressBar_edgeCaseValues]' passed (0.001 seconds).
Test Case '-[SwiftViewerTests.CustomProgressBarTests test_progressBar_properties]' started.
Test Case '-[SwiftViewerTests.CustomProgressBarTests test_progressBar_properties]' passed (0.012 seconds).
Test Suite 'CustomProgressBarTests' passed at 2025-08-29 08:01:23.955.
	 Executed 7 tests, with 0 failures (0 unexpected) in 0.034 (0.036) seconds
Test Suite 'FadeTransitionPluginTests' started at 2025-08-29 08:01:23.955.
Test Case '-[SwiftViewerTests.FadeTransitionPluginTests test_fadeTransitionPlugin_conformsToTransitionPluginProtocol]' started.
Test Case '-[SwiftViewerTests.FadeTransitionPluginTests test_fadeTransitionPlugin_conformsToTransitionPluginProtocol]' passed (0.005 seconds).
Test Case '-[SwiftViewerTests.FadeTransitionPluginTests test_fadeTransitionPlugin_createTransition_allCurveTypes]' started.
Test Case '-[SwiftViewerTests.FadeTransitionPluginTests test_fadeTransitionPlugin_createTransition_allCurveTypes]' passed (0.001 seconds).
Test Case '-[SwiftViewerTests.FadeTransitionPluginTests test_fadeTransitionPlugin_createTransition_customParameters]' started.
Test Case '-[SwiftViewerTests.FadeTransitionPluginTests test_fadeTransitionPlugin_createTransition_customParameters]' passed (0.016 seconds).
Test Case '-[SwiftViewerTests.FadeTransitionPluginTests test_fadeTransitionPlugin_createTransition_defaultParameters]' started.
Test Case '-[SwiftViewerTests.FadeTransitionPluginTests test_fadeTransitionPlugin_createTransition_defaultParameters]' passed (0.002 seconds).
Test Case '-[SwiftViewerTests.FadeTransitionPluginTests test_fadeTransitionPlugin_extremeParameters]' started.
Test Case '-[SwiftViewerTests.FadeTransitionPluginTests test_fadeTransitionPlugin_extremeParameters]' passed (0.002 seconds).
Test Case '-[SwiftViewerTests.FadeTransitionPluginTests test_fadeTransitionPlugin_fadeIntensity_parameter]' started.
Test Case '-[SwiftViewerTests.FadeTransitionPluginTests test_fadeTransitionPlugin_fadeIntensity_parameter]' passed (0.001 seconds).
Test Case '-[SwiftViewerTests.FadeTransitionPluginTests test_fadeTransitionPlugin_initialization]' started.
Test Case '-[SwiftViewerTests.FadeTransitionPluginTests test_fadeTransitionPlugin_initialization]' passed (0.010 seconds).
Test Case '-[SwiftViewerTests.FadeTransitionPluginTests test_fadeTransitionPlugin_invalidIntensityFormat]' started.
Test Case '-[SwiftViewerTests.FadeTransitionPluginTests test_fadeTransitionPlugin_invalidIntensityFormat]' passed (0.001 seconds).
Test Case '-[SwiftViewerTests.FadeTransitionPluginTests test_fadeTransitionPlugin_metadata]' started.
Test Case '-[SwiftViewerTests.FadeTransitionPluginTests test_fadeTransitionPlugin_metadata]' passed (0.002 seconds).
Test Case '-[SwiftViewerTests.FadeTransitionPluginTests test_fadeTransitionPlugin_negativeIntensity]' started.
Test Case '-[SwiftViewerTests.FadeTransitionPluginTests test_fadeTransitionPlugin_negativeIntensity]' passed (0.002 seconds).
Test Case '-[SwiftViewerTests.FadeTransitionPluginTests test_fadeTransitionPlugin_performance]' started.
/Users/sho/working/swift/work/SwiftViewer/SwiftViewerTests/Plugins/FadeTransitionPluginTests.swift:154: Test Case '-[SwiftViewerTests.FadeTransitionPluginTests test_fadeTransitionPlugin_performance]' measured [Time, seconds] average: 0.002, relative standard deviation: 26.097%, values: [0.001399, 0.001831, 0.001844, 0.002521, 0.001788, 0.001522, 0.001141, 0.001122, 0.001627, 0.001110], performanceMetricID:com.apple.XCTPerformanceMetric_WallClockTime, baselineName: "", baselineAverage: , polarity: prefers smaller, maxPercentRegression: 10.000%, maxPercentRelativeStandardDeviation: 10.000%, maxRegression: 0.100, maxStandardDeviation: 0.100
Test Case '-[SwiftViewerTests.FadeTransitionPluginTests test_fadeTransitionPlugin_performance]' passed (0.280 seconds).
Test Case '-[SwiftViewerTests.FadeTransitionPluginTests test_fadeTransitionPlugin_swiftUIIntegration]' started.
Test Case '-[SwiftViewerTests.FadeTransitionPluginTests test_fadeTransitionPlugin_swiftUIIntegration]' passed (0.001 seconds).
Test Case '-[SwiftViewerTests.FadeTransitionPluginTests test_fadeTransitionPlugin_validation]' started.
Test Case '-[SwiftViewerTests.FadeTransitionPluginTests test_fadeTransitionPlugin_validation]' passed (0.022 seconds).
Test Suite 'FadeTransitionPluginTests' passed at 2025-08-29 08:01:24.302.
	 Executed 13 tests, with 0 failures (0 unexpected) in 0.343 (0.347) seconds
Test Suite 'FileManagerServiceTests' started at 2025-08-29 08:01:24.302.
Test Case '-[SwiftViewerTests.FileManagerServiceTests test_getImageFiles_returnsEmptyArray_whenNoImagesInFolder]' started.
Test Case '-[SwiftViewerTests.FileManagerServiceTests test_getImageFiles_returnsEmptyArray_whenNoImagesInFolder]' passed (0.001 seconds).
Test Case '-[SwiftViewerTests.FileManagerServiceTests test_getImageFiles_returnsOnlyValidImageFormats]' started.
Test Case '-[SwiftViewerTests.FileManagerServiceTests test_getImageFiles_returnsOnlyValidImageFormats]' passed (0.001 seconds).
Test Case '-[SwiftViewerTests.FileManagerServiceTests test_getImageFiles_sortsFilesByName_ascending]' started.
Test Case '-[SwiftViewerTests.FileManagerServiceTests test_getImageFiles_sortsFilesByName_ascending]' passed (0.001 seconds).
Test Case '-[SwiftViewerTests.FileManagerServiceTests test_getImageFiles_sortsFilesBySize_descending]' started.
Test Case '-[SwiftViewerTests.FileManagerServiceTests test_getImageFiles_sortsFilesBySize_descending]' passed (0.104 seconds).
Test Case '-[SwiftViewerTests.FileManagerServiceTests test_getImageFiles_throwsError_whenDirectoryDoesNotExist]' started.
Test Case '-[SwiftViewerTests.FileManagerServiceTests test_getImageFiles_throwsError_whenDirectoryDoesNotExist]' passed (0.004 seconds).
Test Suite 'FileManagerServiceTests' passed at 2025-08-29 08:01:24.415.
	 Executed 5 tests, with 0 failures (0 unexpected) in 0.111 (0.113) seconds
Test Suite 'ImageFileTests' started at 2025-08-29 08:01:24.416.
Test Case '-[SwiftViewerTests.ImageFileTests test_imageFile_equatable]' started.
Test Case '-[SwiftViewerTests.ImageFileTests test_imageFile_equatable]' passed (0.002 seconds).
Test Case '-[SwiftViewerTests.ImageFileTests test_imageFile_fileExtension]' started.
Test Case '-[SwiftViewerTests.ImageFileTests test_imageFile_fileExtension]' passed (0.002 seconds).
Test Case '-[SwiftViewerTests.ImageFileTests test_imageFile_formattedFileSize]' started.
Test Case '-[SwiftViewerTests.ImageFileTests test_imageFile_formattedFileSize]' passed (0.007 seconds).
Test Case '-[SwiftViewerTests.ImageFileTests test_imageFile_identifiable]' started.
Test Case '-[SwiftViewerTests.ImageFileTests test_imageFile_identifiable]' passed (0.002 seconds).
Test Case '-[SwiftViewerTests.ImageFileTests test_imageFile_initialization]' started.
Test Case '-[SwiftViewerTests.ImageFileTests test_imageFile_initialization]' passed (0.002 seconds).
Test Case '-[SwiftViewerTests.ImageFileTests test_imageFile_isAnimated_caseInsensitive]' started.
Test Case '-[SwiftViewerTests.ImageFileTests test_imageFile_isAnimated_caseInsensitive]' passed (0.002 seconds).
Test Case '-[SwiftViewerTests.ImageFileTests test_imageFile_isAnimated_gif]' started.
Test Case '-[SwiftViewerTests.ImageFileTests test_imageFile_isAnimated_gif]' passed (0.004 seconds).
Test Case '-[SwiftViewerTests.ImageFileTests test_imageFile_isAnimated_nonGif]' started.
Test Case '-[SwiftViewerTests.ImageFileTests test_imageFile_isAnimated_nonGif]' passed (0.001 seconds).
Test Case '-[SwiftViewerTests.ImageFileTests test_imageFile_isValidImageFormat]' started.
Test Case '-[SwiftViewerTests.ImageFileTests test_imageFile_isValidImageFormat]' passed (0.001 seconds).
Test Suite 'ImageFileTests' passed at 2025-08-29 08:01:24.445.
	 Executed 9 tests, with 0 failures (0 unexpected) in 0.023 (0.029) seconds
Test Suite 'ImageGalleryViewBlurTests' started at 2025-08-29 08:01:24.445.
Test Case '-[SwiftViewerTests.ImageGalleryViewBlurTests test_ImageGalleryView_BlurBackground_ShouldMaintainSmoothSlideshow]' started.
/Users/sho/working/swift/work/SwiftViewer/SwiftViewerTests/Views/ImageGalleryViewBlurTests.swift:352: Test Case '-[SwiftViewerTests.ImageGalleryViewBlurTests test_ImageGalleryView_BlurBackground_ShouldMaintainSmoothSlideshow]' measured [Time, seconds] average: 0.055, relative standard deviation: 1.105%, values: [0.055518, 0.054642, 0.055527, 0.054543, 0.053637, 0.054804, 0.054427, 0.054699, 0.053686, 0.054296], performanceMetricID:com.apple.XCTPerformanceMetric_WallClockTime, baselineName: "", baselineAverage: , polarity: prefers smaller, maxPercentRegression: 10.000%, maxPercentRelativeStandardDeviation: 10.000%, maxRegression: 0.100, maxStandardDeviation: 0.100
Test Case '-[SwiftViewerTests.ImageGalleryViewBlurTests test_ImageGalleryView_BlurBackground_ShouldMaintainSmoothSlideshow]' passed (0.813 seconds).
Test Case '-[SwiftViewerTests.ImageGalleryViewBlurTests test_ImageGalleryView_BlurBackground_ShouldNotInterfereWithControls]' started.
Test Case '-[SwiftViewerTests.ImageGalleryViewBlurTests test_ImageGalleryView_BlurBackground_ShouldNotInterfereWithControls]' passed (0.004 seconds).
Test Case '-[SwiftViewerTests.ImageGalleryViewBlurTests test_ImageGalleryView_BlurBackgroundShouldNotAffectMainImageLayout]' started.
Test Case '-[SwiftViewerTests.ImageGalleryViewBlurTests test_ImageGalleryView_BlurBackgroundShouldNotAffectMainImageLayout]' passed (0.004 seconds).
Test Case '-[SwiftViewerTests.ImageGalleryViewBlurTests test_ImageGalleryView_ShouldCenterImagesWithinWindow]' started.
Test Case '-[SwiftViewerTests.ImageGalleryViewBlurTests test_ImageGalleryView_ShouldCenterImagesWithinWindow]' passed (0.002 seconds).
Test Case '-[SwiftViewerTests.ImageGalleryViewBlurTests test_ImageGalleryView_ShouldDisplayImagesWithFitAspectRatio]' started.
Test Case '-[SwiftViewerTests.ImageGalleryViewBlurTests test_ImageGalleryView_ShouldDisplayImagesWithFitAspectRatio]' passed (0.001 seconds).
Test Case '-[SwiftViewerTests.ImageGalleryViewBlurTests test_ImageGalleryView_ShouldMaintainCorrectAspectRatioForAllImageSizes]' started.
Test Case '-[SwiftViewerTests.ImageGalleryViewBlurTests test_ImageGalleryView_ShouldMaintainCorrectAspectRatioForAllImageSizes]' passed (0.004 seconds).
Test Case '-[SwiftViewerTests.ImageGalleryViewBlurTests test_ImageGalleryView_WhenImageChanges_ShouldUpdateBlurredBackground]' started.
Test Case '-[SwiftViewerTests.ImageGalleryViewBlurTests test_ImageGalleryView_WhenImageChanges_ShouldUpdateBlurredBackground]' passed (0.104 seconds).
Test Case '-[SwiftViewerTests.ImageGalleryViewBlurTests test_ImageGalleryView_WhenImageDisplayed_ShouldShowBlurredBackground]' started.
Test Case '-[SwiftViewerTests.ImageGalleryViewBlurTests test_ImageGalleryView_WhenImageDisplayed_ShouldShowBlurredBackground]' passed (0.003 seconds).
Test Case '-[SwiftViewerTests.ImageGalleryViewBlurTests test_ImageGalleryView_WhenNoImage_ShouldNotShowBlurredBackground]' started.
Test Case '-[SwiftViewerTests.ImageGalleryViewBlurTests test_ImageGalleryView_WhenNoImage_ShouldNotShowBlurredBackground]' passed (0.003 seconds).
Test Suite 'ImageGalleryViewBlurTests' passed at 2025-08-29 08:01:25.397.
	 Executed 9 tests, with 0 failures (0 unexpected) in 0.939 (0.952) seconds
Test Suite 'ImageGalleryViewModelTests' started at 2025-08-29 08:01:25.397.
Test Case '-[SwiftViewerTests.ImageGalleryViewModelTests test_initialization_setsDefaultValues]' started.
Test Case '-[SwiftViewerTests.ImageGalleryViewModelTests test_initialization_setsDefaultValues]' passed (0.003 seconds).
Test Case '-[SwiftViewerTests.ImageGalleryViewModelTests test_loadFolder_handlesEmptyFolder]' started.
[INFO] [ImageGalleryViewModel.swift:43] loadFolder(_:): Loading folder: /empty/folder
2025-08-29 08:01:25.403411+0900 SwiftViewer[64874:54973215] [SwiftViewer] [INFO] [ImageGalleryViewModel.swift:43] loadFolder(_:): Loading folder: /empty/folder
[WARNING] [ImageGalleryViewModel.swift:59] loadFolder(_:): No image files found in folder: /empty/folder
2025-08-29 08:01:25.403574+0900 SwiftViewer[64874:54973215] [SwiftViewer] [WARNING] [ImageGalleryViewModel.swift:59] loadFolder(_:): No image files found in folder: /empty/folder
Test Case '-[SwiftViewerTests.ImageGalleryViewModelTests test_loadFolder_handlesEmptyFolder]' passed (0.104 seconds).
Test Case '-[SwiftViewerTests.ImageGalleryViewModelTests test_loadFolder_handlesError_whenFileManagerFails]' started.
[INFO] [ImageGalleryViewModel.swift:43] loadFolder(_:): Loading folder: /nonexistent/folder
2025-08-29 08:01:25.508300+0900 SwiftViewer[64874:54973215] [SwiftViewer] [INFO] [ImageGalleryViewModel.swift:43] loadFolder(_:): Loading folder: /nonexistent/folder
[ERROR] [ImageGalleryViewModel.swift:63] loadFolder(_:): Failed to load folder: /nonexistent/folder Error: The operation couldn’t be completed. (SwiftViewer.FileManagerServiceError error 1.)
2025-08-29 08:01:25.512049+0900 SwiftViewer[64874:54973215] [SwiftViewer] [ERROR] [ImageGalleryViewModel.swift:63] loadFolder(_:): Failed to load folder: /nonexistent/folder Error: The operation couldn’t be completed. (SwiftViewer.FileManagerServiceError error 1.)
Test Case '-[SwiftViewerTests.ImageGalleryViewModelTests test_loadFolder_handlesError_whenFileManagerFails]' passed (0.007 seconds).
Test Case '-[SwiftViewerTests.ImageGalleryViewModelTests test_loadFolder_loadsImagesFromFileManager]' started.
[INFO] [ImageGalleryViewModel.swift:43] loadFolder(_:): Loading folder: /test/folder
2025-08-29 08:01:25.515217+0900 SwiftViewer[64874:54973215] [SwiftViewer] [INFO] [ImageGalleryViewModel.swift:43] loadFolder(_:): Loading folder: /test/folder
Test Case '-[SwiftViewerTests.ImageGalleryViewModelTests test_loadFolder_loadsImagesFromFileManager]' passed (0.003 seconds).
Test Case '-[SwiftViewerTests.ImageGalleryViewModelTests test_loadFolder_setsLoadingState]' started.
[INFO] [ImageGalleryViewModel.swift:43] loadFolder(_:): Loading folder: /test/folder
2025-08-29 08:01:25.518452+0900 SwiftViewer[64874:54973215] [SwiftViewer] [INFO] [ImageGalleryViewModel.swift:43] loadFolder(_:): Loading folder: /test/folder
Test Case '-[SwiftViewerTests.ImageGalleryViewModelTests test_loadFolder_setsLoadingState]' passed (0.004 seconds).
Test Case '-[SwiftViewerTests.ImageGalleryViewModelTests test_loadImageAtIndex_handlesImageLoadingError]' started.
[INFO] [ImageGalleryViewModel.swift:43] loadFolder(_:): Loading folder: /test/folder
2025-08-29 08:01:25.522948+0900 SwiftViewer[64874:54973215] [SwiftViewer] [INFO] [ImageGalleryViewModel.swift:43] loadFolder(_:): Loading folder: /test/folder
[ERROR] [ImageGalleryViewModel.swift:164] loadImageAtCurrentIndex(): Failed to load image: image1.jpg Error: The operation couldn’t be completed. (SwiftViewer.ImageLoaderError error 0.)
2025-08-29 08:01:25.523447+0900 SwiftViewer[64874:54973215] [SwiftViewer] [ERROR] [ImageGalleryViewModel.swift:164] loadImageAtCurrentIndex(): Failed to load image: image1.jpg Error: The operation couldn’t be completed. (SwiftViewer.ImageLoaderError error 0.)
Test Case '-[SwiftViewerTests.ImageGalleryViewModelTests test_loadImageAtIndex_handlesImageLoadingError]' passed (0.003 seconds).
Test Case '-[SwiftViewerTests.ImageGalleryViewModelTests test_loadImageAtIndex_loadsCorrectImage]' started.
[INFO] [ImageGalleryViewModel.swift:43] loadFolder(_:): Loading folder: /test/folder
2025-08-29 08:01:25.527983+0900 SwiftViewer[64874:54973215] [SwiftViewer] [INFO] [ImageGalleryViewModel.swift:43] loadFolder(_:): Loading folder: /test/folder
Test Case '-[SwiftViewerTests.ImageGalleryViewModelTests test_loadImageAtIndex_loadsCorrectImage]' passed (0.106 seconds).
Test Case '-[SwiftViewerTests.ImageGalleryViewModelTests test_navigateToIndex_ignoresInvalidIndex]' started.
[INFO] [ImageGalleryViewModel.swift:43] loadFolder(_:): Loading folder: /test/folder
2025-08-29 08:01:25.633119+0900 SwiftViewer[64874:54973215] [SwiftViewer] [INFO] [ImageGalleryViewModel.swift:43] loadFolder(_:): Loading folder: /test/folder
[WARNING] [ImageGalleryViewModel.swift:104] navigateToIndex(_:): Invalid navigation index: 5, available images: 3
2025-08-29 08:01:25.633272+0900 SwiftViewer[64874:54973215] [SwiftViewer] [WARNING] [ImageGalleryViewModel.swift:104] navigateToIndex(_:): Invalid navigation index: 5, available images: 3
Test Case '-[SwiftViewerTests.ImageGalleryViewModelTests test_navigateToIndex_ignoresInvalidIndex]' passed (0.003 seconds).
Test Case '-[SwiftViewerTests.ImageGalleryViewModelTests test_navigateToIndex_movesToSpecificImage]' started.
[INFO] [ImageGalleryViewModel.swift:43] loadFolder(_:): Loading folder: /test/folder
2025-08-29 08:01:25.636716+0900 SwiftViewer[64874:54973215] [SwiftViewer] [INFO] [ImageGalleryViewModel.swift:43] loadFolder(_:): Loading folder: /test/folder
Test Case '-[SwiftViewerTests.ImageGalleryViewModelTests test_navigateToIndex_movesToSpecificImage]' passed (0.003 seconds).
Test Case '-[SwiftViewerTests.ImageGalleryViewModelTests test_navigateToNext_movesToNextImage]' started.
[INFO] [ImageGalleryViewModel.swift:43] loadFolder(_:): Loading folder: /test/folder
2025-08-29 08:01:25.639777+0900 SwiftViewer[64874:54973215] [SwiftViewer] [INFO] [ImageGalleryViewModel.swift:43] loadFolder(_:): Loading folder: /test/folder
Test Case '-[SwiftViewerTests.ImageGalleryViewModelTests test_navigateToNext_movesToNextImage]' passed (0.003 seconds).
Test Case '-[SwiftViewerTests.ImageGalleryViewModelTests test_navigateToNext_wrapsAroundAtEnd]' started.
[INFO] [ImageGalleryViewModel.swift:43] loadFolder(_:): Loading folder: /test/folder
2025-08-29 08:01:25.644026+0900 SwiftViewer[64874:54973215] [SwiftViewer] [INFO] [ImageGalleryViewModel.swift:43] loadFolder(_:): Loading folder: /test/folder
Test Case '-[SwiftViewerTests.ImageGalleryViewModelTests test_navigateToNext_wrapsAroundAtEnd]' passed (0.104 seconds).
Test Case '-[SwiftViewerTests.ImageGalleryViewModelTests test_navigateToPrevious_movesToPreviousImage]' started.
[INFO] [ImageGalleryViewModel.swift:43] loadFolder(_:): Loading folder: /test/folder
2025-08-29 08:01:25.748431+0900 SwiftViewer[64874:54973215] [SwiftViewer] [INFO] [ImageGalleryViewModel.swift:43] loadFolder(_:): Loading folder: /test/folder
Test Case '-[SwiftViewerTests.ImageGalleryViewModelTests test_navigateToPrevious_movesToPreviousImage]' passed (0.004 seconds).
Test Case '-[SwiftViewerTests.ImageGalleryViewModelTests test_navigateToPrevious_wrapsAroundAtBeginning]' started.
[INFO] [ImageGalleryViewModel.swift:43] loadFolder(_:): Loading folder: /test/folder
2025-08-29 08:01:25.754144+0900 SwiftViewer[64874:54973215] [SwiftViewer] [INFO] [ImageGalleryViewModel.swift:43] loadFolder(_:): Loading folder: /test/folder
Test Case '-[SwiftViewerTests.ImageGalleryViewModelTests test_navigateToPrevious_wrapsAroundAtBeginning]' passed (0.005 seconds).
Test Case '-[SwiftViewerTests.ImageGalleryViewModelTests test_navigation_doesNotWork_whenNoImages]' started.
Test Case '-[SwiftViewerTests.ImageGalleryViewModelTests test_navigation_doesNotWork_whenNoImages]' passed (0.103 seconds).
Test Case '-[SwiftViewerTests.ImageGalleryViewModelTests test_refreshWithCurrentSort_resortsImages]' started.
[INFO] [ImageGalleryViewModel.swift:43] loadFolder(_:): Loading folder: /test/folder
2025-08-29 08:01:25.862005+0900 SwiftViewer[64874:54973215] [SwiftViewer] [INFO] [ImageGalleryViewModel.swift:43] loadFolder(_:): Loading folder: /test/folder
[INFO] [ImageGalleryViewModel.swift:115] refreshWithCurrentSort(): Refreshing with current sort type
2025-08-29 08:01:25.862638+0900 SwiftViewer[64874:54973215] [SwiftViewer] [INFO] [ImageGalleryViewModel.swift:115] refreshWithCurrentSort(): Refreshing with current sort type
Test Case '-[SwiftViewerTests.ImageGalleryViewModelTests test_refreshWithCurrentSort_resortsImages]' passed (0.004 seconds).
Test Suite 'ImageGalleryViewModelTests' passed at 2025-08-29 08:01:25.865.
	 Executed 15 tests, with 0 failures (0 unexpected) in 0.458 (0.467) seconds
Test Suite 'ImageGalleryViewTests' started at 2025-08-29 08:01:25.865.
Test Case '-[SwiftViewerTests.ImageGalleryViewTests test_imageGalleryView_cleanup]' started.
2025-08-29 08:01:25.869491+0900 SwiftViewer[64874:54973215] [SwiftUI] Accessing FocusState's value outside of the body of a View. This will result in a constant Binding of the initial value and will not update.
2025-08-29 08:01:25.875908+0900 SwiftViewer[64874:54973215] [general] -[NSNotificationCenter debugDescription] should not be used programmatically and only be used in the debugger.
Test Case '-[SwiftViewerTests.ImageGalleryViewTests test_imageGalleryView_cleanup]' passed (0.011 seconds).
Test Case '-[SwiftViewerTests.ImageGalleryViewTests test_imageGalleryView_currentImageInfo]' started.
2025-08-29 08:01:25.879072+0900 SwiftViewer[64874:54973215] [SwiftUI] Accessing FocusState's value outside of the body of a View. This will result in a constant Binding of the initial value and will not update.
2025-08-29 08:01:25.880155+0900 SwiftViewer[64874:54973215] [general] -[NSNotificationCenter debugDescription] should not be used programmatically and only be used in the debugger.
Test Case '-[SwiftViewerTests.ImageGalleryViewTests test_imageGalleryView_currentImageInfo]' passed (0.004 seconds).
Test Case '-[SwiftViewerTests.ImageGalleryViewTests test_imageGalleryView_displays_animated_gif]' started.
2025-08-29 08:01:25.882543+0900 SwiftViewer[64874:54973215] [SwiftUI] Accessing FocusState's value outside of the body of a View. This will result in a constant Binding of the initial value and will not update.
2025-08-29 08:01:25.882998+0900 SwiftViewer[64874:54973215] [general] -[NSNotificationCenter debugDescription] should not be used programmatically and only be used in the debugger.
Test Case '-[SwiftViewerTests.ImageGalleryViewTests test_imageGalleryView_displays_animated_gif]' passed (0.002 seconds).
Test Case '-[SwiftViewerTests.ImageGalleryViewTests test_imageGalleryView_displays_static_image]' started.
2025-08-29 08:01:25.884325+0900 SwiftViewer[64874:54973215] [SwiftUI] Accessing FocusState's value outside of the body of a View. This will result in a constant Binding of the initial value and will not update.
2025-08-29 08:01:25.884711+0900 SwiftViewer[64874:54973215] [general] -[NSNotificationCenter debugDescription] should not be used programmatically and only be used in the debugger.
Test Case '-[SwiftViewerTests.ImageGalleryViewTests test_imageGalleryView_displays_static_image]' passed (0.004 seconds).
Test Case '-[SwiftViewerTests.ImageGalleryViewTests test_imageGalleryView_emptyState]' started.
2025-08-29 08:01:25.889600+0900 SwiftViewer[64874:54973215] [SwiftUI] Accessing FocusState's value outside of the body of a View. This will result in a constant Binding of the initial value and will not update.
2025-08-29 08:01:25.891081+0900 SwiftViewer[64874:54973215] [general] -[NSNotificationCenter debugDescription] should not be used programmatically and only be used in the debugger.
Test Case '-[SwiftViewerTests.ImageGalleryViewTests test_imageGalleryView_emptyState]' passed (0.004 seconds).
Test Case '-[SwiftViewerTests.ImageGalleryViewTests test_imageGalleryView_errorState]' started.
2025-08-29 08:01:25.893841+0900 SwiftViewer[64874:54973215] [SwiftUI] Accessing FocusState's value outside of the body of a View. This will result in a constant Binding of the initial value and will not update.
2025-08-29 08:01:25.894257+0900 SwiftViewer[64874:54973215] [general] -[NSNotificationCenter debugDescription] should not be used programmatically and only be used in the debugger.
Test Case '-[SwiftViewerTests.ImageGalleryViewTests test_imageGalleryView_errorState]' passed (0.002 seconds).
Test Case '-[SwiftViewerTests.ImageGalleryViewTests test_imageGalleryView_focusState]' started.
2025-08-29 08:01:25.895274+0900 SwiftViewer[64874:54973215] [SwiftUI] Accessing FocusState's value outside of the body of a View. This will result in a constant Binding of the initial value and will not update.
2025-08-29 08:01:25.895675+0900 SwiftViewer[64874:54973215] [general] -[NSNotificationCenter debugDescription] should not be used programmatically and only be used in the debugger.
Test Case '-[SwiftViewerTests.ImageGalleryViewTests test_imageGalleryView_focusState]' passed (0.001 seconds).
Test Case '-[SwiftViewerTests.ImageGalleryViewTests test_imageGalleryView_gif_case_sensitivity]' started.
2025-08-29 08:01:25.896570+0900 SwiftViewer[64874:54973215] [SwiftUI] Accessing FocusState's value outside of the body of a View. This will result in a constant Binding of the initial value and will not update.
2025-08-29 08:01:25.896964+0900 SwiftViewer[64874:54973215] [general] -[NSNotificationCenter debugDescription] should not be used programmatically and only be used in the debugger.
2025-08-29 08:01:25.901744+0900 SwiftViewer[64874:54973215] [SwiftUI] Accessing FocusState's value outside of the body of a View. This will result in a constant Binding of the initial value and will not update.
2025-08-29 08:01:25.902130+0900 SwiftViewer[64874:54973215] [general] -[NSNotificationCenter debugDescription] should not be used programmatically and only be used in the debugger.
2025-08-29 08:01:25.902177+0900 SwiftViewer[64874:54973215] [SwiftUI] Accessing FocusState's value outside of the body of a View. This will result in a constant Binding of the initial value and will not update.
2025-08-29 08:01:25.902531+0900 SwiftViewer[64874:54973215] [general] -[NSNotificationCenter debugDescription] should not be used programmatically and only be used in the debugger.
Test Case '-[SwiftViewerTests.ImageGalleryViewTests test_imageGalleryView_gif_case_sensitivity]' passed (0.007 seconds).
Test Case '-[SwiftViewerTests.ImageGalleryViewTests test_imageGalleryView_gif_view_identification]' started.
2025-08-29 08:01:25.903363+0900 SwiftViewer[64874:54973215] [SwiftUI] Accessing FocusState's value outside of the body of a View. This will result in a constant Binding of the initial value and will not update.
2025-08-29 08:01:25.903740+0900 SwiftViewer[64874:54973215] [general] -[NSNotificationCenter debugDescription] should not be used programmatically and only be used in the debugger.
2025-08-29 08:01:25.906633+0900 SwiftViewer[64874:54973215] [SwiftUI] Accessing FocusState's value outside of the body of a View. This will result in a constant Binding of the initial value and will not update.
2025-08-29 08:01:25.907052+0900 SwiftViewer[64874:54973215] [general] -[NSNotificationCenter debugDescription] should not be used programmatically and only be used in the debugger.
Test Case '-[SwiftViewerTests.ImageGalleryViewTests test_imageGalleryView_gif_view_identification]' passed (0.004 seconds).
Test Case '-[SwiftViewerTests.ImageGalleryViewTests test_imageGalleryView_initialization]' started.
2025-08-29 08:01:25.908522+0900 SwiftViewer[64874:54973215] [SwiftUI] Accessing FocusState's value outside of the body of a View. This will result in a constant Binding of the initial value and will not update.
2025-08-29 08:01:25.908960+0900 SwiftViewer[64874:54973215] [general] -[NSNotificationCenter debugDescription] should not be used programmatically and only be used in the debugger.
Test Case '-[SwiftViewerTests.ImageGalleryViewTests test_imageGalleryView_initialization]' passed (0.002 seconds).
Test Case '-[SwiftViewerTests.ImageGalleryViewTests test_imageGalleryView_loadingState]' started.
2025-08-29 08:01:25.910291+0900 SwiftViewer[64874:54973215] [SwiftUI] Accessing FocusState's value outside of the body of a View. This will result in a constant Binding of the initial value and will not update.
2025-08-29 08:01:25.912864+0900 SwiftViewer[64874:54973215] [general] -[NSNotificationCenter debugDescription] should not be used programmatically and only be used in the debugger.
Test Case '-[SwiftViewerTests.ImageGalleryViewTests test_imageGalleryView_loadingState]' passed (0.005 seconds).
Test Case '-[SwiftViewerTests.ImageGalleryViewTests test_imageGalleryView_mixed_image_types]' started.
2025-08-29 08:01:25.916707+0900 SwiftViewer[64874:54973215] [SwiftUI] Accessing FocusState's value outside of the body of a View. This will result in a constant Binding of the initial value and will not update.
2025-08-29 08:01:25.917737+0900 SwiftViewer[64874:54973215] [general] -[NSNotificationCenter debugDescription] should not be used programmatically and only be used in the debugger.
2025-08-29 08:01:25.918080+0900 SwiftViewer[64874:54973215] [SwiftUI] Accessing FocusState's value outside of the body of a View. This will result in a constant Binding of the initial value and will not update.
2025-08-29 08:01:25.918738+0900 SwiftViewer[64874:54973215] [general] -[NSNotificationCenter debugDescription] should not be used programmatically and only be used in the debugger.
2025-08-29 08:01:25.921691+0900 SwiftViewer[64874:54973215] [SwiftUI] Accessing FocusState's value outside of the body of a View. This will result in a constant Binding of the initial value and will not update.
2025-08-29 08:01:25.922108+0900 SwiftViewer[64874:54973215] [general] -[NSNotificationCenter debugDescription] should not be used programmatically and only be used in the debugger.
Test Case '-[SwiftViewerTests.ImageGalleryViewTests test_imageGalleryView_mixed_image_types]' passed (0.008 seconds).
Test Case '-[SwiftViewerTests.ImageGalleryViewTests test_imageGalleryView_multiplePreviewScenarios]' started.
2025-08-29 08:01:25.923173+0900 SwiftViewer[64874:54973215] [SwiftUI] Accessing FocusState's value outside of the body of a View. This will result in a constant Binding of the initial value and will not update.
2025-08-29 08:01:25.923576+0900 SwiftViewer[64874:54973215] [general] -[NSNotificationCenter debugDescription] should not be used programmatically and only be used in the debugger.
2025-08-29 08:01:25.923609+0900 SwiftViewer[64874:54973215] [SwiftUI] Accessing FocusState's value outside of the body of a View. This will result in a constant Binding of the initial value and will not update.
2025-08-29 08:01:25.923935+0900 SwiftViewer[64874:54973215] [general] -[NSNotificationCenter debugDescription] should not be used programmatically and only be used in the debugger.
2025-08-29 08:01:25.923963+0900 SwiftViewer[64874:54973215] [SwiftUI] Accessing FocusState's value outside of the body of a View. This will result in a constant Binding of the initial value and will not update.
2025-08-29 08:01:25.927867+0900 SwiftViewer[64874:54973215] [general] -[NSNotificationCenter debugDescription] should not be used programmatically and only be used in the debugger.
2025-08-29 08:01:25.927926+0900 SwiftViewer[64874:54973215] [SwiftUI] Accessing FocusState's value outside of the body of a View. This will result in a constant Binding of the initial value and will not update.
2025-08-29 08:01:25.928284+0900 SwiftViewer[64874:54973215] [general] -[NSNotificationCenter debugDescription] should not be used programmatically and only be used in the debugger.
Test Case '-[SwiftViewerTests.ImageGalleryViewTests test_imageGalleryView_multiplePreviewScenarios]' passed (0.006 seconds).
Test Case '-[SwiftViewerTests.ImageGalleryViewTests test_imageGalleryView_navigationHints]' started.
2025-08-29 08:01:25.929296+0900 SwiftViewer[64874:54973215] [SwiftUI] Accessing FocusState's value outside of the body of a View. This will result in a constant Binding of the initial value and will not update.
2025-08-29 08:01:25.929732+0900 SwiftViewer[64874:54973215] [general] -[NSNotificationCenter debugDescription] should not be used programmatically and only be used in the debugger.
2025-08-29 08:01:25.932635+0900 SwiftViewer[64874:54973215] [SwiftUI] Accessing FocusState's value outside of the body of a View. This will result in a constant Binding of the initial value and will not update.
2025-08-29 08:01:25.933283+0900 SwiftViewer[64874:54973215] [general] -[NSNotificationCenter debugDescription] should not be used programmatically and only be used in the debugger.
2025-08-29 08:01:25.933344+0900 SwiftViewer[64874:54973215] [SwiftUI] Accessing FocusState's value outside of the body of a View. This will result in a constant Binding of the initial value and will not update.
2025-08-29 08:01:25.933860+0900 SwiftViewer[64874:54973215] [general] -[NSNotificationCenter debugDescription] should not be used programmatically and only be used in the debugger.
Test Case '-[SwiftViewerTests.ImageGalleryViewTests test_imageGalleryView_navigationHints]' passed (0.006 seconds).
Test Case '-[SwiftViewerTests.ImageGalleryViewTests test_imageGalleryView_notificationHandling]' started.
2025-08-29 08:01:25.936405+0900 SwiftViewer[64874:54973215] [SwiftUI] Accessing FocusState's value outside of the body of a View. This will result in a constant Binding of the initial value and will not update.
2025-08-29 08:01:25.937661+0900 SwiftViewer[64874:54973215] [general] -[NSNotificationCenter debugDescription] should not be used programmatically and only be used in the debugger.
Test Case '-[SwiftViewerTests.ImageGalleryViewTests test_imageGalleryView_notificationHandling]' passed (0.003 seconds).
Test Case '-[SwiftViewerTests.ImageGalleryViewTests test_ImageGalleryView_parentView_shouldHaveFocusEffectDisabled]' started.
2025-08-29 08:01:25.939383+0900 SwiftViewer[64874:54973215] [SwiftUI] Accessing FocusState's value outside of the body of a View. This will result in a constant Binding of the initial value and will not update.
2025-08-29 08:01:25.940052+0900 SwiftViewer[64874:54973215] [general] -[NSNotificationCenter debugDescription] should not be used programmatically and only be used in the debugger.
Test Case '-[SwiftViewerTests.ImageGalleryViewTests test_ImageGalleryView_parentView_shouldHaveFocusEffectDisabled]' passed (0.002 seconds).
Test Case '-[SwiftViewerTests.ImageGalleryViewTests test_imageGalleryView_slideShowIntegration]' started.
2025-08-29 08:01:25.941267+0900 SwiftViewer[64874:54973215] [SwiftUI] Accessing FocusState's value outside of the body of a View. This will result in a constant Binding of the initial value and will not update.
2025-08-29 08:01:25.941642+0900 SwiftViewer[64874:54973215] [general] -[NSNotificationCenter debugDescription] should not be used programmatically and only be used in the debugger.
Test Case '-[SwiftViewerTests.ImageGalleryViewTests test_imageGalleryView_slideShowIntegration]' passed (0.003 seconds).
Test Case '-[SwiftViewerTests.ImageGalleryViewTests test_imageGalleryView_uses_injected_viewModel]' started.
2025-08-29 08:01:25.944800+0900 SwiftViewer[64874:54973215] [SwiftUI] Accessing FocusState's value outside of the body of a View. This will result in a constant Binding of the initial value and will not update.
2025-08-29 08:01:25.945330+0900 SwiftViewer[64874:54973215] [general] -[NSNotificationCenter debugDescription] should not be used programmatically and only be used in the debugger.
2025-08-29 08:01:25.945375+0900 SwiftViewer[64874:54973215] [SwiftUI] Accessing FocusState's value outside of the body of a View. This will result in a constant Binding of the initial value and will not update.
2025-08-29 08:01:25.945758+0900 SwiftViewer[64874:54973215] [general] -[NSNotificationCenter debugDescription] should not be used programmatically and only be used in the debugger.
Test Case '-[SwiftViewerTests.ImageGalleryViewTests test_imageGalleryView_uses_injected_viewModel]' passed (0.002 seconds).
Test Case '-[SwiftViewerTests.ImageGalleryViewTests test_imageGalleryView_withImages]' started.
2025-08-29 08:01:25.952212+0900 SwiftViewer[64874:54973215] [SwiftUI] Accessing FocusState's value outside of the body of a View. This will result in a constant Binding of the initial value and will not update.
2025-08-29 08:01:25.952689+0900 SwiftViewer[64874:54973215] [general] -[NSNotificationCenter debugDescription] should not be used programmatically and only be used in the debugger.
Test Case '-[SwiftViewerTests.ImageGalleryViewTests test_imageGalleryView_withImages]' passed (0.001 seconds).
Test Suite 'ImageGalleryViewTests' passed at 2025-08-29 08:01:25.953.
	 Executed 19 tests, with 0 failures (0 unexpected) in 0.076 (0.088) seconds
Test Suite 'KeyboardFeedbackTests' started at 2025-08-29 08:01:25.954.
Test Case '-[SwiftViewerTests.KeyboardFeedbackTests test_controlButtonStyle_keyboardFeedback_leftKey]' started.
Test Case '-[SwiftViewerTests.KeyboardFeedbackTests test_controlButtonStyle_keyboardFeedback_leftKey]' passed (0.002 seconds).
Test Case '-[SwiftViewerTests.KeyboardFeedbackTests test_controlButtonStyle_keyboardFeedback_rightKey]' started.
Test Case '-[SwiftViewerTests.KeyboardFeedbackTests test_controlButtonStyle_keyboardFeedback_rightKey]' passed (0.001 seconds).
Test Case '-[SwiftViewerTests.KeyboardFeedbackTests test_controlButtonStyle_keyboardFeedback_spaceKey]' started.
Test Case '-[SwiftViewerTests.KeyboardFeedbackTests test_controlButtonStyle_keyboardFeedback_spaceKey]' passed (0.001 seconds).
Test Case '-[SwiftViewerTests.KeyboardFeedbackTests test_keyboardFeedback_animationTiming]' started.
Test Case '-[SwiftViewerTests.KeyboardFeedbackTests test_keyboardFeedback_animationTiming]' passed (0.001 seconds).
Test Case '-[SwiftViewerTests.KeyboardFeedbackTests test_keyboardFeedback_edgeCases]' started.
Test Case '-[SwiftViewerTests.KeyboardFeedbackTests test_keyboardFeedback_edgeCases]' passed (0.006 seconds).
Test Case '-[SwiftViewerTests.KeyboardFeedbackTests test_keyboardFeedback_multipleKeysPressed]' started.
Test Case '-[SwiftViewerTests.KeyboardFeedbackTests test_keyboardFeedback_multipleKeysPressed]' passed (0.002 seconds).
Test Case '-[SwiftViewerTests.KeyboardFeedbackTests test_slideShowControlsView_keyboardFeedback_integration]' started.
Test Case '-[SwiftViewerTests.KeyboardFeedbackTests test_slideShowControlsView_keyboardFeedback_integration]' passed (0.004 seconds).
Test Suite 'KeyboardFeedbackTests' passed at 2025-08-29 08:01:25.974.
	 Executed 7 tests, with 0 failures (0 unexpected) in 0.016 (0.021) seconds
Test Suite 'LoggerTests' started at 2025-08-29 08:01:25.974.
Test Case '-[SwiftViewerTests.LoggerTests test_debug_logging_disabled_by_default]' started.
Test Case '-[SwiftViewerTests.LoggerTests test_debug_logging_disabled_by_default]' passed (0.001 seconds).
Test Case '-[SwiftViewerTests.LoggerTests test_logger_defaultLoggingLevel_isInfo]' started.
[INFO] [LoggerTests.swift:220] test_logger_defaultLoggingLevel_isInfo(): Should appear with default level
2025-08-29 08:01:25.975807+0900 SwiftViewer[64874:54973215] [SwiftViewer] [INFO] [LoggerTests.swift:220] test_logger_defaultLoggingLevel_isInfo(): Should appear with default level
Test Case '-[SwiftViewerTests.LoggerTests test_logger_defaultLoggingLevel_isInfo]' passed (0.009 seconds).
Test Case '-[SwiftViewerTests.LoggerTests test_logger_doesNotLogDebugMessage_whenDebugLoggingDisabled]' started.
Test Case '-[SwiftViewerTests.LoggerTests test_logger_doesNotLogDebugMessage_whenDebugLoggingDisabled]' passed (0.002 seconds).
Test Case '-[SwiftViewerTests.LoggerTests test_logger_error_without_error_object]' started.
[ERROR] [LoggerTests.swift:101] test_logger_error_without_error_object(): Something went wrong
2025-08-29 08:01:25.987823+0900 SwiftViewer[64874:54973215] [SwiftViewer] [ERROR] [LoggerTests.swift:101] test_logger_error_without_error_object(): Something went wrong
Test Case '-[SwiftViewerTests.LoggerTests test_logger_error_without_error_object]' passed (0.001 seconds).
Test Case '-[SwiftViewerTests.LoggerTests test_logger_formatMessage_with_different_log_levels]' started.
Test Case '-[SwiftViewerTests.LoggerTests test_logger_formatMessage_with_different_log_levels]' passed (0.001 seconds).
Test Case '-[SwiftViewerTests.LoggerTests test_logger_formatsMessageWithFile_andFunction_andLine]' started.
Test Case '-[SwiftViewerTests.LoggerTests test_logger_formatsMessageWithFile_andFunction_andLine]' passed (0.011 seconds).
Test Case '-[SwiftViewerTests.LoggerTests test_logger_logsDebugMessage_whenDebugLoggingEnabled]' started.
Test Case '-[SwiftViewerTests.LoggerTests test_logger_logsDebugMessage_whenDebugLoggingEnabled]' passed (0.002 seconds).
Test Case '-[SwiftViewerTests.LoggerTests test_logger_logsErrorMessage]' started.
[ERROR] [LoggerTests.swift:92] test_logger_logsErrorMessage(): Test error message Error: The operation couldn’t be completed. (TestDomain error 1.)
2025-08-29 08:01:26.002800+0900 SwiftViewer[64874:54973215] [SwiftViewer] [ERROR] [LoggerTests.swift:92] test_logger_logsErrorMessage(): Test error message Error: The operation couldn’t be completed. (TestDomain error 1.)
Test Case '-[SwiftViewerTests.LoggerTests test_logger_logsErrorMessage]' passed (0.001 seconds).
Test Case '-[SwiftViewerTests.LoggerTests test_logger_logsInfoMessage]' started.
[INFO] [LoggerTests.swift:75] test_logger_logsInfoMessage(): Test info message
2025-08-29 08:01:26.017848+0900 SwiftViewer[64874:54973215] [SwiftViewer] [INFO] [LoggerTests.swift:75] test_logger_logsInfoMessage(): Test info message
Test Case '-[SwiftViewerTests.LoggerTests test_logger_logsInfoMessage]' passed (0.015 seconds).
Test Case '-[SwiftViewerTests.LoggerTests test_logger_logsWarningMessage]' started.
[WARNING] [LoggerTests.swift:83] test_logger_logsWarningMessage(): Test warning message
2025-08-29 08:01:26.018807+0900 SwiftViewer[64874:54973215] [SwiftViewer] [WARNING] [LoggerTests.swift:83] test_logger_logsWarningMessage(): Test warning message
Test Case '-[SwiftViewerTests.LoggerTests test_logger_logsWarningMessage]' passed (0.001 seconds).
Test Case '-[SwiftViewerTests.LoggerTests test_logger_respectsLoggingLevel_debugDisabled]' started.
Test Case '-[SwiftViewerTests.LoggerTests test_logger_respectsLoggingLevel_debugDisabled]' passed (0.002 seconds).
Test Case '-[SwiftViewerTests.LoggerTests test_logger_respectsLoggingLevel_errorLevel]' started.
[ERROR] [LoggerTests.swift:207] test_logger_respectsLoggingLevel_errorLevel(): This should appear
2025-08-29 08:01:26.022578+0900 SwiftViewer[64874:54973215] [SwiftViewer] [ERROR] [LoggerTests.swift:207] test_logger_respectsLoggingLevel_errorLevel(): This should appear
Test Case '-[SwiftViewerTests.LoggerTests test_logger_respectsLoggingLevel_errorLevel]' passed (0.011 seconds).
Test Case '-[SwiftViewerTests.LoggerTests test_logger_respectsLoggingLevel_infoAllowed]' started.
[INFO] [LoggerTests.swift:185] test_logger_respectsLoggingLevel_infoAllowed(): This should appear
2025-08-29 08:01:26.035908+0900 SwiftViewer[64874:54973215] [SwiftViewer] [INFO] [LoggerTests.swift:185] test_logger_respectsLoggingLevel_infoAllowed(): This should appear
Test Case '-[SwiftViewerTests.LoggerTests test_logger_respectsLoggingLevel_infoAllowed]' passed (0.003 seconds).
Test Case '-[SwiftViewerTests.LoggerTests test_logger_respectsLoggingLevel_warningLevel]' started.
[WARNING] [LoggerTests.swift:195] test_logger_respectsLoggingLevel_warningLevel(): This should appear
2025-08-29 08:01:26.037597+0900 SwiftViewer[64874:54973215] [SwiftViewer] [WARNING] [LoggerTests.swift:195] test_logger_respectsLoggingLevel_warningLevel(): This should appear
Test Case '-[SwiftViewerTests.LoggerTests test_logger_respectsLoggingLevel_warningLevel]' passed (0.002 seconds).
Test Case '-[SwiftViewerTests.LoggerTests test_logger_shared_instance_is_singleton]' started.
Test Case '-[SwiftViewerTests.LoggerTests test_logger_shared_instance_is_singleton]' passed (0.002 seconds).
Test Case '-[SwiftViewerTests.LoggerTests test_logLevel_hasCorrectPriority]' started.
Test Case '-[SwiftViewerTests.LoggerTests test_logLevel_hasCorrectPriority]' passed (0.002 seconds).
Test Case '-[SwiftViewerTests.LoggerTests test_logLevel_prefix_values]' started.
Test Case '-[SwiftViewerTests.LoggerTests test_logLevel_prefix_values]' passed (0.002 seconds).
Test Suite 'LoggerTests' passed at 2025-08-29 08:01:26.051.
	 Executed 17 tests, with 0 failures (0 unexpected) in 0.066 (0.077) seconds
Test Suite 'MenuCommandsStructureTests' started at 2025-08-29 08:01:26.051.
Test Case '-[SwiftViewerTests.MenuCommandsStructureTests test_menuCommands_has_body]' started.
Test Case '-[SwiftViewerTests.MenuCommandsStructureTests test_menuCommands_has_body]' passed (0.001 seconds).
Test Case '-[SwiftViewerTests.MenuCommandsStructureTests test_menuCommands_initialization]' started.
Test Case '-[SwiftViewerTests.MenuCommandsStructureTests test_menuCommands_initialization]' passed (0.003 seconds).
Test Suite 'MenuCommandsStructureTests' passed at 2025-08-29 08:01:26.058.
	 Executed 2 tests, with 0 failures (0 unexpected) in 0.004 (0.007) seconds
Test Suite 'MenuCommandsTests' started at 2025-08-29 08:01:26.058.
Test Case '-[SwiftViewerTests.MenuCommandsTests test_contentView_should_maintain_focus_for_menu_commands]' started.
Test Case '-[SwiftViewerTests.MenuCommandsTests test_contentView_should_maintain_focus_for_menu_commands]' passed (0.001 seconds).
Test Case '-[SwiftViewerTests.MenuCommandsTests test_contentViewModel_initialization]' started.
Test Case '-[SwiftViewerTests.MenuCommandsTests test_contentViewModel_initialization]' passed (0.001 seconds).
Test Case '-[SwiftViewerTests.MenuCommandsTests test_contentViewModel_initializes_with_saved_sortType]' started.
Test Case '-[SwiftViewerTests.MenuCommandsTests test_contentViewModel_initializes_with_saved_sortType]' passed (0.001 seconds).
Test Case '-[SwiftViewerTests.MenuCommandsTests test_contentViewModel_sortType_persists_to_settings]' started.
Test Case '-[SwiftViewerTests.MenuCommandsTests test_contentViewModel_sortType_persists_to_settings]' passed (0.003 seconds).
Test Case '-[SwiftViewerTests.MenuCommandsTests test_contentViewModel_toggleFullscreen]' started.
Test Case '-[SwiftViewerTests.MenuCommandsTests test_contentViewModel_toggleFullscreen]' passed (0.002 seconds).
Test Case '-[SwiftViewerTests.MenuCommandsTests test_contentViewModel_updateDisplayMode]' started.
Test Case '-[SwiftViewerTests.MenuCommandsTests test_contentViewModel_updateDisplayMode]' passed (0.001 seconds).
Test Case '-[SwiftViewerTests.MenuCommandsTests test_contentViewModel_updateSortType]' started.
Test Case '-[SwiftViewerTests.MenuCommandsTests test_contentViewModel_updateSortType]' passed (0.001 seconds).
Test Case '-[SwiftViewerTests.MenuCommandsTests test_displayMode_enum_has_all_cases]' started.
Test Case '-[SwiftViewerTests.MenuCommandsTests test_displayMode_enum_has_all_cases]' passed (0.001 seconds).
Test Case '-[SwiftViewerTests.MenuCommandsTests test_displayMode_raw_values]' started.
Test Case '-[SwiftViewerTests.MenuCommandsTests test_displayMode_raw_values]' passed (0.002 seconds).
Test Case '-[SwiftViewerTests.MenuCommandsTests test_focus_chain_should_support_keyboard_shortcuts]' started.
Test Case '-[SwiftViewerTests.MenuCommandsTests test_focus_chain_should_support_keyboard_shortcuts]' passed (0.002 seconds).
Test Case '-[SwiftViewerTests.MenuCommandsTests test_focus_recovery_after_window_loses_and_regains_focus]' started.
Test Case '-[SwiftViewerTests.MenuCommandsTests test_focus_recovery_after_window_loses_and_regains_focus]' passed (0.002 seconds).
Test Case '-[SwiftViewerTests.MenuCommandsTests test_notification_names_are_unique]' started.
Test Case '-[SwiftViewerTests.MenuCommandsTests test_notification_names_are_unique]' passed (0.002 seconds).
Test Case '-[SwiftViewerTests.MenuCommandsTests test_openFolderAction_should_be_available_when_window_is_active]' started.
Test Case '-[SwiftViewerTests.MenuCommandsTests test_openFolderAction_should_be_available_when_window_is_active]' passed (0.007 seconds).
Test Suite 'MenuCommandsTests' passed at 2025-08-29 08:01:26.150.
	 Executed 13 tests, with 0 failures (0 unexpected) in 0.024 (0.092) seconds
Test Suite 'PluginBundleDetectionTests' started at 2025-08-29 08:01:26.150.
Test Case '-[SwiftViewerTests.PluginBundleDetectionTests test_PluginBundleInfo_detectsRequiredFiles]' started.
Test Case '-[SwiftViewerTests.PluginBundleDetectionTests test_PluginBundleInfo_detectsRequiredFiles]' passed (0.022 seconds).
Test Case '-[SwiftViewerTests.PluginBundleDetectionTests test_PluginBundleInfo_loadsMetadataCorrectly]' started.
Test Case '-[SwiftViewerTests.PluginBundleDetectionTests test_PluginBundleInfo_loadsMetadataCorrectly]' passed (0.009 seconds).
Test Case '-[SwiftViewerTests.PluginBundleDetectionTests test_PluginDiscoveryService_findsValidPluginBundles]' started.
Test Case '-[SwiftViewerTests.PluginBundleDetectionTests test_PluginDiscoveryService_findsValidPluginBundles]' passed (0.010 seconds).
Test Case '-[SwiftViewerTests.PluginBundleDetectionTests test_PluginDiscoveryService_handlesCorruptedMetadataFile]' started.
Test Case '-[SwiftViewerTests.PluginBundleDetectionTests test_PluginDiscoveryService_handlesCorruptedMetadataFile]' passed (0.013 seconds).
Test Case '-[SwiftViewerTests.PluginBundleDetectionTests test_PluginDiscoveryService_handlesMultipleValidBundles]' started.
Test Case '-[SwiftViewerTests.PluginBundleDetectionTests test_PluginDiscoveryService_handlesMultipleValidBundles]' passed (0.020 seconds).
Test Case '-[SwiftViewerTests.PluginBundleDetectionTests test_PluginDiscoveryService_handlesNonexistentDirectory]' started.
Test Case '-[SwiftViewerTests.PluginBundleDetectionTests test_PluginDiscoveryService_handlesNonexistentDirectory]' passed (0.004 seconds).
Test Case '-[SwiftViewerTests.PluginBundleDetectionTests test_PluginDiscoveryService_handlesPermissionDeniedDirectory]' started.
Test Case '-[SwiftViewerTests.PluginBundleDetectionTests test_PluginDiscoveryService_handlesPermissionDeniedDirectory]' passed (0.003 seconds).
Test Case '-[SwiftViewerTests.PluginBundleDetectionTests test_PluginDiscoveryService_ignoresInvalidBundles]' started.
Test Case '-[SwiftViewerTests.PluginBundleDetectionTests test_PluginDiscoveryService_ignoresInvalidBundles]' passed (0.018 seconds).
Test Case '-[SwiftViewerTests.PluginBundleDetectionTests test_PluginDiscoveryService_performanceWithManyBundles]' started.
/Users/sho/working/swift/work/SwiftViewer/SwiftViewerTests/Plugins/PluginBundleDetectionTests.swift:219: Test Case '-[SwiftViewerTests.PluginBundleDetectionTests test_PluginDiscoveryService_performanceWithManyBundles]' measured [Time, seconds] average: 0.722, relative standard deviation: 207.168%, values: [0.514074, 0.264769, 0.299279, 0.210641, 5.195999, 0.153214, 0.147543, 0.126243, 0.153526, 0.153316], performanceMetricID:com.apple.XCTPerformanceMetric_WallClockTime, baselineName: "", baselineAverage: , polarity: prefers smaller, maxPercentRegression: 10.000%, maxPercentRelativeStandardDeviation: 10.000%, maxRegression: 0.100, maxStandardDeviation: 0.100
Test Case '-[SwiftViewerTests.PluginBundleDetectionTests test_PluginDiscoveryService_performanceWithManyBundles]' passed (7.711 seconds).
Test Case '-[SwiftViewerTests.PluginBundleDetectionTests test_PluginDiscoveryService_requiresMetadataFile]' started.
Test Case '-[SwiftViewerTests.PluginBundleDetectionTests test_PluginDiscoveryService_requiresMetadataFile]' passed (0.029 seconds).
Test Case '-[SwiftViewerTests.PluginBundleDetectionTests test_PluginDiscoveryService_requiresPluginExtension]' started.
Test Case '-[SwiftViewerTests.PluginBundleDetectionTests test_PluginDiscoveryService_requiresPluginExtension]' passed (0.008 seconds).
Test Case '-[SwiftViewerTests.PluginBundleDetectionTests test_PluginDiscoveryService_supportsNestedDirectories]' started.
Test Case '-[SwiftViewerTests.PluginBundleDetectionTests test_PluginDiscoveryService_supportsNestedDirectories]' passed (0.012 seconds).
Test Suite 'PluginBundleDetectionTests' passed at 2025-08-29 08:01:34.017.
	 Executed 12 tests, with 0 failures (0 unexpected) in 7.860 (7.867) seconds
Test Suite 'PluginConfigurationUITests' started at 2025-08-29 08:01:34.018.
Test Case '-[SwiftViewerTests.PluginConfigurationUITests test_pluginConfigurationBuilder_generateSections]' started.
Test Case '-[SwiftViewerTests.PluginConfigurationUITests test_pluginConfigurationBuilder_generateSections]' passed (0.002 seconds).
Test Case '-[SwiftViewerTests.PluginConfigurationUITests test_pluginConfigurationBuilder_multipleSections]' started.
Test Case '-[SwiftViewerTests.PluginConfigurationUITests test_pluginConfigurationBuilder_multipleSections]' passed (0.002 seconds).
Test Case '-[SwiftViewerTests.PluginConfigurationUITests test_pluginConfigurationItem_picker]' started.
Test Case '-[SwiftViewerTests.PluginConfigurationUITests test_pluginConfigurationItem_picker]' passed (0.002 seconds).
Test Case '-[SwiftViewerTests.PluginConfigurationUITests test_pluginConfigurationItem_slider]' started.
Test Case '-[SwiftViewerTests.PluginConfigurationUITests test_pluginConfigurationItem_slider]' passed (0.002 seconds).
Test Case '-[SwiftViewerTests.PluginConfigurationUITests test_pluginConfigurationItem_textField]' started.
Test Case '-[SwiftViewerTests.PluginConfigurationUITests test_pluginConfigurationItem_textField]' passed (0.002 seconds).
Test Case '-[SwiftViewerTests.PluginConfigurationUITests test_pluginConfigurationItem_toggle]' started.
Test Case '-[SwiftViewerTests.PluginConfigurationUITests test_pluginConfigurationItem_toggle]' passed (0.002 seconds).
Test Case '-[SwiftViewerTests.PluginConfigurationUITests test_pluginConfigurationManager_errorHandling]' started.
Test Case '-[SwiftViewerTests.PluginConfigurationUITests test_pluginConfigurationManager_errorHandling]' passed (0.002 seconds).
Test Case '-[SwiftViewerTests.PluginConfigurationUITests test_pluginConfigurationManager_getAllConfigurations]' started.
Test Case '-[SwiftViewerTests.PluginConfigurationUITests test_pluginConfigurationManager_getAllConfigurations]' passed (0.001 seconds).
Test Case '-[SwiftViewerTests.PluginConfigurationUITests test_pluginConfigurationManager_liveUpdates]' started.
Test Case '-[SwiftViewerTests.PluginConfigurationUITests test_pluginConfigurationManager_liveUpdates]' passed (0.001 seconds).
Test Case '-[SwiftViewerTests.PluginConfigurationUITests test_pluginConfigurationManager_loadNonExistentConfiguration]' started.
Test Case '-[SwiftViewerTests.PluginConfigurationUITests test_pluginConfigurationManager_loadNonExistentConfiguration]' passed (0.001 seconds).
Test Case '-[SwiftViewerTests.PluginConfigurationUITests test_pluginConfigurationManager_performance]' started.
/Users/sho/working/swift/work/SwiftViewer/SwiftViewerTests/Plugins/PluginConfigurationUITests.swift:344: Test Case '-[SwiftViewerTests.PluginConfigurationUITests test_pluginConfigurationManager_performance]' measured [Time, seconds] average: 0.022, relative standard deviation: 23.609%, values: [0.037681, 0.020492, 0.020409, 0.020013, 0.020175, 0.020307, 0.020148, 0.020802, 0.020399, 0.020228], performanceMetricID:com.apple.XCTPerformanceMetric_WallClockTime, baselineName: "", baselineAverage: , polarity: prefers smaller, maxPercentRegression: 10.000%, maxPercentRelativeStandardDeviation: 10.000%, maxRegression: 0.100, maxStandardDeviation: 0.100
Test Case '-[SwiftViewerTests.PluginConfigurationUITests test_pluginConfigurationManager_performance]' passed (0.477 seconds).
Test Case '-[SwiftViewerTests.PluginConfigurationUITests test_pluginConfigurationManager_registration]' started.
Test Case '-[SwiftViewerTests.PluginConfigurationUITests test_pluginConfigurationManager_registration]' passed (0.001 seconds).
Test Case '-[SwiftViewerTests.PluginConfigurationUITests test_pluginConfigurationManager_sanitizeConfiguration]' started.
Test Case '-[SwiftViewerTests.PluginConfigurationUITests test_pluginConfigurationManager_sanitizeConfiguration]' passed (0.001 seconds).
Test Case '-[SwiftViewerTests.PluginConfigurationUITests test_pluginConfigurationManager_saveConfiguration]' started.
Test Case '-[SwiftViewerTests.PluginConfigurationUITests test_pluginConfigurationManager_saveConfiguration]' passed (0.001 seconds).
Test Case '-[SwiftViewerTests.PluginConfigurationUITests test_pluginConfigurationManager_unregistration]' started.
Test Case '-[SwiftViewerTests.PluginConfigurationUITests test_pluginConfigurationManager_unregistration]' passed (0.001 seconds).
Test Case '-[SwiftViewerTests.PluginConfigurationUITests test_pluginConfigurationManager_updateConfiguration]' started.
Test Case '-[SwiftViewerTests.PluginConfigurationUITests test_pluginConfigurationManager_updateConfiguration]' passed (0.001 seconds).
Test Case '-[SwiftViewerTests.PluginConfigurationUITests test_pluginConfigurationManager_validateConfiguration]' started.
Test Case '-[SwiftViewerTests.PluginConfigurationUITests test_pluginConfigurationManager_validateConfiguration]' passed (0.001 seconds).
Test Case '-[SwiftViewerTests.PluginConfigurationUITests test_pluginConfigurationSection_initialization]' started.
Test Case '-[SwiftViewerTests.PluginConfigurationUITests test_pluginConfigurationSection_initialization]' passed (0.004 seconds).
Test Case '-[SwiftViewerTests.PluginConfigurationUITests test_pluginConfigurationSection_withItems]' started.
Test Case '-[SwiftViewerTests.PluginConfigurationUITests test_pluginConfigurationSection_withItems]' passed (0.001 seconds).
Test Case '-[SwiftViewerTests.PluginConfigurationUITests test_pluginConfigurationView_protocol_requirements]' started.
Test Case '-[SwiftViewerTests.PluginConfigurationUITests test_pluginConfigurationView_protocol_requirements]' passed (0.001 seconds).
Test Case '-[SwiftViewerTests.PluginConfigurationUITests test_pluginConfigurationView_updateConfiguration]' started.
Test Case '-[SwiftViewerTests.PluginConfigurationUITests test_pluginConfigurationView_updateConfiguration]' passed (0.001 seconds).
Test Suite 'PluginConfigurationUITests' passed at 2025-08-29 08:01:34.530.
	 Executed 21 tests, with 0 failures (0 unexpected) in 0.505 (0.512) seconds
Test Suite 'PluginErrorHandlingTests' started at 2025-08-29 08:01:34.536.
Test Case '-[SwiftViewerTests.PluginErrorHandlingTests test_PluginError_analyticsData]' started.
Test Case '-[SwiftViewerTests.PluginErrorHandlingTests test_PluginError_analyticsData]' passed (0.001 seconds).
Test Case '-[SwiftViewerTests.PluginErrorHandlingTests test_PluginError_bundleErrorCases]' started.
Test Case '-[SwiftViewerTests.PluginErrorHandlingTests test_PluginError_bundleErrorCases]' passed (0.001 seconds).
Test Case '-[SwiftViewerTests.PluginErrorHandlingTests test_PluginError_chainedErrorHandling]' started.
Test Case '-[SwiftViewerTests.PluginErrorHandlingTests test_PluginError_chainedErrorHandling]' passed (0.001 seconds).
Test Case '-[SwiftViewerTests.PluginErrorHandlingTests test_PluginError_contextualInformation]' started.
Test Case '-[SwiftViewerTests.PluginErrorHandlingTests test_PluginError_contextualInformation]' passed (0.001 seconds).
Test Case '-[SwiftViewerTests.PluginErrorHandlingTests test_PluginError_failureReasons]' started.
Test Case '-[SwiftViewerTests.PluginErrorHandlingTests test_PluginError_failureReasons]' passed (0.006 seconds).
Test Case '-[SwiftViewerTests.PluginErrorHandlingTests test_PluginError_handlingStrategies]' started.
Test Case '-[SwiftViewerTests.PluginErrorHandlingTests test_PluginError_handlingStrategies]' passed (0.001 seconds).
Test Case '-[SwiftViewerTests.PluginErrorHandlingTests test_PluginError_loadingErrorCases]' started.
Test Case '-[SwiftViewerTests.PluginErrorHandlingTests test_PluginError_loadingErrorCases]' passed (0.001 seconds).
Test Case '-[SwiftViewerTests.PluginErrorHandlingTests test_PluginError_localizedDescriptions]' started.
Test Case '-[SwiftViewerTests.PluginErrorHandlingTests test_PluginError_localizedDescriptions]' passed (0.001 seconds).
Test Case '-[SwiftViewerTests.PluginErrorHandlingTests test_PluginError_loggingCompatibility]' started.
Test Case '-[SwiftViewerTests.PluginErrorHandlingTests test_PluginError_loggingCompatibility]' passed (0.001 seconds).
Test Case '-[SwiftViewerTests.PluginErrorHandlingTests test_PluginError_recoverySuggestions]' started.
Test Case '-[SwiftViewerTests.PluginErrorHandlingTests test_PluginError_recoverySuggestions]' passed (0.001 seconds).
Test Case '-[SwiftViewerTests.PluginErrorHandlingTests test_PluginError_registryErrorCases]' started.
Test Case '-[SwiftViewerTests.PluginErrorHandlingTests test_PluginError_registryErrorCases]' passed (0.001 seconds).
Test Case '-[SwiftViewerTests.PluginErrorHandlingTests test_PluginError_runtimeErrorCases]' started.
Test Case '-[SwiftViewerTests.PluginErrorHandlingTests test_PluginError_runtimeErrorCases]' passed (0.001 seconds).
Test Case '-[SwiftViewerTests.PluginErrorHandlingTests test_PluginError_severityClassification]' started.
Test Case '-[SwiftViewerTests.PluginErrorHandlingTests test_PluginError_severityClassification]' passed (0.001 seconds).
Test Case '-[SwiftViewerTests.PluginErrorHandlingTests test_PluginError_systemErrorCases]' started.
Test Case '-[SwiftViewerTests.PluginErrorHandlingTests test_PluginError_systemErrorCases]' passed (0.001 seconds).
Test Case '-[SwiftViewerTests.PluginErrorHandlingTests test_PluginError_underlyingErrorPropagation]' started.
Test Case '-[SwiftViewerTests.PluginErrorHandlingTests test_PluginError_underlyingErrorPropagation]' passed (0.001 seconds).
Test Case '-[SwiftViewerTests.PluginErrorHandlingTests test_PluginError_userFriendlyMessages]' started.
Test Case '-[SwiftViewerTests.PluginErrorHandlingTests test_PluginError_userFriendlyMessages]' passed (0.001 seconds).
Test Case '-[SwiftViewerTests.PluginErrorHandlingTests test_PluginError_validationErrorCases]' started.
Test Case '-[SwiftViewerTests.PluginErrorHandlingTests test_PluginError_validationErrorCases]' passed (0.001 seconds).
Test Suite 'PluginErrorHandlingTests' passed at 2025-08-29 08:01:34.568.
	 Executed 17 tests, with 0 failures (0 unexpected) in 0.016 (0.032) seconds
Test Suite 'PluginExecutionContextTests' started at 2025-08-29 08:01:34.568.
Test Case '-[SwiftViewerTests.PluginExecutionContextTests testContextCreation_WithValidLimits_ShouldCreateContext]' started.
[INFO] [PluginExecutionContext.swift:101] init(memoryLimitMB:cpuTimeLimit:diskIOLimitMB:): PluginExecutionContext initialized with limits: memory=50MB, cpu=5.0s, diskIO=10MB
2025-08-29 08:01:34.576100+0900 SwiftViewer[64874:54973215] [SwiftViewer] [INFO] [PluginExecutionContext.swift:101] init(memoryLimitMB:cpuTimeLimit:diskIOLimitMB:): PluginExecutionContext initialized with limits: memory=50MB, cpu=5.0s, diskIO=10MB
[INFO] [PluginExecutionContext.swift:101] init(memoryLimitMB:cpuTimeLimit:diskIOLimitMB:): PluginExecutionContext initialized with limits: memory=100MB, cpu=10.0s, diskIO=20MB
2025-08-29 08:01:34.676799+0900 SwiftViewer[64874:54973215] [SwiftViewer] [INFO] [PluginExecutionContext.swift:101] init(memoryLimitMB:cpuTimeLimit:diskIOLimitMB:): PluginExecutionContext initialized with limits: memory=100MB, cpu=10.0s, diskIO=20MB
Test Case '-[SwiftViewerTests.PluginExecutionContextTests testContextCreation_WithValidLimits_ShouldCreateContext]' passed (0.210 seconds).
Test Case '-[SwiftViewerTests.PluginExecutionContextTests testContextCreation_WithZeroLimits_ShouldUseDefaults]' started.
[INFO] [PluginExecutionContext.swift:101] init(memoryLimitMB:cpuTimeLimit:diskIOLimitMB:): PluginExecutionContext initialized with limits: memory=50MB, cpu=5.0s, diskIO=10MB
2025-08-29 08:01:34.780427+0900 SwiftViewer[64874:54973215] [SwiftViewer] [INFO] [PluginExecutionContext.swift:101] init(memoryLimitMB:cpuTimeLimit:diskIOLimitMB:): PluginExecutionContext initialized with limits: memory=50MB, cpu=5.0s, diskIO=10MB
[INFO] [PluginExecutionContext.swift:101] init(memoryLimitMB:cpuTimeLimit:diskIOLimitMB:): PluginExecutionContext initialized with limits: memory=256MB, cpu=30.0s, diskIO=100MB
2025-08-29 08:01:34.882420+0900 SwiftViewer[64874:54973215] [SwiftViewer] [INFO] [PluginExecutionContext.swift:101] init(memoryLimitMB:cpuTimeLimit:diskIOLimitMB:): PluginExecutionContext initialized with limits: memory=256MB, cpu=30.0s, diskIO=100MB
Test Case '-[SwiftViewerTests.PluginExecutionContextTests testContextCreation_WithZeroLimits_ShouldUseDefaults]' passed (0.206 seconds).
Test Case '-[SwiftViewerTests.PluginExecutionContextTests testContextReset_ShouldReturnToIdleState]' started.
[INFO] [PluginExecutionContext.swift:101] init(memoryLimitMB:cpuTimeLimit:diskIOLimitMB:): PluginExecutionContext initialized with limits: memory=50MB, cpu=5.0s, diskIO=10MB
2025-08-29 08:01:34.987489+0900 SwiftViewer[64874:54973215] [SwiftViewer] [INFO] [PluginExecutionContext.swift:101] init(memoryLimitMB:cpuTimeLimit:diskIOLimitMB:): PluginExecutionContext initialized with limits: memory=50MB, cpu=5.0s, diskIO=10MB
[INFO] [PluginExecutionContext.swift:196] reset(): PluginExecutionContext reset to idle state
2025-08-29 08:01:35.089447+0900 SwiftViewer[64874:54973215] [SwiftViewer] [INFO] [PluginExecutionContext.swift:196] reset(): PluginExecutionContext reset to idle state
Test Case '-[SwiftViewerTests.PluginExecutionContextTests testContextReset_ShouldReturnToIdleState]' passed (0.205 seconds).
Test Case '-[SwiftViewerTests.PluginExecutionContextTests testExecuteInContext_PluginThrowsError_ShouldCleanupAndPropagate]' started.
[INFO] [PluginExecutionContext.swift:101] init(memoryLimitMB:cpuTimeLimit:diskIOLimitMB:): PluginExecutionContext initialized with limits: memory=50MB, cpu=5.0s, diskIO=10MB
2025-08-29 08:01:35.193165+0900 SwiftViewer[64874:54973215] [SwiftViewer] [INFO] [PluginExecutionContext.swift:101] init(memoryLimitMB:cpuTimeLimit:diskIOLimitMB:): PluginExecutionContext initialized with limits: memory=50MB, cpu=5.0s, diskIO=10MB
[INFO] [PluginExecutionContext.swift:127] execute(plugin:operation:): Starting execution of plugin: test.plugin
2025-08-29 08:01:35.295274+0900 SwiftViewer[64874:54973215] [SwiftViewer] [INFO] [PluginExecutionContext.swift:127] execute(plugin:operation:): Starting execution of plugin: test.plugin
[ERROR] [PluginExecutionContext.swift:292] handleExecutionError(_:pluginId:): Plugin execution error for test.plugin: Plugin execution failed: Plugin initialization failed: test error
2025-08-29 08:01:35.296037+0900 SwiftViewer[64874:54973215] [SwiftViewer] [ERROR] [PluginExecutionContext.swift:292] handleExecutionError(_:pluginId:): Plugin execution error for test.plugin: Plugin execution failed: Plugin initialization failed: test error
/Users/sho/working/swift/work/SwiftViewer/SwiftViewerTests/Plugins/PluginExecutionContextTests.swift:133: error: -[SwiftViewerTests.PluginExecutionContextTests testExecuteInContext_PluginThrowsError_ShouldCleanupAndPropagate] : XCTAssertEqual failed: ("Plugin execution failed: Plugin initialization failed: test error") is not equal to ("Plugin initialization failed: test error")
/Users/sho/working/swift/work/SwiftViewer/SwiftViewerTests/Plugins/PluginExecutionContextTests.swift:134: error: -[SwiftViewerTests.PluginExecutionContextTests testExecuteInContext_PluginThrowsError_ShouldCleanupAndPropagate] : XCTAssertEqual failed: ("error(SwiftViewer.PluginError.executionFailed(reason: "Plugin initialization failed: test error"))") is not equal to ("idle")
Test Case '-[SwiftViewerTests.PluginExecutionContextTests testExecuteInContext_PluginThrowsError_ShouldCleanupAndPropagate]' failed (0.213 seconds).
Test Case '-[SwiftViewerTests.PluginExecutionContextTests testExecuteInContext_TracksResourceUsage_ShouldRecordMetrics]' started.
[INFO] [PluginExecutionContext.swift:101] init(memoryLimitMB:cpuTimeLimit:diskIOLimitMB:): PluginExecutionContext initialized with limits: memory=50MB, cpu=5.0s, diskIO=10MB
2025-08-29 08:01:35.406648+0900 SwiftViewer[64874:54973215] [SwiftViewer] [INFO] [PluginExecutionContext.swift:101] init(memoryLimitMB:cpuTimeLimit:diskIOLimitMB:): PluginExecutionContext initialized with limits: memory=50MB, cpu=5.0s, diskIO=10MB
[INFO] [PluginExecutionContext.swift:127] execute(plugin:operation:): Starting execution of plugin: test.plugin
2025-08-29 08:01:35.509125+0900 SwiftViewer[64874:54973215] [SwiftViewer] [INFO] [PluginExecutionContext.swift:127] execute(plugin:operation:): Starting execution of plugin: test.plugin
[INFO] [PluginExecutionContext.swift:159] execute(plugin:operation:): Plugin execution completed successfully: test.plugin
2025-08-29 08:01:35.561925+0900 SwiftViewer[64874:54973215] [SwiftViewer] [INFO] [PluginExecutionContext.swift:159] execute(plugin:operation:): Plugin execution completed successfully: test.plugin
Test Case '-[SwiftViewerTests.PluginExecutionContextTests testExecuteInContext_TracksResourceUsage_ShouldRecordMetrics]' passed (0.260 seconds).
Test Case '-[SwiftViewerTests.PluginExecutionContextTests testExecuteInContext_WithValidPlugin_ShouldIsolateExecution]' started.
[INFO] [PluginExecutionContext.swift:101] init(memoryLimitMB:cpuTimeLimit:diskIOLimitMB:): PluginExecutionContext initialized with limits: memory=50MB, cpu=5.0s, diskIO=10MB
2025-08-29 08:01:35.667472+0900 SwiftViewer[64874:54973215] [SwiftViewer] [INFO] [PluginExecutionContext.swift:101] init(memoryLimitMB:cpuTimeLimit:diskIOLimitMB:): PluginExecutionContext initialized with limits: memory=50MB, cpu=5.0s, diskIO=10MB
[INFO] [PluginExecutionContext.swift:127] execute(plugin:operation:): Starting execution of plugin: test.plugin
2025-08-29 08:01:35.770084+0900 SwiftViewer[64874:54973215] [SwiftViewer] [INFO] [PluginExecutionContext.swift:127] execute(plugin:operation:): Starting execution of plugin: test.plugin
[ERROR] [PluginExecutionContext.swift:292] handleExecutionError(_:pluginId:): Plugin execution error for test.plugin: Plugin exceeded memory limit of 50 MB
2025-08-29 08:01:35.871535+0900 SwiftViewer[64874:54973215] [SwiftViewer] [ERROR] [PluginExecutionContext.swift:292] handleExecutionError(_:pluginId:): Plugin execution error for test.plugin: Plugin exceeded memory limit of 50 MB
[INFO] [PluginExecutionContext.swift:159] execute(plugin:operation:): Plugin execution completed successfully: test.plugin
2025-08-29 08:01:35.871839+0900 SwiftViewer[64874:54973215] [SwiftViewer] [INFO] [PluginExecutionContext.swift:159] execute(plugin:operation:): Plugin execution completed successfully: test.plugin
Test Case '-[SwiftViewerTests.PluginExecutionContextTests testExecuteInContext_WithValidPlugin_ShouldIsolateExecution]' passed (0.308 seconds).
Test Case '-[SwiftViewerTests.PluginExecutionContextTests testMemoryLimit_CanBeSet_AndRetrieved]' started.
[INFO] [PluginExecutionContext.swift:101] init(memoryLimitMB:cpuTimeLimit:diskIOLimitMB:): PluginExecutionContext initialized with limits: memory=50MB, cpu=5.0s, diskIO=10MB
2025-08-29 08:01:35.975766+0900 SwiftViewer[64874:54973215] [SwiftViewer] [INFO] [PluginExecutionContext.swift:101] init(memoryLimitMB:cpuTimeLimit:diskIOLimitMB:): PluginExecutionContext initialized with limits: memory=50MB, cpu=5.0s, diskIO=10MB
[INFO] [PluginExecutionContext.swift:101] init(memoryLimitMB:cpuTimeLimit:diskIOLimitMB:): PluginExecutionContext initialized with limits: memory=100MB, cpu=10.0s, diskIO=20MB
2025-08-29 08:01:36.078523+0900 SwiftViewer[64874:54973215] [SwiftViewer] [INFO] [PluginExecutionContext.swift:101] init(memoryLimitMB:cpuTimeLimit:diskIOLimitMB:): PluginExecutionContext initialized with limits: memory=100MB, cpu=10.0s, diskIO=20MB
Test Case '-[SwiftViewerTests.PluginExecutionContextTests testMemoryLimit_CanBeSet_AndRetrieved]' passed (0.207 seconds).
Test Suite 'PluginExecutionContextTests' failed at 2025-08-29 08:01:36.183.
	 Executed 7 tests, with 2 failures (0 unexpected) in 1.608 (1.615) seconds
Test Suite 'PluginLoaderTests' started at 2025-08-29 08:01:36.183.
Test Case '-[SwiftViewerTests.PluginLoaderTests test_PluginLoader_cleansUpOnFailure]' started.
Test Case '-[SwiftViewerTests.PluginLoaderTests test_PluginLoader_cleansUpOnFailure]' passed (0.031 seconds).
Test Case '-[SwiftViewerTests.PluginLoaderTests test_PluginLoader_handlesConcurrentLoading]' started.
Test Case '-[SwiftViewerTests.PluginLoaderTests test_PluginLoader_handlesConcurrentLoading]' passed (0.140 seconds).
Test Case '-[SwiftViewerTests.PluginLoaderTests test_PluginLoader_handlesCorruptedBundle]' started.
Test Case '-[SwiftViewerTests.PluginLoaderTests test_PluginLoader_handlesCorruptedBundle]' passed (0.017 seconds).
Test Case '-[SwiftViewerTests.PluginLoaderTests test_PluginLoader_handlesInitializationFailure]' started.
Test Case '-[SwiftViewerTests.PluginLoaderTests test_PluginLoader_handlesInitializationFailure]' passed (0.030 seconds).
Test Case '-[SwiftViewerTests.PluginLoaderTests test_PluginLoader_handlesLoadingFailure]' started.
Test Case '-[SwiftViewerTests.PluginLoaderTests test_PluginLoader_handlesLoadingFailure]' passed (0.014 seconds).
Test Case '-[SwiftViewerTests.PluginLoaderTests test_PluginLoader_handlesMissingExecutable]' started.
Test Case '-[SwiftViewerTests.PluginLoaderTests test_PluginLoader_handlesMissingExecutable]' passed (0.015 seconds).
Test Case '-[SwiftViewerTests.PluginLoaderTests test_PluginLoader_initializesPluginSuccessfully]' started.
Test Case '-[SwiftViewerTests.PluginLoaderTests test_PluginLoader_initializesPluginSuccessfully]' passed (0.023 seconds).
Test Case '-[SwiftViewerTests.PluginLoaderTests test_PluginLoader_limitsResourceUsage]' started.
Test Case '-[SwiftViewerTests.PluginLoaderTests test_PluginLoader_limitsResourceUsage]' passed (0.103 seconds).
Test Case '-[SwiftViewerTests.PluginLoaderTests test_PluginLoader_loadsValidPlugin]' started.
Test Case '-[SwiftViewerTests.PluginLoaderTests test_PluginLoader_loadsValidPlugin]' passed (0.013 seconds).
Test Case '-[SwiftViewerTests.PluginLoaderTests test_PluginLoader_managesPluginLifecycle]' started.
Test Case '-[SwiftViewerTests.PluginLoaderTests test_PluginLoader_managesPluginLifecycle]' passed (0.018 seconds).
Test Case '-[SwiftViewerTests.PluginLoaderTests test_PluginLoader_performanceWithMultiplePlugins]' started.
/Users/sho/working/swift/work/SwiftViewer/SwiftViewerTests/Plugins/PluginLoaderTests.swift:313: Test Case '-[SwiftViewerTests.PluginLoaderTests test_PluginLoader_performanceWithMultiplePlugins]' measured [Time, seconds] average: 0.002, relative standard deviation: 27.106%, values: [0.003943, 0.002171, 0.001469, 0.001950, 0.002089, 0.002507, 0.002429, 0.002523, 0.002276, 0.001793], performanceMetricID:com.apple.XCTPerformanceMetric_WallClockTime, baselineName: "", baselineAverage: , polarity: prefers smaller, maxPercentRegression: 10.000%, maxPercentRelativeStandardDeviation: 10.000%, maxRegression: 0.100, maxStandardDeviation: 0.100
Test Case '-[SwiftViewerTests.PluginLoaderTests test_PluginLoader_performanceWithMultiplePlugins]' passed (0.070 seconds).
Test Case '-[SwiftViewerTests.PluginLoaderTests test_PluginLoader_validatesSandboxConstraints]' started.
Test Case '-[SwiftViewerTests.PluginLoaderTests test_PluginLoader_validatesSandboxConstraints]' passed (0.011 seconds).
Test Suite 'PluginLoaderTests' passed at 2025-08-29 08:01:36.680.
	 Executed 12 tests, with 0 failures (0 unexpected) in 0.488 (0.496) seconds
Test Suite 'PluginMetadataTests' started at 2025-08-29 08:01:36.680.
Test Case '-[SwiftViewerTests.PluginMetadataTests test_PluginMetadata_decodeFromJSON]' started.
Test Case '-[SwiftViewerTests.PluginMetadataTests test_PluginMetadata_decodeFromJSON]' passed (0.001 seconds).
Test Case '-[SwiftViewerTests.PluginMetadataTests test_PluginMetadata_duplicateCapabilitiesHandled]' started.
Test Case '-[SwiftViewerTests.PluginMetadataTests test_PluginMetadata_duplicateCapabilitiesHandled]' passed (0.001 seconds).
Test Case '-[SwiftViewerTests.PluginMetadataTests test_PluginMetadata_emptyCapabilities]' started.
Test Case '-[SwiftViewerTests.PluginMetadataTests test_PluginMetadata_emptyCapabilities]' passed (0.001 seconds).
Test Case '-[SwiftViewerTests.PluginMetadataTests test_PluginMetadata_encodeToJSON]' started.
Test Case '-[SwiftViewerTests.PluginMetadataTests test_PluginMetadata_encodeToJSON]' passed (0.002 seconds).
Test Case '-[SwiftViewerTests.PluginMetadataTests test_PluginMetadata_largeCapabilitySet]' started.
Test Case '-[SwiftViewerTests.PluginMetadataTests test_PluginMetadata_largeCapabilitySet]' passed (0.001 seconds).
Test Case '-[SwiftViewerTests.PluginMetadataTests test_PluginMetadata_roundTripSerialization]' started.
Test Case '-[SwiftViewerTests.PluginMetadataTests test_PluginMetadata_roundTripSerialization]' passed (0.001 seconds).
Test Case '-[SwiftViewerTests.PluginMetadataTests test_PluginMetadata_unicodeHandling]' started.
Test Case '-[SwiftViewerTests.PluginMetadataTests test_PluginMetadata_unicodeHandling]' passed (0.001 seconds).
Test Case '-[SwiftViewerTests.PluginMetadataTests test_PluginMetadata_validationForMalformedJSON]' started.
Test Case '-[SwiftViewerTests.PluginMetadataTests test_PluginMetadata_validationForMalformedJSON]' passed (0.001 seconds).
Test Case '-[SwiftViewerTests.PluginMetadataTests test_PluginMetadata_versionFormats]' started.
Test Case '-[SwiftViewerTests.PluginMetadataTests test_PluginMetadata_versionFormats]' passed (0.001 seconds).
Test Suite 'PluginMetadataTests' passed at 2025-08-29 08:01:36.696.
	 Executed 9 tests, with 0 failures (0 unexpected) in 0.011 (0.016) seconds
Test Suite 'PluginProtocolTests' started at 2025-08-29 08:01:36.697.
Test Case '-[SwiftViewerTests.PluginProtocolTests test_PluginCapability_hasCorrectCases]' started.
Test Case '-[SwiftViewerTests.PluginProtocolTests test_PluginCapability_hasCorrectCases]' passed (0.001 seconds).
Test Case '-[SwiftViewerTests.PluginProtocolTests test_PluginCapability_supportsMultipleCapabilities]' started.
Test Case '-[SwiftViewerTests.PluginProtocolTests test_PluginCapability_supportsMultipleCapabilities]' passed (0.001 seconds).
Test Case '-[SwiftViewerTests.PluginProtocolTests test_PluginMetadata_initialization]' started.
Test Case '-[SwiftViewerTests.PluginProtocolTests test_PluginMetadata_initialization]' passed (0.001 seconds).
Test Case '-[SwiftViewerTests.PluginProtocolTests test_PluginMetadata_requiredFields]' started.
Test Case '-[SwiftViewerTests.PluginProtocolTests test_PluginMetadata_requiredFields]' passed (0.001 seconds).
Test Case '-[SwiftViewerTests.PluginProtocolTests test_PluginProtocol_cleanupMethod]' started.
Test Case '-[SwiftViewerTests.PluginProtocolTests test_PluginProtocol_cleanupMethod]' passed (0.001 seconds).
Test Case '-[SwiftViewerTests.PluginProtocolTests test_PluginProtocol_conformanceValidation]' started.
Test Case '-[SwiftViewerTests.PluginProtocolTests test_PluginProtocol_conformanceValidation]' passed (0.001 seconds).
Test Case '-[SwiftViewerTests.PluginProtocolTests test_PluginProtocol_hasRequiredProperties]' started.
Test Case '-[SwiftViewerTests.PluginProtocolTests test_PluginProtocol_hasRequiredProperties]' passed (0.001 seconds).
Test Case '-[SwiftViewerTests.PluginProtocolTests test_PluginProtocol_initializeMethod]' started.
Test Case '-[SwiftViewerTests.PluginProtocolTests test_PluginProtocol_initializeMethod]' passed (0.001 seconds).
Test Suite 'PluginProtocolTests' passed at 2025-08-29 08:01:36.727.
	 Executed 8 tests, with 0 failures (0 unexpected) in 0.008 (0.030) seconds
Test Suite 'PluginRegistryTests' started at 2025-08-29 08:01:36.727.
Test Case '-[SwiftViewerTests.PluginRegistryTests test_PluginRegistry_deregistersAllPlugins]' started.
Test Case '-[SwiftViewerTests.PluginRegistryTests test_PluginRegistry_deregistersAllPlugins]' passed (0.001 seconds).
Test Case '-[SwiftViewerTests.PluginRegistryTests test_PluginRegistry_deregistersPluginSuccessfully]' started.
Test Case '-[SwiftViewerTests.PluginRegistryTests test_PluginRegistry_deregistersPluginSuccessfully]' passed (0.016 seconds).
Test Case '-[SwiftViewerTests.PluginRegistryTests test_PluginRegistry_enablesAndDisablesPlugins]' started.
Test Case '-[SwiftViewerTests.PluginRegistryTests test_PluginRegistry_enablesAndDisablesPlugins]' passed (0.001 seconds).
Test Case '-[SwiftViewerTests.PluginRegistryTests test_PluginRegistry_findsPluginById]' started.
Test Case '-[SwiftViewerTests.PluginRegistryTests test_PluginRegistry_findsPluginById]' passed (0.001 seconds).
Test Case '-[SwiftViewerTests.PluginRegistryTests test_PluginRegistry_findsPluginsByCapability]' started.
Test Case '-[SwiftViewerTests.PluginRegistryTests test_PluginRegistry_findsPluginsByCapability]' passed (0.001 seconds).
Test Case '-[SwiftViewerTests.PluginRegistryTests test_PluginRegistry_getAllPlugins]' started.
Test Case '-[SwiftViewerTests.PluginRegistryTests test_PluginRegistry_getAllPlugins]' passed (0.001 seconds).
Test Case '-[SwiftViewerTests.PluginRegistryTests test_PluginRegistry_handlesConcurrentDeregistration]' started.
Test Case '-[SwiftViewerTests.PluginRegistryTests test_PluginRegistry_handlesConcurrentDeregistration]' passed (0.001 seconds).
Test Case '-[SwiftViewerTests.PluginRegistryTests test_PluginRegistry_handlesConcurrentLookups]' started.
Test Case '-[SwiftViewerTests.PluginRegistryTests test_PluginRegistry_handlesConcurrentLookups]' passed (0.001 seconds).
Test Case '-[SwiftViewerTests.PluginRegistryTests test_PluginRegistry_handlesConcurrentRegistration]' started.
Test Case '-[SwiftViewerTests.PluginRegistryTests test_PluginRegistry_handlesConcurrentRegistration]' passed (0.001 seconds).
Test Case '-[SwiftViewerTests.PluginRegistryTests test_PluginRegistry_handlesDeregistrationOfNonexistentPlugin]' started.
Test Case '-[SwiftViewerTests.PluginRegistryTests test_PluginRegistry_handlesDeregistrationOfNonexistentPlugin]' passed (0.001 seconds).
Test Case '-[SwiftViewerTests.PluginRegistryTests test_PluginRegistry_handlesPluginCleanupOnDeregistration]' started.
Test Case '-[SwiftViewerTests.PluginRegistryTests test_PluginRegistry_handlesPluginCleanupOnDeregistration]' passed (0.102 seconds).
Test Case '-[SwiftViewerTests.PluginRegistryTests test_PluginRegistry_handlesPluginInitializationFailure]' started.
Test Case '-[SwiftViewerTests.PluginRegistryTests test_PluginRegistry_handlesPluginInitializationFailure]' passed (0.003 seconds).
Test Case '-[SwiftViewerTests.PluginRegistryTests test_PluginRegistry_performsLookupEfficiently]' started.
/Users/sho/working/swift/work/SwiftViewer/SwiftViewerTests/Plugins/PluginRegistryTests.swift:409: Test Case '-[SwiftViewerTests.PluginRegistryTests test_PluginRegistry_performsLookupEfficiently]' measured [Time, seconds] average: 0.000, relative standard deviation: 32.469%, values: [0.000211, 0.000201, 0.000139, 0.000139, 0.000215, 0.000321, 0.000338, 0.000244, 0.000325, 0.000387], performanceMetricID:com.apple.XCTPerformanceMetric_WallClockTime, baselineName: "", baselineAverage: , polarity: prefers smaller, maxPercentRegression: 10.000%, maxPercentRelativeStandardDeviation: 10.000%, maxRegression: 0.100, maxStandardDeviation: 0.100
Test Case '-[SwiftViewerTests.PluginRegistryTests test_PluginRegistry_performsLookupEfficiently]' passed (0.009 seconds).
Test Case '-[SwiftViewerTests.PluginRegistryTests test_PluginRegistry_preventsDoubleRegistration]' started.
Test Case '-[SwiftViewerTests.PluginRegistryTests test_PluginRegistry_preventsDoubleRegistration]' passed (0.002 seconds).
Test Case '-[SwiftViewerTests.PluginRegistryTests test_PluginRegistry_registersMultiplePlugins]' started.
Test Case '-[SwiftViewerTests.PluginRegistryTests test_PluginRegistry_registersMultiplePlugins]' passed (0.002 seconds).
Test Case '-[SwiftViewerTests.PluginRegistryTests test_PluginRegistry_registersPluginSuccessfully]' started.
Test Case '-[SwiftViewerTests.PluginRegistryTests test_PluginRegistry_registersPluginSuccessfully]' passed (0.001 seconds).
Test Case '-[SwiftViewerTests.PluginRegistryTests test_PluginRegistry_tracksPluginActiveState]' started.
Test Case '-[SwiftViewerTests.PluginRegistryTests test_PluginRegistry_tracksPluginActiveState]' passed (0.001 seconds).
Test Suite 'PluginRegistryTests' passed at 2025-08-29 08:01:36.888.
	 Executed 17 tests, with 0 failures (0 unexpected) in 0.145 (0.161) seconds
Test Suite 'PluginSettingsIntegrationTests' started at 2025-08-29 08:01:36.889.
Test Case '-[SwiftViewerTests.PluginSettingsIntegrationTests test_pluginSettingsManager_bulkOperationPerformance]' started.
/Users/sho/working/swift/work/SwiftViewer/SwiftViewerTests/Plugins/PluginSettingsIntegrationTests.swift:256: Test Case '-[SwiftViewerTests.PluginSettingsIntegrationTests test_pluginSettingsManager_bulkOperationPerformance]' measured [Time, seconds] average: 0.000, relative standard deviation: 42.910%, values: [0.000451, 0.000160, 0.000152, 0.000191, 0.000219, 0.000165, 0.000229, 0.000159, 0.000151, 0.000151], performanceMetricID:com.apple.XCTPerformanceMetric_WallClockTime, baselineName: "", baselineAverage: , polarity: prefers smaller, maxPercentRegression: 10.000%, maxPercentRelativeStandardDeviation: 10.000%, maxRegression: 0.100, maxStandardDeviation: 0.100
Test Case '-[SwiftViewerTests.PluginSettingsIntegrationTests test_pluginSettingsManager_bulkOperationPerformance]' passed (0.272 seconds).
Test Case '-[SwiftViewerTests.PluginSettingsIntegrationTests test_pluginSettingsManager_getPluginSettings]' started.
Test Case '-[SwiftViewerTests.PluginSettingsIntegrationTests test_pluginSettingsManager_getPluginSettings]' passed (0.002 seconds).
Test Case '-[SwiftViewerTests.PluginSettingsIntegrationTests test_pluginSettingsManager_handlesEmptySettings]' started.
Test Case '-[SwiftViewerTests.PluginSettingsIntegrationTests test_pluginSettingsManager_handlesEmptySettings]' passed (0.004 seconds).
Test Case '-[SwiftViewerTests.PluginSettingsIntegrationTests test_pluginSettingsManager_handlesInvalidPluginId]' started.
Test Case '-[SwiftViewerTests.PluginSettingsIntegrationTests test_pluginSettingsManager_handlesInvalidPluginId]' passed (0.001 seconds).
Test Case '-[SwiftViewerTests.PluginSettingsIntegrationTests test_pluginSettingsManager_initialization]' started.
Test Case '-[SwiftViewerTests.PluginSettingsIntegrationTests test_pluginSettingsManager_initialization]' passed (0.001 seconds).
Test Case '-[SwiftViewerTests.PluginSettingsIntegrationTests test_pluginSettingsManager_isolatesPluginSettings]' started.
Test Case '-[SwiftViewerTests.PluginSettingsIntegrationTests test_pluginSettingsManager_isolatesPluginSettings]' passed (0.003 seconds).
Test Case '-[SwiftViewerTests.PluginSettingsIntegrationTests test_pluginSettingsManager_loadPluginSettingsFromManager]' started.
Test Case '-[SwiftViewerTests.PluginSettingsIntegrationTests test_pluginSettingsManager_loadPluginSettingsFromManager]' passed (0.003 seconds).
Test Case '-[SwiftViewerTests.PluginSettingsIntegrationTests test_pluginSettingsManager_performance]' started.
/Users/sho/working/swift/work/SwiftViewer/SwiftViewerTests/Plugins/PluginSettingsIntegrationTests.swift:239: Test Case '-[SwiftViewerTests.PluginSettingsIntegrationTests test_pluginSettingsManager_performance]' measured [Time, seconds] average: 0.003, relative standard deviation: 64.729%, values: [0.007298, 0.003271, 0.002643, 0.002210, 0.002143, 0.002106, 0.001736, 0.001468, 0.001449, 0.001443], performanceMetricID:com.apple.XCTPerformanceMetric_WallClockTime, baselineName: "", baselineAverage: , polarity: prefers smaller, maxPercentRegression: 10.000%, maxPercentRelativeStandardDeviation: 10.000%, maxRegression: 0.100, maxStandardDeviation: 0.100
Test Case '-[SwiftViewerTests.PluginSettingsIntegrationTests test_pluginSettingsManager_performance]' passed (0.290 seconds).
Test Case '-[SwiftViewerTests.PluginSettingsIntegrationTests test_pluginSettingsManager_providesLiveUpdates]' started.
Test Case '-[SwiftViewerTests.PluginSettingsIntegrationTests test_pluginSettingsManager_providesLiveUpdates]' passed (0.001 seconds).
Test Case '-[SwiftViewerTests.PluginSettingsIntegrationTests test_pluginSettingsManager_registerPlugin]' started.
Test Case '-[SwiftViewerTests.PluginSettingsIntegrationTests test_pluginSettingsManager_registerPlugin]' passed (0.001 seconds).
Test Case '-[SwiftViewerTests.PluginSettingsIntegrationTests test_pluginSettingsManager_sanitizesSettings]' started.
Test Case '-[SwiftViewerTests.PluginSettingsIntegrationTests test_pluginSettingsManager_sanitizesSettings]' passed (0.001 seconds).
Test Case '-[SwiftViewerTests.PluginSettingsIntegrationTests test_pluginSettingsManager_savesPluginSettingsToManager]' started.
Test Case '-[SwiftViewerTests.PluginSettingsIntegrationTests test_pluginSettingsManager_savesPluginSettingsToManager]' passed (0.001 seconds).
Test Case '-[SwiftViewerTests.PluginSettingsIntegrationTests test_pluginSettingsManager_unregisterPlugin]' started.
Test Case '-[SwiftViewerTests.PluginSettingsIntegrationTests test_pluginSettingsManager_unregisterPlugin]' passed (0.001 seconds).
Test Case '-[SwiftViewerTests.PluginSettingsIntegrationTests test_pluginSettingsManager_updatesRegisteredPlugins]' started.
Test Case '-[SwiftViewerTests.PluginSettingsIntegrationTests test_pluginSettingsManager_updatesRegisteredPlugins]' passed (0.001 seconds).
Test Case '-[SwiftViewerTests.PluginSettingsIntegrationTests test_pluginSettingsManager_validatesSettings]' started.
Test Case '-[SwiftViewerTests.PluginSettingsIntegrationTests test_pluginSettingsManager_validatesSettings]' passed (0.001 seconds).
Test Case '-[SwiftViewerTests.PluginSettingsIntegrationTests test_pluginSettingsSection_handlesNoPlugins]' started.
Test Case '-[SwiftViewerTests.PluginSettingsIntegrationTests test_pluginSettingsSection_handlesNoPlugins]' passed (0.001 seconds).
Test Case '-[SwiftViewerTests.PluginSettingsIntegrationTests test_pluginSettingsSection_integration]' started.
Test Case '-[SwiftViewerTests.PluginSettingsIntegrationTests test_pluginSettingsSection_integration]' passed (0.002 seconds).
Test Case '-[SwiftViewerTests.PluginSettingsIntegrationTests test_pluginSettingsSection_showsRegisteredPlugins]' started.
Test Case '-[SwiftViewerTests.PluginSettingsIntegrationTests test_pluginSettingsSection_showsRegisteredPlugins]' passed (0.001 seconds).
Test Suite 'PluginSettingsIntegrationTests' passed at 2025-08-29 08:01:37.496.
	 Executed 18 tests, with 0 failures (0 unexpected) in 0.587 (0.608) seconds
Test Suite 'RepeatModeTests' started at 2025-08-29 08:01:37.497.
Test Case '-[SwiftViewerTests.RepeatModeTests test_contentViewModel_initializes_with_saved_repeat_setting]' started.
Test Case '-[SwiftViewerTests.RepeatModeTests test_contentViewModel_initializes_with_saved_repeat_setting]' passed (0.003 seconds).
Test Case '-[SwiftViewerTests.RepeatModeTests test_contentViewModel_toggleRepeat_posts_notification]' started.
Test Case '-[SwiftViewerTests.RepeatModeTests test_contentViewModel_toggleRepeat_posts_notification]' passed (0.003 seconds).
Test Case '-[SwiftViewerTests.RepeatModeTests test_contentViewModel_toggleRepeat_updates_settings]' started.
Test Case '-[SwiftViewerTests.RepeatModeTests test_contentViewModel_toggleRepeat_updates_settings]' passed (0.004 seconds).
Test Case '-[SwiftViewerTests.RepeatModeTests test_navigateToNext_loops_to_first_when_repeat_enabled]' started.
Test Case '-[SwiftViewerTests.RepeatModeTests test_navigateToNext_loops_to_first_when_repeat_enabled]' passed (0.002 seconds).
Test Case '-[SwiftViewerTests.RepeatModeTests test_navigateToNext_stops_at_last_when_repeat_disabled]' started.
Test Case '-[SwiftViewerTests.RepeatModeTests test_navigateToNext_stops_at_last_when_repeat_disabled]' passed (0.085 seconds).
Test Case '-[SwiftViewerTests.RepeatModeTests test_navigateToPrevious_loops_to_last_when_repeat_enabled]' started.
Test Case '-[SwiftViewerTests.RepeatModeTests test_navigateToPrevious_loops_to_last_when_repeat_enabled]' passed (0.003 seconds).
Test Case '-[SwiftViewerTests.RepeatModeTests test_navigateToPrevious_stops_at_first_when_repeat_disabled]' started.
Test Case '-[SwiftViewerTests.RepeatModeTests test_navigateToPrevious_stops_at_first_when_repeat_disabled]' passed (0.103 seconds).
Test Case '-[SwiftViewerTests.RepeatModeTests test_repeatEnabled_can_be_toggled]' started.
Test Case '-[SwiftViewerTests.RepeatModeTests test_repeatEnabled_can_be_toggled]' passed (0.007 seconds).
Test Case '-[SwiftViewerTests.RepeatModeTests test_repeatEnabled_default_is_false]' started.
Test Case '-[SwiftViewerTests.RepeatModeTests test_repeatEnabled_default_is_false]' passed (0.002 seconds).
Test Case '-[SwiftViewerTests.RepeatModeTests test_repeatEnabled_persists_to_settings]' started.
Test Case '-[SwiftViewerTests.RepeatModeTests test_repeatEnabled_persists_to_settings]' passed (0.005 seconds).
Test Case '-[SwiftViewerTests.RepeatModeTests test_slideshow_continues_when_repeat_enabled]' started.
Test Case '-[SwiftViewerTests.RepeatModeTests test_slideshow_continues_when_repeat_enabled]' passed (0.004 seconds).
Test Case '-[SwiftViewerTests.RepeatModeTests test_slideshow_stops_at_last_image_when_repeat_disabled]' started.
Test Case '-[SwiftViewerTests.RepeatModeTests test_slideshow_stops_at_last_image_when_repeat_disabled]' passed (0.002 seconds).
Test Suite 'RepeatModeTests' passed at 2025-08-29 08:01:37.738.
	 Executed 12 tests, with 0 failures (0 unexpected) in 0.223 (0.242) seconds
Test Suite 'ScaleTransitionPluginTests' started at 2025-08-29 08:01:37.739.
Test Case '-[SwiftViewerTests.ScaleTransitionPluginTests test_scaleTransitionPlugin_aspectRatioPreservation]' started.
Test Case '-[SwiftViewerTests.ScaleTransitionPluginTests test_scaleTransitionPlugin_aspectRatioPreservation]' passed (0.001 seconds).
Test Case '-[SwiftViewerTests.ScaleTransitionPluginTests test_scaleTransitionPlugin_asymmetricScale]' started.
Test Case '-[SwiftViewerTests.ScaleTransitionPluginTests test_scaleTransitionPlugin_asymmetricScale]' passed (0.001 seconds).
Test Case '-[SwiftViewerTests.ScaleTransitionPluginTests test_scaleTransitionPlugin_caseInsensitiveAnchor]' started.
Test Case '-[SwiftViewerTests.ScaleTransitionPluginTests test_scaleTransitionPlugin_caseInsensitiveAnchor]' passed (0.001 seconds).
Test Case '-[SwiftViewerTests.ScaleTransitionPluginTests test_scaleTransitionPlugin_combinedEffects]' started.
Test Case '-[SwiftViewerTests.ScaleTransitionPluginTests test_scaleTransitionPlugin_combinedEffects]' passed (0.001 seconds).
Test Case '-[SwiftViewerTests.ScaleTransitionPluginTests test_scaleTransitionPlugin_combinedWithOpacity]' started.
Test Case '-[SwiftViewerTests.ScaleTransitionPluginTests test_scaleTransitionPlugin_combinedWithOpacity]' passed (0.001 seconds).
Test Case '-[SwiftViewerTests.ScaleTransitionPluginTests test_scaleTransitionPlugin_conformsToTransitionPluginProtocol]' started.
Test Case '-[SwiftViewerTests.ScaleTransitionPluginTests test_scaleTransitionPlugin_conformsToTransitionPluginProtocol]' passed (0.103 seconds).
Test Case '-[SwiftViewerTests.ScaleTransitionPluginTests test_scaleTransitionPlugin_createTransition_allAnchorPoints]' started.
Test Case '-[SwiftViewerTests.ScaleTransitionPluginTests test_scaleTransitionPlugin_createTransition_allAnchorPoints]' passed (0.002 seconds).
Test Case '-[SwiftViewerTests.ScaleTransitionPluginTests test_scaleTransitionPlugin_createTransition_allCurveTypes]' started.
Test Case '-[SwiftViewerTests.ScaleTransitionPluginTests test_scaleTransitionPlugin_createTransition_allCurveTypes]' passed (0.002 seconds).
Test Case '-[SwiftViewerTests.ScaleTransitionPluginTests test_scaleTransitionPlugin_createTransition_customScale]' started.
Test Case '-[SwiftViewerTests.ScaleTransitionPluginTests test_scaleTransitionPlugin_createTransition_customScale]' passed (0.002 seconds).
Test Case '-[SwiftViewerTests.ScaleTransitionPluginTests test_scaleTransitionPlugin_createTransition_defaultParameters]' started.
Test Case '-[SwiftViewerTests.ScaleTransitionPluginTests test_scaleTransitionPlugin_createTransition_defaultParameters]' passed (0.002 seconds).
Test Case '-[SwiftViewerTests.ScaleTransitionPluginTests test_scaleTransitionPlugin_extremeParameters]' started.
Test Case '-[SwiftViewerTests.ScaleTransitionPluginTests test_scaleTransitionPlugin_extremeParameters]' passed (0.002 seconds).
Test Case '-[SwiftViewerTests.ScaleTransitionPluginTests test_scaleTransitionPlugin_initialization]' started.
Test Case '-[SwiftViewerTests.ScaleTransitionPluginTests test_scaleTransitionPlugin_initialization]' passed (0.104 seconds).
Test Case '-[SwiftViewerTests.ScaleTransitionPluginTests test_scaleTransitionPlugin_invalidAnchorPoint]' started.
Test Case '-[SwiftViewerTests.ScaleTransitionPluginTests test_scaleTransitionPlugin_invalidAnchorPoint]' passed (0.005 seconds).
Test Case '-[SwiftViewerTests.ScaleTransitionPluginTests test_scaleTransitionPlugin_invalidScaleFormat]' started.
Test Case '-[SwiftViewerTests.ScaleTransitionPluginTests test_scaleTransitionPlugin_invalidScaleFormat]' passed (0.002 seconds).
Test Case '-[SwiftViewerTests.ScaleTransitionPluginTests test_scaleTransitionPlugin_metadata]' started.
Test Case '-[SwiftViewerTests.ScaleTransitionPluginTests test_scaleTransitionPlugin_metadata]' passed (0.001 seconds).
Test Case '-[SwiftViewerTests.ScaleTransitionPluginTests test_scaleTransitionPlugin_negativeScale]' started.
Test Case '-[SwiftViewerTests.ScaleTransitionPluginTests test_scaleTransitionPlugin_negativeScale]' passed (0.002 seconds).
Test Case '-[SwiftViewerTests.ScaleTransitionPluginTests test_scaleTransitionPlugin_performance]' started.
/Users/sho/working/swift/work/SwiftViewer/SwiftViewerTests/Plugins/ScaleTransitionPluginTests.swift:208: Test Case '-[SwiftViewerTests.ScaleTransitionPluginTests test_scaleTransitionPlugin_performance]' measured [Time, seconds] average: 0.002, relative standard deviation: 9.535%, values: [0.001905, 0.001931, 0.002241, 0.002535, 0.002055, 0.001907, 0.001903, 0.001889, 0.001989, 0.002022], performanceMetricID:com.apple.XCTPerformanceMetric_WallClockTime, baselineName: "", baselineAverage: , polarity: prefers smaller, maxPercentRegression: 10.000%, maxPercentRelativeStandardDeviation: 10.000%, maxRegression: 0.100, maxStandardDeviation: 0.100
Test Case '-[SwiftViewerTests.ScaleTransitionPluginTests test_scaleTransitionPlugin_performance]' passed (0.281 seconds).
Test Case '-[SwiftViewerTests.ScaleTransitionPluginTests test_scaleTransitionPlugin_scaleIn_vs_scaleOut]' started.
Test Case '-[SwiftViewerTests.ScaleTransitionPluginTests test_scaleTransitionPlugin_scaleIn_vs_scaleOut]' passed (0.001 seconds).
Test Case '-[SwiftViewerTests.ScaleTransitionPluginTests test_scaleTransitionPlugin_scaleParameter_range]' started.
Test Case '-[SwiftViewerTests.ScaleTransitionPluginTests test_scaleTransitionPlugin_scaleParameter_range]' passed (0.001 seconds).
Test Case '-[SwiftViewerTests.ScaleTransitionPluginTests test_scaleTransitionPlugin_springAnimation]' started.
Test Case '-[SwiftViewerTests.ScaleTransitionPluginTests test_scaleTransitionPlugin_springAnimation]' passed (0.001 seconds).
Test Case '-[SwiftViewerTests.ScaleTransitionPluginTests test_scaleTransitionPlugin_swiftUIIntegration]' started.
Test Case '-[SwiftViewerTests.ScaleTransitionPluginTests test_scaleTransitionPlugin_swiftUIIntegration]' passed (0.001 seconds).
Test Case '-[SwiftViewerTests.ScaleTransitionPluginTests test_scaleTransitionPlugin_validation]' started.
Test Case '-[SwiftViewerTests.ScaleTransitionPluginTests test_scaleTransitionPlugin_validation]' passed (0.102 seconds).
Test Suite 'ScaleTransitionPluginTests' passed at 2025-08-29 08:01:38.365.
	 Executed 22 tests, with 0 failures (0 unexpected) in 0.616 (0.626) seconds
Test Suite 'SettingsManagerTests' started at 2025-08-29 08:01:38.365.
Test Case '-[SwiftViewerTests.SettingsManagerTests test_animationDurations_persistsValues]' started.
Test Case '-[SwiftViewerTests.SettingsManagerTests test_animationDurations_persistsValues]' passed (0.006 seconds).
Test Case '-[SwiftViewerTests.SettingsManagerTests test_animationDurations_returnsDefaultValues]' started.
Test Case '-[SwiftViewerTests.SettingsManagerTests test_animationDurations_returnsDefaultValues]' passed (0.003 seconds).
Test Case '-[SwiftViewerTests.SettingsManagerTests test_autoHideDelay_persistsValue]' started.
Test Case '-[SwiftViewerTests.SettingsManagerTests test_autoHideDelay_persistsValue]' passed (0.003 seconds).
Test Case '-[SwiftViewerTests.SettingsManagerTests test_autoHideDelay_returnsDefaultValue]' started.
Test Case '-[SwiftViewerTests.SettingsManagerTests test_autoHideDelay_returnsDefaultValue]' passed (0.003 seconds).
Test Case '-[SwiftViewerTests.SettingsManagerTests test_autoHideDelay_validatesRange]' started.
Test Case '-[SwiftViewerTests.SettingsManagerTests test_autoHideDelay_validatesRange]' passed (0.005 seconds).
Test Case '-[SwiftViewerTests.SettingsManagerTests test_blurOpacity_handlesZeroCorrectly]' started.
Test Case '-[SwiftViewerTests.SettingsManagerTests test_blurOpacity_handlesZeroCorrectly]' passed (0.002 seconds).
Test Case '-[SwiftViewerTests.SettingsManagerTests test_blurOpacity_returnsDefaultValue]' started.
Test Case '-[SwiftViewerTests.SettingsManagerTests test_blurOpacity_returnsDefaultValue]' passed (0.001 seconds).
Test Case '-[SwiftViewerTests.SettingsManagerTests test_blurOpacity_validatesRange]' started.
Test Case '-[SwiftViewerTests.SettingsManagerTests test_blurOpacity_validatesRange]' passed (0.002 seconds).
Test Case '-[SwiftViewerTests.SettingsManagerTests test_blurRadius_returnsDefaultValue]' started.
Test Case '-[SwiftViewerTests.SettingsManagerTests test_blurRadius_returnsDefaultValue]' passed (0.001 seconds).
Test Case '-[SwiftViewerTests.SettingsManagerTests test_blurRadius_validatesRange]' started.
Test Case '-[SwiftViewerTests.SettingsManagerTests test_blurRadius_validatesRange]' passed (0.002 seconds).
Test Case '-[SwiftViewerTests.SettingsManagerTests test_loggingLevel_persistsValue]' started.
Test Case '-[SwiftViewerTests.SettingsManagerTests test_loggingLevel_persistsValue]' passed (0.001 seconds).
Test Case '-[SwiftViewerTests.SettingsManagerTests test_loggingLevel_returnsDefaultValue]' started.
Test Case '-[SwiftViewerTests.SettingsManagerTests test_loggingLevel_returnsDefaultValue]' passed (0.001 seconds).
Test Case '-[SwiftViewerTests.SettingsManagerTests test_mockSettingsManager_allowsIntervalModification]' started.
Test Case '-[SwiftViewerTests.SettingsManagerTests test_mockSettingsManager_allowsIntervalModification]' passed (0.005 seconds).
Test Case '-[SwiftViewerTests.SettingsManagerTests test_mockSettingsManager_hasCorrectDefaultInterval]' started.
Test Case '-[SwiftViewerTests.SettingsManagerTests test_mockSettingsManager_hasCorrectDefaultInterval]' passed (0.001 seconds).
Test Case '-[SwiftViewerTests.SettingsManagerTests test_mockSettingsManager_hasCorrectDefaultNewProperties]' started.
Test Case '-[SwiftViewerTests.SettingsManagerTests test_mockSettingsManager_hasCorrectDefaultNewProperties]' passed (0.001 seconds).
Test Case '-[SwiftViewerTests.SettingsManagerTests test_slideShowInterval_acceptsValidRange]' started.
Test Case '-[SwiftViewerTests.SettingsManagerTests test_slideShowInterval_acceptsValidRange]' passed (0.003 seconds).
Test Case '-[SwiftViewerTests.SettingsManagerTests test_slideShowInterval_handlesNegativeValue]' started.
Test Case '-[SwiftViewerTests.SettingsManagerTests test_slideShowInterval_handlesNegativeValue]' passed (0.001 seconds).
Test Case '-[SwiftViewerTests.SettingsManagerTests test_slideShowInterval_handlesUserDefaultsDirectModification]' started.
Test Case '-[SwiftViewerTests.SettingsManagerTests test_slideShowInterval_handlesUserDefaultsDirectModification]' passed (0.001 seconds).
Test Case '-[SwiftViewerTests.SettingsManagerTests test_slideShowInterval_handlesZeroValue]' started.
Test Case '-[SwiftViewerTests.SettingsManagerTests test_slideShowInterval_handlesZeroValue]' passed (0.001 seconds).
Test Case '-[SwiftViewerTests.SettingsManagerTests test_slideShowInterval_isIndependentFromOtherSettings]' started.
Test Case '-[SwiftViewerTests.SettingsManagerTests test_slideShowInterval_isIndependentFromOtherSettings]' passed (0.001 seconds).
Test Case '-[SwiftViewerTests.SettingsManagerTests test_slideShowInterval_persistsValue_acrossSessions]' started.
Test Case '-[SwiftViewerTests.SettingsManagerTests test_slideShowInterval_persistsValue_acrossSessions]' passed (0.001 seconds).
Test Case '-[SwiftViewerTests.SettingsManagerTests test_slideShowInterval_returnsDefaultValue_whenNotSet]' started.
Test Case '-[SwiftViewerTests.SettingsManagerTests test_slideShowInterval_returnsDefaultValue_whenNotSet]' passed (0.001 seconds).
Test Case '-[SwiftViewerTests.SettingsManagerTests test_slideShowInterval_returnsStoredValue_whenSet]' started.
Test Case '-[SwiftViewerTests.SettingsManagerTests test_slideShowInterval_returnsStoredValue_whenSet]' passed (0.001 seconds).
Test Case '-[SwiftViewerTests.SettingsManagerTests test_slideShowInterval_usesCorrectUserDefaultsKey]' started.
Test Case '-[SwiftViewerTests.SettingsManagerTests test_slideShowInterval_usesCorrectUserDefaultsKey]' passed (0.001 seconds).
Test Case '-[SwiftViewerTests.SettingsManagerTests test_slideShowInterval_validatesMaximumValue]' started.
Test Case '-[SwiftViewerTests.SettingsManagerTests test_slideShowInterval_validatesMaximumValue]' passed (0.001 seconds).
Test Case '-[SwiftViewerTests.SettingsManagerTests test_slideShowInterval_validatesMinimumValue]' started.
Test Case '-[SwiftViewerTests.SettingsManagerTests test_slideShowInterval_validatesMinimumValue]' passed (0.001 seconds).
Test Case '-[SwiftViewerTests.SettingsManagerTests test_slideShowPresetIntervals_returnsCorrectValues]' started.
Test Case '-[SwiftViewerTests.SettingsManagerTests test_slideShowPresetIntervals_returnsCorrectValues]' passed (0.001 seconds).
Test Case '-[SwiftViewerTests.SettingsManagerTests test_windowPosition_persistsValue]' started.
Test Case '-[SwiftViewerTests.SettingsManagerTests test_windowPosition_persistsValue]' passed (0.001 seconds).
Test Case '-[SwiftViewerTests.SettingsManagerTests test_windowPosition_returnsDefaultValue]' started.
Test Case '-[SwiftViewerTests.SettingsManagerTests test_windowPosition_returnsDefaultValue]' passed (0.001 seconds).
Test Suite 'SettingsManagerTests' passed at 2025-08-29 08:01:38.457.
	 Executed 29 tests, with 0 failures (0 unexpected) in 0.053 (0.092) seconds
Test Suite 'SettingsTypesTests' started at 2025-08-29 08:01:38.457.
Test Case '-[SwiftViewerTests.SettingsTypesTests test_AnimationDurations_dictionary_encodesAndDecodes]' started.
Test Case '-[SwiftViewerTests.SettingsTypesTests test_AnimationDurations_dictionary_encodesAndDecodes]' passed (0.001 seconds).
Test Case '-[SwiftViewerTests.SettingsTypesTests test_AnimationType_allCases_returnsAllTypes]' started.
Test Case '-[SwiftViewerTests.SettingsTypesTests test_AnimationType_allCases_returnsAllTypes]' passed (0.001 seconds).
Test Case '-[SwiftViewerTests.SettingsTypesTests test_AnimationType_codable_encodesAndDecodes]' started.
Test Case '-[SwiftViewerTests.SettingsTypesTests test_AnimationType_codable_encodesAndDecodes]' passed (0.001 seconds).
Test Case '-[SwiftViewerTests.SettingsTypesTests test_AnimationType_defaultDuration_returnsCorrectValues]' started.
Test Case '-[SwiftViewerTests.SettingsTypesTests test_AnimationType_defaultDuration_returnsCorrectValues]' passed (0.001 seconds).
Test Case '-[SwiftViewerTests.SettingsTypesTests test_AnimationType_displayName_returnsCorrectNames]' started.
Test Case '-[SwiftViewerTests.SettingsTypesTests test_AnimationType_displayName_returnsCorrectNames]' passed (0.001 seconds).
Test Case '-[SwiftViewerTests.SettingsTypesTests test_AnimationType_rawValue_returnsCorrectStrings]' started.
Test Case '-[SwiftViewerTests.SettingsTypesTests test_AnimationType_rawValue_returnsCorrectStrings]' passed (0.001 seconds).
Test Case '-[SwiftViewerTests.SettingsTypesTests test_WindowPosition_allCases_returnsAllPositions]' started.
Test Case '-[SwiftViewerTests.SettingsTypesTests test_WindowPosition_allCases_returnsAllPositions]' passed (0.001 seconds).
Test Case '-[SwiftViewerTests.SettingsTypesTests test_WindowPosition_codable_encodesAndDecodes]' started.
Test Case '-[SwiftViewerTests.SettingsTypesTests test_WindowPosition_codable_encodesAndDecodes]' passed (0.002 seconds).
Test Case '-[SwiftViewerTests.SettingsTypesTests test_WindowPosition_displayName_returnsCorrectNames]' started.
Test Case '-[SwiftViewerTests.SettingsTypesTests test_WindowPosition_displayName_returnsCorrectNames]' passed (0.002 seconds).
Test Case '-[SwiftViewerTests.SettingsTypesTests test_WindowPosition_equatable_comparesCorrectly]' started.
Test Case '-[SwiftViewerTests.SettingsTypesTests test_WindowPosition_equatable_comparesCorrectly]' passed (0.001 seconds).
Test Case '-[SwiftViewerTests.SettingsTypesTests test_WindowPosition_rawValue_returnsCorrectStrings]' started.
Test Case '-[SwiftViewerTests.SettingsTypesTests test_WindowPosition_rawValue_returnsCorrectStrings]' passed (0.001 seconds).
Test Suite 'SettingsTypesTests' passed at 2025-08-29 08:01:38.501.
	 Executed 11 tests, with 0 failures (0 unexpected) in 0.010 (0.043) seconds
Test Suite 'SettingsViewTests' started at 2025-08-29 08:01:38.513.
Test Case '-[SwiftViewerTests.SettingsViewTests test_settingsView_accessibility]' started.
2025-08-29 08:01:38.517567+0900 SwiftViewer[64874:54973215] [SwiftUI] Accessing State's value outside of being installed on a View. This will result in a constant Binding of the initial value and will not update.
2025-08-29 08:01:38.518355+0900 SwiftViewer[64874:54973215] [SwiftUI] Accessing State's value outside of being installed on a View. This will result in a constant Binding of the initial value and will not update.
2025-08-29 08:01:38.518551+0900 SwiftViewer[64874:54973215] [SwiftUI] Accessing State's value outside of being installed on a View. This will result in a constant Binding of the initial value and will not update.
2025-08-29 08:01:38.519061+0900 SwiftViewer[64874:54973215] [SwiftUI] Accessing State's value outside of being installed on a View. This will result in a constant Binding of the initial value and will not update.
2025-08-29 08:01:38.527499+0900 SwiftViewer[64874:54973215] [SwiftUI] Accessing State's value outside of being installed on a View. This will result in a constant Binding of the initial value and will not update.
2025-08-29 08:01:38.527850+0900 SwiftViewer[64874:54973215] [SwiftUI] Accessing State's value outside of being installed on a View. This will result in a constant Binding of the initial value and will not update.
Test Case '-[SwiftViewerTests.SettingsViewTests test_settingsView_accessibility]' passed (0.036 seconds).
Test Case '-[SwiftViewerTests.SettingsViewTests test_settingsView_automaticSave]' started.
2025-08-29 08:01:38.550840+0900 SwiftViewer[64874:54973215] [SwiftUI] Accessing State's value outside of being installed on a View. This will result in a constant Binding of the initial value and will not update.
2025-08-29 08:01:38.550952+0900 SwiftViewer[64874:54973215] [SwiftUI] Accessing State's value outside of being installed on a View. This will result in a constant Binding of the initial value and will not update.
2025-08-29 08:01:38.551020+0900 SwiftViewer[64874:54973215] [SwiftUI] Accessing State's value outside of being installed on a View. This will result in a constant Binding of the initial value and will not update.
2025-08-29 08:01:38.551086+0900 SwiftViewer[64874:54973215] [SwiftUI] Accessing State's value outside of being installed on a View. This will result in a constant Binding of the initial value and will not update.
2025-08-29 08:01:38.551141+0900 SwiftViewer[64874:54973215] [SwiftUI] Accessing State's value outside of being installed on a View. This will result in a constant Binding of the initial value and will not update.
2025-08-29 08:01:38.551192+0900 SwiftViewer[64874:54973215] [SwiftUI] Accessing State's value outside of being installed on a View. This will result in a constant Binding of the initial value and will not update.
Test Case '-[SwiftViewerTests.SettingsViewTests test_settingsView_automaticSave]' passed (0.034 seconds).
Test Case '-[SwiftViewerTests.SettingsViewTests test_settingsView_bodyGeneration]' started.
2025-08-29 08:01:38.585099+0900 SwiftViewer[64874:54973215] [SwiftUI] Accessing State's value outside of being installed on a View. This will result in a constant Binding of the initial value and will not update.
2025-08-29 08:01:38.585206+0900 SwiftViewer[64874:54973215] [SwiftUI] Accessing State's value outside of being installed on a View. This will result in a constant Binding of the initial value and will not update.
2025-08-29 08:01:38.585267+0900 SwiftViewer[64874:54973215] [SwiftUI] Accessing State's value outside of being installed on a View. This will result in a constant Binding of the initial value and will not update.
2025-08-29 08:01:38.585333+0900 SwiftViewer[64874:54973215] [SwiftUI] Accessing State's value outside of being installed on a View. This will result in a constant Binding of the initial value and will not update.
2025-08-29 08:01:38.585398+0900 SwiftViewer[64874:54973215] [SwiftUI] Accessing State's value outside of being installed on a View. This will result in a constant Binding of the initial value and will not update.
2025-08-29 08:01:38.587315+0900 SwiftViewer[64874:54973215] [SwiftUI] Accessing State's value outside of being installed on a View. This will result in a constant Binding of the initial value and will not update.
2025-08-29 08:01:38.591011+0900 SwiftViewer[64874:54973215] [SwiftUI] Accessing State's value outside of being installed on a View. This will result in a constant Binding of the initial value and will not update.
2025-08-29 08:01:38.591117+0900 SwiftViewer[64874:54973215] [SwiftUI] Accessing State's value outside of being installed on a View. This will result in a constant Binding of the initial value and will not update.
2025-08-29 08:01:38.591184+0900 SwiftViewer[64874:54973215] [SwiftUI] Accessing State's value outside of being installed on a View. This will result in a constant Binding of the initial value and will not update.
2025-08-29 08:01:38.591253+0900 SwiftViewer[64874:54973215] [SwiftUI] Accessing State's value outside of being installed on a View. This will result in a constant Binding of the initial value and will not update.
2025-08-29 08:01:38.591315+0900 SwiftViewer[64874:54973215] [SwiftUI] Accessing State's value outside of being installed on a View. This will result in a constant Binding of the initial value and will not update.
2025-08-29 08:01:38.591369+0900 SwiftViewer[64874:54973215] [SwiftUI] Accessing State's value outside of being installed on a View. This will result in a constant Binding of the initial value and will not update.
Test Case '-[SwiftViewerTests.SettingsViewTests test_settingsView_bodyGeneration]' passed (0.010 seconds).
Test Case '-[SwiftViewerTests.SettingsViewTests test_settingsView_frameSize]' started.
2025-08-29 08:01:38.595577+0900 SwiftViewer[64874:54973215] [SwiftUI] Accessing State's value outside of being installed on a View. This will result in a constant Binding of the initial value and will not update.
2025-08-29 08:01:38.595690+0900 SwiftViewer[64874:54973215] [SwiftUI] Accessing State's value outside of being installed on a View. This will result in a constant Binding of the initial value and will not update.
2025-08-29 08:01:38.595753+0900 SwiftViewer[64874:54973215] [SwiftUI] Accessing State's value outside of being installed on a View. This will result in a constant Binding of the initial value and will not update.
2025-08-29 08:01:38.595824+0900 SwiftViewer[64874:54973215] [SwiftUI] Accessing State's value outside of being installed on a View. This will result in a constant Binding of the initial value and will not update.
2025-08-29 08:01:38.595883+0900 SwiftViewer[64874:54973215] [SwiftUI] Accessing State's value outside of being installed on a View. This will result in a constant Binding of the initial value and will not update.
2025-08-29 08:01:38.595933+0900 SwiftViewer[64874:54973215] [SwiftUI] Accessing State's value outside of being installed on a View. This will result in a constant Binding of the initial value and will not update.
Test Case '-[SwiftViewerTests.SettingsViewTests test_settingsView_frameSize]' passed (0.007 seconds).
Test Case '-[SwiftViewerTests.SettingsViewTests test_settingsView_initialization]' started.
2025-08-29 08:01:38.603257+0900 SwiftViewer[64874:54973215] [SwiftUI] Accessing State's value outside of being installed on a View. This will result in a constant Binding of the initial value and will not update.
2025-08-29 08:01:38.603382+0900 SwiftViewer[64874:54973215] [SwiftUI] Accessing State's value outside of being installed on a View. This will result in a constant Binding of the initial value and will not update.
2025-08-29 08:01:38.603452+0900 SwiftViewer[64874:54973215] [SwiftUI] Accessing State's value outside of being installed on a View. This will result in a constant Binding of the initial value and will not update.
2025-08-29 08:01:38.603520+0900 SwiftViewer[64874:54973215] [SwiftUI] Accessing State's value outside of being installed on a View. This will result in a constant Binding of the initial value and will not update.
2025-08-29 08:01:38.603578+0900 SwiftViewer[64874:54973215] [SwiftUI] Accessing State's value outside of being installed on a View. This will result in a constant Binding of the initial value and will not update.
2025-08-29 08:01:38.603628+0900 SwiftViewer[64874:54973215] [SwiftUI] Accessing State's value outside of being installed on a View. This will result in a constant Binding of the initial value and will not update.
Test Case '-[SwiftViewerTests.SettingsViewTests test_settingsView_initialization]' passed (0.007 seconds).
Test Case '-[SwiftViewerTests.SettingsViewTests test_settingsView_initialization_withDefaultSettingsManager]' started.
2025-08-29 08:01:38.610098+0900 SwiftViewer[64874:54973215] [SwiftUI] Accessing State's value outside of being installed on a View. This will result in a constant Binding of the initial value and will not update.
2025-08-29 08:01:38.610217+0900 SwiftViewer[64874:54973215] [SwiftUI] Accessing State's value outside of being installed on a View. This will result in a constant Binding of the initial value and will not update.
2025-08-29 08:01:38.610277+0900 SwiftViewer[64874:54973215] [SwiftUI] Accessing State's value outside of being installed on a View. This will result in a constant Binding of the initial value and will not update.
2025-08-29 08:01:38.610344+0900 SwiftViewer[64874:54973215] [SwiftUI] Accessing State's value outside of being installed on a View. This will result in a constant Binding of the initial value and will not update.
2025-08-29 08:01:38.610405+0900 SwiftViewer[64874:54973215] [SwiftUI] Accessing State's value outside of being installed on a View. This will result in a constant Binding of the initial value and will not update.
2025-08-29 08:01:38.610457+0900 SwiftViewer[64874:54973215] [SwiftUI] Accessing State's value outside of being installed on a View. This will result in a constant Binding of the initial value and will not update.
Test Case '-[SwiftViewerTests.SettingsViewTests test_settingsView_initialization_withDefaultSettingsManager]' passed (0.007 seconds).
Test Case '-[SwiftViewerTests.SettingsViewTests test_settingsView_initialization_withMockSettingsManager]' started.
2025-08-29 08:01:38.616912+0900 SwiftViewer[64874:54973215] [SwiftUI] Accessing State's value outside of being installed on a View. This will result in a constant Binding of the initial value and will not update.
2025-08-29 08:01:38.617023+0900 SwiftViewer[64874:54973215] [SwiftUI] Accessing State's value outside of being installed on a View. This will result in a constant Binding of the initial value and will not update.
2025-08-29 08:01:38.617089+0900 SwiftViewer[64874:54973215] [SwiftUI] Accessing State's value outside of being installed on a View. This will result in a constant Binding of the initial value and will not update.
2025-08-29 08:01:38.617159+0900 SwiftViewer[64874:54973215] [SwiftUI] Accessing State's value outside of being installed on a View. This will result in a constant Binding of the initial value and will not update.
2025-08-29 08:01:38.617217+0900 SwiftViewer[64874:54973215] [SwiftUI] Accessing State's value outside of being installed on a View. This will result in a constant Binding of the initial value and will not update.
2025-08-29 08:01:38.617270+0900 SwiftViewer[64874:54973215] [SwiftUI] Accessing State's value outside of being installed on a View. This will result in a constant Binding of the initial value and will not update.
Test Case '-[SwiftViewerTests.SettingsViewTests test_settingsView_initialization_withMockSettingsManager]' passed (0.007 seconds).
Test Case '-[SwiftViewerTests.SettingsViewTests test_settingsView_intervalValidation]' started.
2025-08-29 08:01:38.623601+0900 SwiftViewer[64874:54973215] [SwiftUI] Accessing State's value outside of being installed on a View. This will result in a constant Binding of the initial value and will not update.
2025-08-29 08:01:38.623709+0900 SwiftViewer[64874:54973215] [SwiftUI] Accessing State's value outside of being installed on a View. This will result in a constant Binding of the initial value and will not update.
2025-08-29 08:01:38.623772+0900 SwiftViewer[64874:54973215] [SwiftUI] Accessing State's value outside of being installed on a View. This will result in a constant Binding of the initial value and will not update.
2025-08-29 08:01:38.623841+0900 SwiftViewer[64874:54973215] [SwiftUI] Accessing State's value outside of being installed on a View. This will result in a constant Binding of the initial value and will not update.
2025-08-29 08:01:38.623897+0900 SwiftViewer[64874:54973215] [SwiftUI] Accessing State's value outside of being installed on a View. This will result in a constant Binding of the initial value and will not update.
2025-08-29 08:01:38.623944+0900 SwiftViewer[64874:54973215] [SwiftUI] Accessing State's value outside of being installed on a View. This will result in a constant Binding of the initial value and will not update.
2025-08-29 08:01:38.629088+0900 SwiftViewer[64874:54973215] [SwiftUI] Accessing State's value outside of being installed on a View. This will result in a constant Binding of the initial value and will not update.
2025-08-29 08:01:38.629198+0900 SwiftViewer[64874:54973215] [SwiftUI] Accessing State's value outside of being installed on a View. This will result in a constant Binding of the initial value and will not update.
2025-08-29 08:01:38.629270+0900 SwiftViewer[64874:54973215] [SwiftUI] Accessing State's value outside of being installed on a View. This will result in a constant Binding of the initial value and will not update.
2025-08-29 08:01:38.629338+0900 SwiftViewer[64874:54973215] [SwiftUI] Accessing State's value outside of being installed on a View. This will result in a constant Binding of the initial value and will not update.
2025-08-29 08:01:38.629399+0900 SwiftViewer[64874:54973215] [SwiftUI] Accessing State's value outside of being installed on a View. This will result in a constant Binding of the initial value and will not update.
2025-08-29 08:01:38.629612+0900 SwiftViewer[64874:54973215] [SwiftUI] Accessing State's value outside of being installed on a View. This will result in a constant Binding of the initial value and will not update.
2025-08-29 08:01:38.632941+0900 SwiftViewer[64874:54973215] [SwiftUI] Accessing State's value outside of being installed on a View. This will result in a constant Binding of the initial value and will not update.
2025-08-29 08:01:38.633050+0900 SwiftViewer[64874:54973215] [SwiftUI] Accessing State's value outside of being installed on a View. This will result in a constant Binding of the initial value and will not update.
2025-08-29 08:01:38.633114+0900 SwiftViewer[64874:54973215] [SwiftUI] Accessing State's value outside of being installed on a View. This will result in a constant Binding of the initial value and will not update.
2025-08-29 08:01:38.633182+0900 SwiftViewer[64874:54973215] [SwiftUI] Accessing State's value outside of being installed on a View. This will result in a constant Binding of the initial value and will not update.
2025-08-29 08:01:38.633250+0900 SwiftViewer[64874:54973215] [SwiftUI] Accessing State's value outside of being installed on a View. This will result in a constant Binding of the initial value and will not update.
2025-08-29 08:01:38.633302+0900 SwiftViewer[64874:54973215] [SwiftUI] Accessing State's value outside of being installed on a View. This will result in a constant Binding of the initial value and will not update.
Test Case '-[SwiftViewerTests.SettingsViewTests test_settingsView_intervalValidation]' passed (0.014 seconds).
Test Case '-[SwiftViewerTests.SettingsViewTests test_settingsView_intervalValues]' started.
2025-08-29 08:01:38.637252+0900 SwiftViewer[64874:54973215] [SwiftUI] Accessing State's value outside of being installed on a View. This will result in a constant Binding of the initial value and will not update.
2025-08-29 08:01:38.637351+0900 SwiftViewer[64874:54973215] [SwiftUI] Accessing State's value outside of being installed on a View. This will result in a constant Binding of the initial value and will not update.
2025-08-29 08:01:38.637408+0900 SwiftViewer[64874:54973215] [SwiftUI] Accessing State's value outside of being installed on a View. This will result in a constant Binding of the initial value and will not update.
2025-08-29 08:01:38.637471+0900 SwiftViewer[64874:54973215] [SwiftUI] Accessing State's value outside of being installed on a View. This will result in a constant Binding of the initial value and will not update.
2025-08-29 08:01:38.637526+0900 SwiftViewer[64874:54973215] [SwiftUI] Accessing State's value outside of being installed on a View. This will result in a constant Binding of the initial value and will not update.
2025-08-29 08:01:38.637572+0900 SwiftViewer[64874:54973215] [SwiftUI] Accessing State's value outside of being installed on a View. This will result in a constant Binding of the initial value and will not update.
2025-08-29 08:01:38.642843+0900 SwiftViewer[64874:54973215] [SwiftUI] Accessing State's value outside of being installed on a View. This will result in a constant Binding of the initial value and will not update.
2025-08-29 08:01:38.642943+0900 SwiftViewer[64874:54973215] [SwiftUI] Accessing State's value outside of being installed on a View. This will result in a constant Binding of the initial value and will not update.
2025-08-29 08:01:38.643002+0900 SwiftViewer[64874:54973215] [SwiftUI] Accessing State's value outside of being installed on a View. This will result in a constant Binding of the initial value and will not update.
2025-08-29 08:01:38.643069+0900 SwiftViewer[64874:54973215] [SwiftUI] Accessing State's value outside of being installed on a View. This will result in a constant Binding of the initial value and will not update.
2025-08-29 08:01:38.643127+0900 SwiftViewer[64874:54973215] [SwiftUI] Accessing State's value outside of being installed on a View. This will result in a constant Binding of the initial value and will not update.
2025-08-29 08:01:38.643176+0900 SwiftViewer[64874:54973215] [SwiftUI] Accessing State's value outside of being installed on a View. This will result in a constant Binding of the initial value and will not update.
2025-08-29 08:01:38.646322+0900 SwiftViewer[64874:54973215] [SwiftUI] Accessing State's value outside of being installed on a View. This will result in a constant Binding of the initial value and will not update.
2025-08-29 08:01:38.646433+0900 SwiftViewer[64874:54973215] [SwiftUI] Accessing State's value outside of being installed on a View. This will result in a constant Binding of the initial value and will not update.
2025-08-29 08:01:38.646500+0900 SwiftViewer[64874:54973215] [SwiftUI] Accessing State's value outside of being installed on a View. This will result in a constant Binding of the initial value and will not update.
2025-08-29 08:01:38.646564+0900 SwiftViewer[64874:54973215] [SwiftUI] Accessing State's value outside of being installed on a View. This will result in a constant Binding of the initial value and will not update.
2025-08-29 08:01:38.646618+0900 SwiftViewer[64874:54973215] [SwiftUI] Accessing State's value outside of being installed on a View. This will result in a constant Binding of the initial value and will not update.
2025-08-29 08:01:38.646665+0900 SwiftViewer[64874:54973215] [SwiftUI] Accessing State's value outside of being installed on a View. This will result in a constant Binding of the initial value and will not update.
2025-08-29 08:01:38.649847+0900 SwiftViewer[64874:54973215] [SwiftUI] Accessing State's value outside of being installed on a View. This will result in a constant Binding of the initial value and will not update.
2025-08-29 08:01:38.649935+0900 SwiftViewer[64874:54973215] [SwiftUI] Accessing State's value outside of being installed on a View. This will result in a constant Binding of the initial value and will not update.
2025-08-29 08:01:38.649990+0900 SwiftViewer[64874:54973215] [SwiftUI] Accessing State's value outside of being installed on a View. This will result in a constant Binding of the initial value and will not update.
2025-08-29 08:01:38.650053+0900 SwiftViewer[64874:54973215] [SwiftUI] Accessing State's value outside of being installed on a View. This will result in a constant Binding of the initial value and will not update.
2025-08-29 08:01:38.650116+0900 SwiftViewer[64874:54973215] [SwiftUI] Accessing State's value outside of being installed on a View. This will result in a constant Binding of the initial value and will not update.
2025-08-29 08:01:38.650167+0900 SwiftViewer[64874:54973215] [SwiftUI] Accessing State's value outside of being installed on a View. This will result in a constant Binding of the initial value and will not update.
Test Case '-[SwiftViewerTests.SettingsViewTests test_settingsView_intervalValues]' passed (0.017 seconds).
Test Case '-[SwiftViewerTests.SettingsViewTests test_settingsView_keyboardShortcuts]' started.
2025-08-29 08:01:38.654312+0900 SwiftViewer[64874:54973215] [SwiftUI] Accessing State's value outside of being installed on a View. This will result in a constant Binding of the initial value and will not update.
2025-08-29 08:01:38.654423+0900 SwiftViewer[64874:54973215] [SwiftUI] Accessing State's value outside of being installed on a View. This will result in a constant Binding of the initial value and will not update.
2025-08-29 08:01:38.654489+0900 SwiftViewer[64874:54973215] [SwiftUI] Accessing State's value outside of being installed on a View. This will result in a constant Binding of the initial value and will not update.
2025-08-29 08:01:38.654559+0900 SwiftViewer[64874:54973215] [SwiftUI] Accessing State's value outside of being installed on a View. This will result in a constant Binding of the initial value and will not update.
2025-08-29 08:01:38.654617+0900 SwiftViewer[64874:54973215] [SwiftUI] Accessing State's value outside of being installed on a View. This will result in a constant Binding of the initial value and will not update.
2025-08-29 08:01:38.654666+0900 SwiftViewer[64874:54973215] [SwiftUI] Accessing State's value outside of being installed on a View. This will result in a constant Binding of the initial value and will not update.
Test Case '-[SwiftViewerTests.SettingsViewTests test_settingsView_keyboardShortcuts]' passed (0.006 seconds).
Test Case '-[SwiftViewerTests.SettingsViewTests test_settingsView_layoutStructure]' started.
2025-08-29 08:01:38.660857+0900 SwiftViewer[64874:54973215] [SwiftUI] Accessing State's value outside of being installed on a View. This will result in a constant Binding of the initial value and will not update.
2025-08-29 08:01:38.660959+0900 SwiftViewer[64874:54973215] [SwiftUI] Accessing State's value outside of being installed on a View. This will result in a constant Binding of the initial value and will not update.
2025-08-29 08:01:38.661018+0900 SwiftViewer[64874:54973215] [SwiftUI] Accessing State's value outside of being installed on a View. This will result in a constant Binding of the initial value and will not update.
2025-08-29 08:01:38.661088+0900 SwiftViewer[64874:54973215] [SwiftUI] Accessing State's value outside of being installed on a View. This will result in a constant Binding of the initial value and will not update.
2025-08-29 08:01:38.661152+0900 SwiftViewer[64874:54973215] [SwiftUI] Accessing State's value outside of being installed on a View. This will result in a constant Binding of the initial value and will not update.
2025-08-29 08:01:38.661201+0900 SwiftViewer[64874:54973215] [SwiftUI] Accessing State's value outside of being installed on a View. This will result in a constant Binding of the initial value and will not update.
Test Case '-[SwiftViewerTests.SettingsViewTests test_settingsView_layoutStructure]' passed (0.006 seconds).
Test Case '-[SwiftViewerTests.SettingsViewTests test_settingsView_notificationHandling]' started.
2025-08-29 08:01:38.666692+0900 SwiftViewer[64874:54973215] [SwiftUI] Accessing State's value outside of being installed on a View. This will result in a constant Binding of the initial value and will not update.
2025-08-29 08:01:38.666789+0900 SwiftViewer[64874:54973215] [SwiftUI] Accessing State's value outside of being installed on a View. This will result in a constant Binding of the initial value and will not update.
2025-08-29 08:01:38.666851+0900 SwiftViewer[64874:54973215] [SwiftUI] Accessing State's value outside of being installed on a View. This will result in a constant Binding of the initial value and will not update.
2025-08-29 08:01:38.666914+0900 SwiftViewer[64874:54973215] [SwiftUI] Accessing State's value outside of being installed on a View. This will result in a constant Binding of the initial value and will not update.
2025-08-29 08:01:38.666967+0900 SwiftViewer[64874:54973215] [SwiftUI] Accessing State's value outside of being installed on a View. This will result in a constant Binding of the initial value and will not update.
2025-08-29 08:01:38.668766+0900 SwiftViewer[64874:54973215] [SwiftUI] Accessing State's value outside of being installed on a View. This will result in a constant Binding of the initial value and will not update.
Test Case '-[SwiftViewerTests.SettingsViewTests test_settingsView_notificationHandling]' passed (0.006 seconds).
Test Case '-[SwiftViewerTests.SettingsViewTests test_settingsView_onAppearBehavior]' started.
2025-08-29 08:01:38.673385+0900 SwiftViewer[64874:54973215] [SwiftUI] Accessing State's value outside of being installed on a View. This will result in a constant Binding of the initial value and will not update.
2025-08-29 08:01:38.673486+0900 SwiftViewer[64874:54973215] [SwiftUI] Accessing State's value outside of being installed on a View. This will result in a constant Binding of the initial value and will not update.
2025-08-29 08:01:38.673545+0900 SwiftViewer[64874:54973215] [SwiftUI] Accessing State's value outside of being installed on a View. This will result in a constant Binding of the initial value and will not update.
2025-08-29 08:01:38.673612+0900 SwiftViewer[64874:54973215] [SwiftUI] Accessing State's value outside of being installed on a View. This will result in a constant Binding of the initial value and will not update.
2025-08-29 08:01:38.673675+0900 SwiftViewer[64874:54973215] [SwiftUI] Accessing State's value outside of being installed on a View. This will result in a constant Binding of the initial value and will not update.
2025-08-29 08:01:38.675294+0900 SwiftViewer[64874:54973215] [SwiftUI] Accessing State's value outside of being installed on a View. This will result in a constant Binding of the initial value and will not update.
Test Case '-[SwiftViewerTests.SettingsViewTests test_settingsView_onAppearBehavior]' passed (0.006 seconds).
Test Case '-[SwiftViewerTests.SettingsViewTests test_settingsView_preview]' started.
2025-08-29 08:01:38.679790+0900 SwiftViewer[64874:54973215] [SwiftUI] Accessing State's value outside of being installed on a View. This will result in a constant Binding of the initial value and will not update.
2025-08-29 08:01:38.679890+0900 SwiftViewer[64874:54973215] [SwiftUI] Accessing State's value outside of being installed on a View. This will result in a constant Binding of the initial value and will not update.
2025-08-29 08:01:38.679951+0900 SwiftViewer[64874:54973215] [SwiftUI] Accessing State's value outside of being installed on a View. This will result in a constant Binding of the initial value and will not update.
2025-08-29 08:01:38.680016+0900 SwiftViewer[64874:54973215] [SwiftUI] Accessing State's value outside of being installed on a View. This will result in a constant Binding of the initial value and will not update.
2025-08-29 08:01:38.680072+0900 SwiftViewer[64874:54973215] [SwiftUI] Accessing State's value outside of being installed on a View. This will result in a constant Binding of the initial value and will not update.
2025-08-29 08:01:38.680122+0900 SwiftViewer[64874:54973215] [SwiftUI] Accessing State's value outside of being installed on a View. This will result in a constant Binding of the initial value and will not update.
Test Case '-[SwiftViewerTests.SettingsViewTests test_settingsView_preview]' passed (0.006 seconds).
Test Case '-[SwiftViewerTests.SettingsViewTests test_settingsView_sliderRange]' started.
2025-08-29 08:01:38.686060+0900 SwiftViewer[64874:54973215] [SwiftUI] Accessing State's value outside of being installed on a View. This will result in a constant Binding of the initial value and will not update.
2025-08-29 08:01:38.686202+0900 SwiftViewer[64874:54973215] [SwiftUI] Accessing State's value outside of being installed on a View. This will result in a constant Binding of the initial value and will not update.
2025-08-29 08:01:38.686282+0900 SwiftViewer[64874:54973215] [SwiftUI] Accessing State's value outside of being installed on a View. This will result in a constant Binding of the initial value and will not update.
2025-08-29 08:01:38.686368+0900 SwiftViewer[64874:54973215] [SwiftUI] Accessing State's value outside of being installed on a View. This will result in a constant Binding of the initial value and will not update.
2025-08-29 08:01:38.686438+0900 SwiftViewer[64874:54973215] [SwiftUI] Accessing State's value outside of being installed on a View. This will result in a constant Binding of the initial value and will not update.
2025-08-29 08:01:38.686498+0900 SwiftViewer[64874:54973215] [SwiftUI] Accessing State's value outside of being installed on a View. This will result in a constant Binding of the initial value and will not update.
2025-08-29 08:01:38.691445+0900 SwiftViewer[64874:54973215] [SwiftUI] Accessing State's value outside of being installed on a View. This will result in a constant Binding of the initial value and will not update.
2025-08-29 08:01:38.691552+0900 SwiftViewer[64874:54973215] [SwiftUI] Accessing State's value outside of being installed on a View. This will result in a constant Binding of the initial value and will not update.
2025-08-29 08:01:38.691623+0900 SwiftViewer[64874:54973215] [SwiftUI] Accessing State's value outside of being installed on a View. This will result in a constant Binding of the initial value and will not update.
2025-08-29 08:01:38.691689+0900 SwiftViewer[64874:54973215] [SwiftUI] Accessing State's value outside of being installed on a View. This will result in a constant Binding of the initial value and will not update.
2025-08-29 08:01:38.691751+0900 SwiftViewer[64874:54973215] [SwiftUI] Accessing State's value outside of being installed on a View. This will result in a constant Binding of the initial value and will not update.
2025-08-29 08:01:38.691805+0900 SwiftViewer[64874:54973215] [SwiftUI] Accessing State's value outside of being installed on a View. This will result in a constant Binding of the initial value and will not update.
2025-08-29 08:01:38.694920+0900 SwiftViewer[64874:54973215] [SwiftUI] Accessing State's value outside of being installed on a View. This will result in a constant Binding of the initial value and will not update.
2025-08-29 08:01:38.695024+0900 SwiftViewer[64874:54973215] [SwiftUI] Accessing State's value outside of being installed on a View. This will result in a constant Binding of the initial value and will not update.
2025-08-29 08:01:38.695082+0900 SwiftViewer[64874:54973215] [SwiftUI] Accessing State's value outside of being installed on a View. This will result in a constant Binding of the initial value and will not update.
2025-08-29 08:01:38.695145+0900 SwiftViewer[64874:54973215] [SwiftUI] Accessing State's value outside of being installed on a View. This will result in a constant Binding of the initial value and will not update.
2025-08-29 08:01:38.695208+0900 SwiftViewer[64874:54973215] [SwiftUI] Accessing State's value outside of being installed on a View. This will result in a constant Binding of the initial value and will not update.
2025-08-29 08:01:38.695256+0900 SwiftViewer[64874:54973215] [SwiftUI] Accessing State's value outside of being installed on a View. This will result in a constant Binding of the initial value and will not update.
Test Case '-[SwiftViewerTests.SettingsViewTests test_settingsView_sliderRange]' passed (0.013 seconds).
Test Case '-[SwiftViewerTests.SettingsViewTests test_settingsView_sliderStep]' started.
2025-08-29 08:01:38.699553+0900 SwiftViewer[64874:54973215] [SwiftUI] Accessing State's value outside of being installed on a View. This will result in a constant Binding of the initial value and will not update.
2025-08-29 08:01:38.699662+0900 SwiftViewer[64874:54973215] [SwiftUI] Accessing State's value outside of being installed on a View. This will result in a constant Binding of the initial value and will not update.
2025-08-29 08:01:38.699726+0900 SwiftViewer[64874:54973215] [SwiftUI] Accessing State's value outside of being installed on a View. This will result in a constant Binding of the initial value and will not update.
2025-08-29 08:01:38.699793+0900 SwiftViewer[64874:54973215] [SwiftUI] Accessing State's value outside of being installed on a View. This will result in a constant Binding of the initial value and will not update.
2025-08-29 08:01:38.699848+0900 SwiftViewer[64874:54973215] [SwiftUI] Accessing State's value outside of being installed on a View. This will result in a constant Binding of the initial value and will not update.
2025-08-29 08:01:38.701635+0900 SwiftViewer[64874:54973215] [SwiftUI] Accessing State's value outside of being installed on a View. This will result in a constant Binding of the initial value and will not update.
Test Case '-[SwiftViewerTests.SettingsViewTests test_settingsView_sliderStep]' passed (0.006 seconds).
Test Case '-[SwiftViewerTests.SettingsViewTests test_settingsView_stateManagement]' started.
2025-08-29 08:01:38.705997+0900 SwiftViewer[64874:54973215] [SwiftUI] Accessing State's value outside of being installed on a View. This will result in a constant Binding of the initial value and will not update.
2025-08-29 08:01:38.706097+0900 SwiftViewer[64874:54973215] [SwiftUI] Accessing State's value outside of being installed on a View. This will result in a constant Binding of the initial value and will not update.
2025-08-29 08:01:38.706153+0900 SwiftViewer[64874:54973215] [SwiftUI] Accessing State's value outside of being installed on a View. This will result in a constant Binding of the initial value and will not update.
2025-08-29 08:01:38.706218+0900 SwiftViewer[64874:54973215] [SwiftUI] Accessing State's value outside of being installed on a View. This will result in a constant Binding of the initial value and will not update.
2025-08-29 08:01:38.706274+0900 SwiftViewer[64874:54973215] [SwiftUI] Accessing State's value outside of being installed on a View. This will result in a constant Binding of the initial value and will not update.
2025-08-29 08:01:38.706321+0900 SwiftViewer[64874:54973215] [SwiftUI] Accessing State's value outside of being installed on a View. This will result in a constant Binding of the initial value and will not update.
Test Case '-[SwiftViewerTests.SettingsViewTests test_settingsView_stateManagement]' passed (0.006 seconds).
Test Suite 'SettingsViewTests' passed at 2025-08-29 08:01:38.712.
	 Executed 17 tests, with 0 failures (0 unexpected) in 0.194 (0.199) seconds
Test Suite 'SimpleAnimatedImageViewTests' started at 2025-08-29 08:01:38.712.
Test Case '-[SwiftViewerTests.SimpleAnimatedImageViewTests test_simpleAnimatedImageView_body_renders]' started.
Test Case '-[SwiftViewerTests.SimpleAnimatedImageViewTests test_simpleAnimatedImageView_body_renders]' passed (0.002 seconds).
Test Case '-[SwiftViewerTests.SimpleAnimatedImageViewTests test_simpleAnimatedImageView_empty_filename]' started.
Test Case '-[SwiftViewerTests.SimpleAnimatedImageViewTests test_simpleAnimatedImageView_empty_filename]' passed (0.001 seconds).
Test Case '-[SwiftViewerTests.SimpleAnimatedImageViewTests test_simpleAnimatedImageView_frame_modifier_compatibility]' started.
Test Case '-[SwiftViewerTests.SimpleAnimatedImageViewTests test_simpleAnimatedImageView_frame_modifier_compatibility]' passed (0.001 seconds).
Test Case '-[SwiftViewerTests.SimpleAnimatedImageViewTests test_simpleAnimatedImageView_handles_invalid_file_url]' started.
Test Case '-[SwiftViewerTests.SimpleAnimatedImageViewTests test_simpleAnimatedImageView_handles_invalid_file_url]' passed (0.001 seconds).
Test Case '-[SwiftViewerTests.SimpleAnimatedImageViewTests test_simpleAnimatedImageView_handles_valid_file_url]' started.
Test Case '-[SwiftViewerTests.SimpleAnimatedImageViewTests test_simpleAnimatedImageView_handles_valid_file_url]' passed (0.001 seconds).
Test Case '-[SwiftViewerTests.SimpleAnimatedImageViewTests test_simpleAnimatedImageView_id_modifier_compatibility]' started.
Test Case '-[SwiftViewerTests.SimpleAnimatedImageViewTests test_simpleAnimatedImageView_id_modifier_compatibility]' passed (0.001 seconds).
Test Case '-[SwiftViewerTests.SimpleAnimatedImageViewTests test_simpleAnimatedImageView_initialization]' started.
Test Case '-[SwiftViewerTests.SimpleAnimatedImageViewTests test_simpleAnimatedImageView_initialization]' passed (0.001 seconds).
Test Case '-[SwiftViewerTests.SimpleAnimatedImageViewTests test_simpleAnimatedImageView_long_filename]' started.
Test Case '-[SwiftViewerTests.SimpleAnimatedImageViewTests test_simpleAnimatedImageView_long_filename]' passed (0.001 seconds).
Test Case '-[SwiftViewerTests.SimpleAnimatedImageViewTests test_simpleAnimatedImageView_memory_management]' started.
Test Case '-[SwiftViewerTests.SimpleAnimatedImageViewTests test_simpleAnimatedImageView_memory_management]' passed (0.001 seconds).
Test Case '-[SwiftViewerTests.SimpleAnimatedImageViewTests test_simpleAnimatedImageView_multiple_instances]' started.
Test Case '-[SwiftViewerTests.SimpleAnimatedImageViewTests test_simpleAnimatedImageView_multiple_instances]' passed (0.001 seconds).
Test Case '-[SwiftViewerTests.SimpleAnimatedImageViewTests test_simpleAnimatedImageView_pause_functionality]' started.
Test Case '-[SwiftViewerTests.SimpleAnimatedImageViewTests test_simpleAnimatedImageView_pause_functionality]' passed (0.001 seconds).
Test Case '-[SwiftViewerTests.SimpleAnimatedImageViewTests test_simpleAnimatedImageView_resume_functionality]' started.
Test Case '-[SwiftViewerTests.SimpleAnimatedImageViewTests test_simpleAnimatedImageView_resume_functionality]' passed (0.001 seconds).
Test Case '-[SwiftViewerTests.SimpleAnimatedImageViewTests test_simpleAnimatedImageView_toggle_functionality]' started.
Test Case '-[SwiftViewerTests.SimpleAnimatedImageViewTests test_simpleAnimatedImageView_toggle_functionality]' passed (0.001 seconds).
Test Suite 'SimpleAnimatedImageViewTests' passed at 2025-08-29 08:01:38.731.
	 Executed 13 tests, with 0 failures (0 unexpected) in 0.011 (0.019) seconds
Test Suite 'SlideShowControlsViewTests' started at 2025-08-29 08:01:38.731.
Test Case '-[SwiftViewerTests.SlideShowControlsViewTests test_slideShowControlsView_bodyGeneration]' started.
Test Case '-[SwiftViewerTests.SlideShowControlsViewTests test_slideShowControlsView_bodyGeneration]' passed (0.009 seconds).
Test Case '-[SwiftViewerTests.SlideShowControlsViewTests test_slideShowControlsView_edgeCases]' started.
Test Case '-[SwiftViewerTests.SlideShowControlsViewTests test_slideShowControlsView_edgeCases]' passed (0.003 seconds).
Test Case '-[SwiftViewerTests.SlideShowControlsViewTests test_slideShowControlsView_initialization_full]' started.
Test Case '-[SwiftViewerTests.SlideShowControlsViewTests test_slideShowControlsView_initialization_full]' passed (0.001 seconds).
Test Case '-[SwiftViewerTests.SlideShowControlsViewTests test_slideShowControlsView_initialization_minimal]' started.
Test Case '-[SwiftViewerTests.SlideShowControlsViewTests test_slideShowControlsView_initialization_minimal]' passed (0.001 seconds).
Test Case '-[SwiftViewerTests.SlideShowControlsViewTests test_slideShowControlsView_keyboardFeedback_allPressed]' started.
Test Case '-[SwiftViewerTests.SlideShowControlsViewTests test_slideShowControlsView_keyboardFeedback_allPressed]' passed (0.001 seconds).
Test Case '-[SwiftViewerTests.SlideShowControlsViewTests test_slideShowControlsView_keyboardFeedback_leftPressed]' started.
Test Case '-[SwiftViewerTests.SlideShowControlsViewTests test_slideShowControlsView_keyboardFeedback_leftPressed]' passed (0.001 seconds).
Test Case '-[SwiftViewerTests.SlideShowControlsViewTests test_slideShowControlsView_keyboardFeedback_rightPressed]' started.
Test Case '-[SwiftViewerTests.SlideShowControlsViewTests test_slideShowControlsView_keyboardFeedback_rightPressed]' passed (0.001 seconds).
Test Case '-[SwiftViewerTests.SlideShowControlsViewTests test_slideShowControlsView_keyboardFeedback_spacePressed]' started.
Test Case '-[SwiftViewerTests.SlideShowControlsViewTests test_slideShowControlsView_keyboardFeedback_spacePressed]' passed (0.001 seconds).
Test Case '-[SwiftViewerTests.SlideShowControlsViewTests test_slideShowControlsView_pausedState]' started.
Test Case '-[SwiftViewerTests.SlideShowControlsViewTests test_slideShowControlsView_pausedState]' passed (0.002 seconds).
Test Case '-[SwiftViewerTests.SlideShowControlsViewTests test_slideShowControlsView_progressCallback]' started.
Test Case '-[SwiftViewerTests.SlideShowControlsViewTests test_slideShowControlsView_progressCallback]' passed (0.001 seconds).
Test Case '-[SwiftViewerTests.SlideShowControlsViewTests test_slideShowControlsView_runningState]' started.
Test Case '-[SwiftViewerTests.SlideShowControlsViewTests test_slideShowControlsView_runningState]' passed (0.002 seconds).
Test Suite 'SlideShowControlsViewTests' passed at 2025-08-29 08:01:38.763.
	 Executed 11 tests, with 0 failures (0 unexpected) in 0.019 (0.032) seconds
Test Suite 'SlideShowServiceTests' started at 2025-08-29 08:01:38.763.
Test Case '-[SwiftViewerTests.SlideShowServiceTests test_currentInterval_returnsCorrectValue]' started.
[INFO] [SlideShowService.swift:57] startTimer(interval:action:): Starting slideshow timer with interval: 2.5s
2025-08-29 08:01:38.763752+0900 SwiftViewer[64874:54973215] [SwiftViewer] [INFO] [SlideShowService.swift:57] startTimer(interval:action:): Starting slideshow timer with interval: 2.5s
[INFO] [SlideShowService.swift:85] stopTimer(): Stopping slideshow timer
2025-08-29 08:01:38.763788+0900 SwiftViewer[64874:54973215] [SwiftViewer] [INFO] [SlideShowService.swift:85] stopTimer(): Stopping slideshow timer
Test Case '-[SwiftViewerTests.SlideShowServiceTests test_currentInterval_returnsCorrectValue]' passed (0.001 seconds).
Test Case '-[SwiftViewerTests.SlideShowServiceTests test_deinit_stopsTimer]' started.
[INFO] [SlideShowService.swift:57] startTimer(interval:action:): Starting slideshow timer with interval: 0.1s
2025-08-29 08:01:38.773717+0900 SwiftViewer[64874:54973215] [SwiftViewer] [INFO] [SlideShowService.swift:57] startTimer(interval:action:): Starting slideshow timer with interval: 0.1s
Test Case '-[SwiftViewerTests.SlideShowServiceTests test_deinit_stopsTimer]' passed (0.404 seconds).
Test Case '-[SwiftViewerTests.SlideShowServiceTests test_isRunning_returnsCorrectState]' started.
[INFO] [SlideShowService.swift:57] startTimer(interval:action:): Starting slideshow timer with interval: 0.1s
2025-08-29 08:01:39.179986+0900 SwiftViewer[64874:54973215] [SwiftViewer] [INFO] [SlideShowService.swift:57] startTimer(interval:action:): Starting slideshow timer with interval: 0.1s
[INFO] [SlideShowService.swift:85] stopTimer(): Stopping slideshow timer
2025-08-29 08:01:39.180090+0900 SwiftViewer[64874:54973215] [SwiftViewer] [INFO] [SlideShowService.swift:85] stopTimer(): Stopping slideshow timer
Test Case '-[SwiftViewerTests.SlideShowServiceTests test_isRunning_returnsCorrectState]' passed (0.002 seconds).
Test Case '-[SwiftViewerTests.SlideShowServiceTests test_startTimer_callsActionAtSpecifiedInterval]' started.
[INFO] [SlideShowService.swift:57] startTimer(interval:action:): Starting slideshow timer with interval: 0.1s
2025-08-29 08:01:39.182759+0900 SwiftViewer[64874:54973215] [SwiftViewer] [INFO] [SlideShowService.swift:57] startTimer(interval:action:): Starting slideshow timer with interval: 0.1s
[INFO] [SlideShowService.swift:85] stopTimer(): Stopping slideshow timer
2025-08-29 08:01:39.485114+0900 SwiftViewer[64874:54973215] [SwiftViewer] [INFO] [SlideShowService.swift:85] stopTimer(): Stopping slideshow timer
Test Case '-[SwiftViewerTests.SlideShowServiceTests test_startTimer_callsActionAtSpecifiedInterval]' passed (0.306 seconds).
Test Case '-[SwiftViewerTests.SlideShowServiceTests test_startTimer_handlesNegativeInterval]' started.
[WARNING] [SlideShowService.swift:53] startTimer(interval:action:): Invalid timer interval: -1.0. Timer not started.
2025-08-29 08:01:39.489067+0900 SwiftViewer[64874:54973215] [SwiftViewer] [WARNING] [SlideShowService.swift:53] startTimer(interval:action:): Invalid timer interval: -1.0. Timer not started.
Test Case '-[SwiftViewerTests.SlideShowServiceTests test_startTimer_handlesNegativeInterval]' passed (0.103 seconds).
Test Case '-[SwiftViewerTests.SlideShowServiceTests test_startTimer_handlesZeroInterval]' started.
[WARNING] [SlideShowService.swift:53] startTimer(interval:action:): Invalid timer interval: 0.0. Timer not started.
2025-08-29 08:01:39.593846+0900 SwiftViewer[64874:54973215] [SwiftViewer] [WARNING] [SlideShowService.swift:53] startTimer(interval:action:): Invalid timer interval: 0.0. Timer not started.
Test Case '-[SwiftViewerTests.SlideShowServiceTests test_startTimer_handlesZeroInterval]' passed (0.104 seconds).
Test Case '-[SwiftViewerTests.SlideShowServiceTests test_startTimer_isThreadSafe]' started.
[INFO] [SlideShowService.swift:57] startTimer(interval:action:): Starting slideshow timer with interval: 0.1s
2025-08-29 08:01:39.698180+0900 SwiftViewer[64874:54973215] [SwiftViewer] [INFO] [SlideShowService.swift:57] startTimer(interval:action:): Starting slideshow timer with interval: 0.1s
[INFO] [SlideShowService.swift:57] startTimer(interval:action:): Starting slideshow timer with interval: 0.1s
2025-08-29 08:01:39.698253+0900 SwiftViewer[64874:54973215] [SwiftViewer] [INFO] [SlideShowService.swift:57] startTimer(interval:action:): Starting slideshow timer with interval: 0.1s
[INFO] [SlideShowService.swift:85] stopTimer(): Stopping slideshow timer
2025-08-29 08:01:39.698281+0900 SwiftViewer[64874:54973215] [SwiftViewer] [INFO] [SlideShowService.swift:85] stopTimer(): Stopping slideshow timer
[INFO] [SlideShowService.swift:85] stopTimer(): Stopping slideshow timer
2025-08-29 08:01:39.899686+0900 SwiftViewer[64874:54973215] [SwiftViewer] [INFO] [SlideShowService.swift:85] stopTimer(): Stopping slideshow timer
Test Case '-[SwiftViewerTests.SlideShowServiceTests test_startTimer_isThreadSafe]' passed (0.204 seconds).
Test Case '-[SwiftViewerTests.SlideShowServiceTests test_startTimer_replacesExistingTimer]' started.
[INFO] [SlideShowService.swift:57] startTimer(interval:action:): Starting slideshow timer with interval: 1.0s
2025-08-29 08:01:39.903328+0900 SwiftViewer[64874:54973215] [SwiftViewer] [INFO] [SlideShowService.swift:57] startTimer(interval:action:): Starting slideshow timer with interval: 1.0s
[INFO] [SlideShowService.swift:57] startTimer(interval:action:): Starting slideshow timer with interval: 0.1s
2025-08-29 08:01:39.903440+0900 SwiftViewer[64874:54973215] [SwiftViewer] [INFO] [SlideShowService.swift:57] startTimer(interval:action:): Starting slideshow timer with interval: 0.1s
[INFO] [SlideShowService.swift:85] stopTimer(): Stopping slideshow timer
2025-08-29 08:01:39.903468+0900 SwiftViewer[64874:54973215] [SwiftViewer] [INFO] [SlideShowService.swift:85] stopTimer(): Stopping slideshow timer
[INFO] [SlideShowService.swift:85] stopTimer(): Stopping slideshow timer
2025-08-29 08:01:40.105174+0900 SwiftViewer[64874:54973215] [SwiftViewer] [INFO] [SlideShowService.swift:85] stopTimer(): Stopping slideshow timer
Test Case '-[SwiftViewerTests.SlideShowServiceTests test_startTimer_replacesExistingTimer]' passed (0.204 seconds).
Test Case '-[SwiftViewerTests.SlideShowServiceTests test_startTimer_respectsSpecifiedInterval]' started.
[INFO] [SlideShowService.swift:57] startTimer(interval:action:): Starting slideshow timer with interval: 0.2s
2025-08-29 08:01:40.107762+0900 SwiftViewer[64874:54973215] [SwiftViewer] [INFO] [SlideShowService.swift:57] startTimer(interval:action:): Starting slideshow timer with interval: 0.2s
[INFO] [SlideShowService.swift:85] stopTimer(): Stopping slideshow timer
2025-08-29 08:01:40.509640+0900 SwiftViewer[64874:54973215] [SwiftViewer] [INFO] [SlideShowService.swift:85] stopTimer(): Stopping slideshow timer
Test Case '-[SwiftViewerTests.SlideShowServiceTests test_startTimer_respectsSpecifiedInterval]' passed (0.404 seconds).
Test Case '-[SwiftViewerTests.SlideShowServiceTests test_stopTimer_canBeCalledWhenNotRunning]' started.
[INFO] [SlideShowService.swift:57] startTimer(interval:action:): Starting slideshow timer with interval: 0.1s
2025-08-29 08:01:40.512070+0900 SwiftViewer[64874:54973215] [SwiftViewer] [INFO] [SlideShowService.swift:57] startTimer(interval:action:): Starting slideshow timer with interval: 0.1s
[INFO] [SlideShowService.swift:85] stopTimer(): Stopping slideshow timer
2025-08-29 08:01:40.512129+0900 SwiftViewer[64874:54973215] [SwiftViewer] [INFO] [SlideShowService.swift:85] stopTimer(): Stopping slideshow timer
Test Case '-[SwiftViewerTests.SlideShowServiceTests test_stopTimer_canBeCalledWhenNotRunning]' passed (0.002 seconds).
Test Case '-[SwiftViewerTests.SlideShowServiceTests test_stopTimer_stopsRunningTimer]' started.
[INFO] [SlideShowService.swift:57] startTimer(interval:action:): Starting slideshow timer with interval: 0.1s
2025-08-29 08:01:40.514545+0900 SwiftViewer[64874:54973215] [SwiftViewer] [INFO] [SlideShowService.swift:57] startTimer(interval:action:): Starting slideshow timer with interval: 0.1s
[INFO] [SlideShowService.swift:85] stopTimer(): Stopping slideshow timer
2025-08-29 08:01:40.665731+0900 SwiftViewer[64874:54973215] [SwiftViewer] [INFO] [SlideShowService.swift:85] stopTimer(): Stopping slideshow timer
Test Case '-[SwiftViewerTests.SlideShowServiceTests test_stopTimer_stopsRunningTimer]' passed (0.355 seconds).
Test Suite 'SlideShowServiceTests' passed at 2025-08-29 08:01:40.869.
	 Executed 11 tests, with 0 failures (0 unexpected) in 2.088 (2.106) seconds
Test Suite 'SlideShowViewModelTests' started at 2025-08-29 08:01:40.870.
Test Case '-[SwiftViewerTests.SlideShowViewModelTests test_currentInterval_reflectsServiceState]' started.
Test Case '-[SwiftViewerTests.SlideShowViewModelTests test_currentInterval_reflectsServiceState]' passed (0.002 seconds).
Test Case '-[SwiftViewerTests.SlideShowViewModelTests test_defaultInterval_readsFromSettingsManager]' started.
Test Case '-[SwiftViewerTests.SlideShowViewModelTests test_defaultInterval_readsFromSettingsManager]' passed (0.002 seconds).
Test Case '-[SwiftViewerTests.SlideShowViewModelTests test_deinit_stopsSlideshow]' started.
Test Case '-[SwiftViewerTests.SlideShowViewModelTests test_deinit_stopsSlideshow]' passed (0.002 seconds).
Test Case '-[SwiftViewerTests.SlideShowViewModelTests test_initialState_isCorrect]' started.
Test Case '-[SwiftViewerTests.SlideShowViewModelTests test_initialState_isCorrect]' passed (0.002 seconds).
Test Case '-[SwiftViewerTests.SlideShowViewModelTests test_isRepeatEnabled_whenNotificationReceived_shouldReflectCorrectValue]' started.
Test Case '-[SwiftViewerTests.SlideShowViewModelTests test_isRepeatEnabled_whenNotificationReceived_shouldReflectCorrectValue]' passed (0.005 seconds).
Test Case '-[SwiftViewerTests.SlideShowViewModelTests test_isRepeatEnabled_whenSettingsChange_shouldUpdateImmediately]' started.
Test Case '-[SwiftViewerTests.SlideShowViewModelTests test_isRepeatEnabled_whenSettingsChange_shouldUpdateImmediately]' passed (0.003 seconds).
Test Case '-[SwiftViewerTests.SlideShowViewModelTests test_isRepeatEnabled_whenToggled_shouldUpdateSettingsManager]' started.
Test Case '-[SwiftViewerTests.SlideShowViewModelTests test_isRepeatEnabled_whenToggled_shouldUpdateSettingsManager]' passed (0.003 seconds).
Test Case '-[SwiftViewerTests.SlideShowViewModelTests test_isRunning_propertyReflectsInternalState]' started.
Test Case '-[SwiftViewerTests.SlideShowViewModelTests test_isRunning_propertyReflectsInternalState]' passed (0.002 seconds).
Test Case '-[SwiftViewerTests.SlideShowViewModelTests test_isRunning_reflectsViewModelState]' started.
Test Case '-[SwiftViewerTests.SlideShowViewModelTests test_isRunning_reflectsViewModelState]' passed (0.017 seconds).
Test Case '-[SwiftViewerTests.SlideShowViewModelTests test_restartSlideShowIfRunning_doesNothingWhenStopped]' started.
Test Case '-[SwiftViewerTests.SlideShowViewModelTests test_restartSlideShowIfRunning_doesNothingWhenStopped]' passed (0.001 seconds).
Test Case '-[SwiftViewerTests.SlideShowViewModelTests test_restartSlideShowIfRunning_restartsWhenRunning]' started.
Test Case '-[SwiftViewerTests.SlideShowViewModelTests test_restartSlideShowIfRunning_restartsWhenRunning]' passed (0.001 seconds).
Test Case '-[SwiftViewerTests.SlideShowViewModelTests test_slideShowViewModel_handlesSettingsChanges]' started.
Test Case '-[SwiftViewerTests.SlideShowViewModelTests test_slideShowViewModel_handlesSettingsChanges]' passed (0.001 seconds).
Test Case '-[SwiftViewerTests.SlideShowViewModelTests test_slideShowViewModel_keyboardNavigationIntegration]' started.
Test Case '-[SwiftViewerTests.SlideShowViewModelTests test_slideShowViewModel_keyboardNavigationIntegration]' passed (0.001 seconds).
Test Case '-[SwiftViewerTests.SlideShowViewModelTests test_slideShowViewModel_notificationCenterIntegration]' started.
Test Case '-[SwiftViewerTests.SlideShowViewModelTests test_slideShowViewModel_notificationCenterIntegration]' passed (0.003 seconds).
Test Case '-[SwiftViewerTests.SlideShowViewModelTests test_slideShowViewModel_progressBarNavigationIntegration]' started.
Test Case '-[SwiftViewerTests.SlideShowViewModelTests test_slideShowViewModel_progressBarNavigationIntegration]' passed (0.002 seconds).
Test Case '-[SwiftViewerTests.SlideShowViewModelTests test_startSlideShow_callsNextImageOnTimer]' started.
Test Case '-[SwiftViewerTests.SlideShowViewModelTests test_startSlideShow_callsNextImageOnTimer]' passed (0.014 seconds).
Test Case '-[SwiftViewerTests.SlideShowViewModelTests test_startSlideShow_handlesMultipleTimerFires]' started.
Test Case '-[SwiftViewerTests.SlideShowViewModelTests test_startSlideShow_handlesMultipleTimerFires]' passed (0.014 seconds).
Test Case '-[SwiftViewerTests.SlideShowViewModelTests test_startSlideShow_usesProvidedInterval_overridingSettings]' started.
Test Case '-[SwiftViewerTests.SlideShowViewModelTests test_startSlideShow_usesProvidedInterval_overridingSettings]' passed (0.002 seconds).
Test Case '-[SwiftViewerTests.SlideShowViewModelTests test_startSlideShow_usesSettingsManagerInterval_whenNoIntervalProvided]' started.
Test Case '-[SwiftViewerTests.SlideShowViewModelTests test_startSlideShow_usesSettingsManagerInterval_whenNoIntervalProvided]' passed (0.003 seconds).
Test Case '-[SwiftViewerTests.SlideShowViewModelTests test_startSlideShow_whenServiceFailsToStart_doesNotUpdateState]' started.
Test Case '-[SwiftViewerTests.SlideShowViewModelTests test_startSlideShow_whenServiceFailsToStart_doesNotUpdateState]' passed (0.003 seconds).
Test Case '-[SwiftViewerTests.SlideShowViewModelTests test_startSlideShow_withCustomInterval_startsService]' started.
Test Case '-[SwiftViewerTests.SlideShowViewModelTests test_startSlideShow_withCustomInterval_startsService]' passed (0.002 seconds).
Test Case '-[SwiftViewerTests.SlideShowViewModelTests test_startSlideShow_withDefaultInterval_startsService]' started.
Test Case '-[SwiftViewerTests.SlideShowViewModelTests test_startSlideShow_withDefaultInterval_startsService]' passed (0.001 seconds).
Test Case '-[SwiftViewerTests.SlideShowViewModelTests test_startSlideShow_withInvalidInterval_doesNotStart]' started.
Test Case '-[SwiftViewerTests.SlideShowViewModelTests test_startSlideShow_withInvalidInterval_doesNotStart]' passed (0.002 seconds).
Test Case '-[SwiftViewerTests.SlideShowViewModelTests test_stopSlideShow_canBeCalledWhenNotRunning]' started.
Test Case '-[SwiftViewerTests.SlideShowViewModelTests test_stopSlideShow_canBeCalledWhenNotRunning]' passed (0.001 seconds).
Test Case '-[SwiftViewerTests.SlideShowViewModelTests test_stopSlideShow_preventsTimerCallbacks]' started.
Test Case '-[SwiftViewerTests.SlideShowViewModelTests test_stopSlideShow_preventsTimerCallbacks]' passed (0.001 seconds).
Test Case '-[SwiftViewerTests.SlideShowViewModelTests test_stopSlideShow_stopsRunningSlideshow]' started.
Test Case '-[SwiftViewerTests.SlideShowViewModelTests test_stopSlideShow_stopsRunningSlideshow]' passed (0.001 seconds).
Test Case '-[SwiftViewerTests.SlideShowViewModelTests test_toggleSlideShow_startsWhenStopped]' started.
Test Case '-[SwiftViewerTests.SlideShowViewModelTests test_toggleSlideShow_startsWhenStopped]' passed (0.001 seconds).
Test Case '-[SwiftViewerTests.SlideShowViewModelTests test_toggleSlideShow_stopsWhenRunning]' started.
Test Case '-[SwiftViewerTests.SlideShowViewModelTests test_toggleSlideShow_stopsWhenRunning]' passed (0.002 seconds).
Test Case '-[SwiftViewerTests.SlideShowViewModelTests test_toggleSlideShow_usesSettingsManagerInterval_whenNoIntervalProvided]' started.
Test Case '-[SwiftViewerTests.SlideShowViewModelTests test_toggleSlideShow_usesSettingsManagerInterval_whenNoIntervalProvided]' passed (0.001 seconds).
Test Case '-[SwiftViewerTests.SlideShowViewModelTests test_toggleSlideShow_withCustomInterval_usesInterval]' started.
Test Case '-[SwiftViewerTests.SlideShowViewModelTests test_toggleSlideShow_withCustomInterval_usesInterval]' passed (0.001 seconds).
Test Case '-[SwiftViewerTests.SlideShowViewModelTests test_updateIntervalIfRunning_doesNothingWhenStopped]' started.
Test Case '-[SwiftViewerTests.SlideShowViewModelTests test_updateIntervalIfRunning_doesNothingWhenStopped]' passed (0.001 seconds).
Test Case '-[SwiftViewerTests.SlideShowViewModelTests test_updateIntervalIfRunning_updatesWhenRunning]' started.
Test Case '-[SwiftViewerTests.SlideShowViewModelTests test_updateIntervalIfRunning_updatesWhenRunning]' passed (0.002 seconds).
Test Suite 'SlideShowViewModelTests' passed at 2025-08-29 08:01:41.040.
	 Executed 32 tests, with 0 failures (0 unexpected) in 0.099 (0.170) seconds
Test Suite 'SlideTransitionPluginTests' started at 2025-08-29 08:01:41.040.
Test Case '-[SwiftViewerTests.SlideTransitionPluginTests test_slideTransitionPlugin_asymmetricTransitions]' started.
Test Case '-[SwiftViewerTests.SlideTransitionPluginTests test_slideTransitionPlugin_asymmetricTransitions]' passed (0.003 seconds).
Test Case '-[SwiftViewerTests.SlideTransitionPluginTests test_slideTransitionPlugin_caseInsensitiveDirection]' started.
Test Case '-[SwiftViewerTests.SlideTransitionPluginTests test_slideTransitionPlugin_caseInsensitiveDirection]' passed (0.003 seconds).
Test Case '-[SwiftViewerTests.SlideTransitionPluginTests test_slideTransitionPlugin_conformsToTransitionPluginProtocol]' started.
Test Case '-[SwiftViewerTests.SlideTransitionPluginTests test_slideTransitionPlugin_conformsToTransitionPluginProtocol]' passed (0.104 seconds).
Test Case '-[SwiftViewerTests.SlideTransitionPluginTests test_slideTransitionPlugin_createTransition_allCurveTypes]' started.
Test Case '-[SwiftViewerTests.SlideTransitionPluginTests test_slideTransitionPlugin_createTransition_allCurveTypes]' passed (0.002 seconds).
Test Case '-[SwiftViewerTests.SlideTransitionPluginTests test_slideTransitionPlugin_createTransition_allDirections]' started.
Test Case '-[SwiftViewerTests.SlideTransitionPluginTests test_slideTransitionPlugin_createTransition_allDirections]' passed (0.002 seconds).
Test Case '-[SwiftViewerTests.SlideTransitionPluginTests test_slideTransitionPlugin_createTransition_customParameters]' started.
Test Case '-[SwiftViewerTests.SlideTransitionPluginTests test_slideTransitionPlugin_createTransition_customParameters]' passed (0.002 seconds).
Test Case '-[SwiftViewerTests.SlideTransitionPluginTests test_slideTransitionPlugin_createTransition_defaultParameters]' started.
Test Case '-[SwiftViewerTests.SlideTransitionPluginTests test_slideTransitionPlugin_createTransition_defaultParameters]' passed (0.002 seconds).
Test Case '-[SwiftViewerTests.SlideTransitionPluginTests test_slideTransitionPlugin_createTransition_downDirection]' started.
Test Case '-[SwiftViewerTests.SlideTransitionPluginTests test_slideTransitionPlugin_createTransition_downDirection]' passed (0.002 seconds).
Test Case '-[SwiftViewerTests.SlideTransitionPluginTests test_slideTransitionPlugin_createTransition_leftDirection]' started.
Test Case '-[SwiftViewerTests.SlideTransitionPluginTests test_slideTransitionPlugin_createTransition_leftDirection]' passed (0.001 seconds).
Test Case '-[SwiftViewerTests.SlideTransitionPluginTests test_slideTransitionPlugin_createTransition_rightDirection]' started.
Test Case '-[SwiftViewerTests.SlideTransitionPluginTests test_slideTransitionPlugin_createTransition_rightDirection]' passed (0.001 seconds).
Test Case '-[SwiftViewerTests.SlideTransitionPluginTests test_slideTransitionPlugin_createTransition_upDirection]' started.
Test Case '-[SwiftViewerTests.SlideTransitionPluginTests test_slideTransitionPlugin_createTransition_upDirection]' passed (0.010 seconds).
Test Case '-[SwiftViewerTests.SlideTransitionPluginTests test_slideTransitionPlugin_extremeParameters]' started.
Test Case '-[SwiftViewerTests.SlideTransitionPluginTests test_slideTransitionPlugin_extremeParameters]' passed (0.002 seconds).
Test Case '-[SwiftViewerTests.SlideTransitionPluginTests test_slideTransitionPlugin_initialization]' started.
Test Case '-[SwiftViewerTests.SlideTransitionPluginTests test_slideTransitionPlugin_initialization]' passed (0.103 seconds).
Test Case '-[SwiftViewerTests.SlideTransitionPluginTests test_slideTransitionPlugin_invalidDirection]' started.
Test Case '-[SwiftViewerTests.SlideTransitionPluginTests test_slideTransitionPlugin_invalidDirection]' passed (0.003 seconds).
Test Case '-[SwiftViewerTests.SlideTransitionPluginTests test_slideTransitionPlugin_invalidDistanceFormat]' started.
Test Case '-[SwiftViewerTests.SlideTransitionPluginTests test_slideTransitionPlugin_invalidDistanceFormat]' passed (0.004 seconds).
Test Case '-[SwiftViewerTests.SlideTransitionPluginTests test_slideTransitionPlugin_metadata]' started.
Test Case '-[SwiftViewerTests.SlideTransitionPluginTests test_slideTransitionPlugin_metadata]' passed (0.003 seconds).
Test Case '-[SwiftViewerTests.SlideTransitionPluginTests test_slideTransitionPlugin_negativeDistance]' started.
Test Case '-[SwiftViewerTests.SlideTransitionPluginTests test_slideTransitionPlugin_negativeDistance]' passed (0.002 seconds).
Test Case '-[SwiftViewerTests.SlideTransitionPluginTests test_slideTransitionPlugin_performance]' started.
/Users/sho/working/swift/work/SwiftViewer/SwiftViewerTests/Plugins/SlideTransitionPluginTests.swift:221: Test Case '-[SwiftViewerTests.SlideTransitionPluginTests test_slideTransitionPlugin_performance]' measured [Time, seconds] average: 0.003, relative standard deviation: 10.465%, values: [0.003393, 0.002760, 0.002754, 0.002848, 0.003161, 0.003235, 0.002723, 0.003687, 0.003262, 0.002751], performanceMetricID:com.apple.XCTPerformanceMetric_WallClockTime, baselineName: "", baselineAverage: , polarity: prefers smaller, maxPercentRegression: 10.000%, maxPercentRelativeStandardDeviation: 10.000%, maxRegression: 0.100, maxStandardDeviation: 0.100
Test Case '-[SwiftViewerTests.SlideTransitionPluginTests test_slideTransitionPlugin_performance]' passed (0.291 seconds).
Test Case '-[SwiftViewerTests.SlideTransitionPluginTests test_slideTransitionPlugin_slideDistance_parameter]' started.
Test Case '-[SwiftViewerTests.SlideTransitionPluginTests test_slideTransitionPlugin_slideDistance_parameter]' passed (0.001 seconds).
Test Case '-[SwiftViewerTests.SlideTransitionPluginTests test_slideTransitionPlugin_swiftUIIntegration]' started.
Test Case '-[SwiftViewerTests.SlideTransitionPluginTests test_slideTransitionPlugin_swiftUIIntegration]' passed (0.001 seconds).
Test Case '-[SwiftViewerTests.SlideTransitionPluginTests test_slideTransitionPlugin_validation]' started.
Test Case '-[SwiftViewerTests.SlideTransitionPluginTests test_slideTransitionPlugin_validation]' passed (0.001 seconds).
Test Suite 'SlideTransitionPluginTests' passed at 2025-08-29 08:01:41.595.
	 Executed 21 tests, with 0 failures (0 unexpected) in 0.542 (0.555) seconds
Test Suite 'SlideshowIntervalHelperTests' started at 2025-08-29 08:01:41.596.
Test Case '-[SwiftViewerTests.SlideshowIntervalHelperTests test_formatInterval_formatsCorrectly]' started.
Test Case '-[SwiftViewerTests.SlideshowIntervalHelperTests test_formatInterval_formatsCorrectly]' passed (0.001 seconds).
Test Case '-[SwiftViewerTests.SlideshowIntervalHelperTests test_indexForInterval_findsClosestForInvalidValues]' started.
Test Case '-[SwiftViewerTests.SlideshowIntervalHelperTests test_indexForInterval_findsClosestForInvalidValues]' passed (0.001 seconds).
Test Case '-[SwiftViewerTests.SlideshowIntervalHelperTests test_indexForInterval_returnsCorrectIndex]' started.
Test Case '-[SwiftViewerTests.SlideshowIntervalHelperTests test_indexForInterval_returnsCorrectIndex]' passed (0.001 seconds).
Test Case '-[SwiftViewerTests.SlideshowIntervalHelperTests test_intervalConversion_isReversible]' started.
Test Case '-[SwiftViewerTests.SlideshowIntervalHelperTests test_intervalConversion_isReversible]' passed (0.001 seconds).
Test Case '-[SwiftViewerTests.SlideshowIntervalHelperTests test_intervalForIndex_clampsOutOfRangeValues]' started.
Test Case '-[SwiftViewerTests.SlideshowIntervalHelperTests test_intervalForIndex_clampsOutOfRangeValues]' passed (0.001 seconds).
Test Case '-[SwiftViewerTests.SlideshowIntervalHelperTests test_intervalForIndex_returnsCorrectValue]' started.
Test Case '-[SwiftViewerTests.SlideshowIntervalHelperTests test_intervalForIndex_returnsCorrectValue]' passed (0.000 seconds).
Test Case '-[SwiftViewerTests.SlideshowIntervalHelperTests test_intervals_containsExpectedValues]' started.
Test Case '-[SwiftViewerTests.SlideshowIntervalHelperTests test_intervals_containsExpectedValues]' passed (0.015 seconds).
Test Suite 'SlideshowIntervalHelperTests' passed at 2025-08-29 08:01:41.618.
	 Executed 7 tests, with 0 failures (0 unexpected) in 0.019 (0.023) seconds
Test Suite 'StateManagementTests' started at 2025-08-29 08:01:41.618.
Test Case '-[SwiftViewerTests.StateManagementTests test_contentView_should_maintain_single_viewModel_instance]' started.
2025-08-29 08:01:41.618864+0900 SwiftViewer[64874:54973215] [SwiftUI] Accessing FocusState's value outside of the body of a View. This will result in a constant Binding of the initial value and will not update.
2025-08-29 08:01:41.618945+0900 SwiftViewer[64874:54973215] [SwiftUI] Accessing StateObject<ContentViewModel>'s object without being installed on a View. This will create a new instance each time.
2025-08-29 08:01:41.619018+0900 SwiftViewer[64874:54973215] [SwiftUI] Accessing StateObject<ContentViewModel>'s object without being installed on a View. This will create a new instance each time.
2025-08-29 08:01:41.619059+0900 SwiftViewer[64874:54973215] [SwiftUI] Accessing StateObject<ContentViewModel>'s object without being installed on a View. This will create a new instance each time.
2025-08-29 08:01:41.641173+0900 SwiftViewer[64874:54973215] [SwiftUI] Accessing FocusState's value outside of the body of a View. This will result in a constant Binding of the initial value and will not update.
2025-08-29 08:01:41.641315+0900 SwiftViewer[64874:54973215] [SwiftUI] Accessing StateObject<ContentViewModel>'s object without being installed on a View. This will create a new instance each time.
2025-08-29 08:01:41.641600+0900 SwiftViewer[64874:54973215] [SwiftUI] Accessing StateObject<ContentViewModel>'s object without being installed on a View. This will create a new instance each time.
2025-08-29 08:01:41.641753+0900 SwiftViewer[64874:54973215] [SwiftUI] Accessing StateObject<ContentViewModel>'s object without being installed on a View. This will create a new instance each time.
2025-08-29 08:01:41.641918+0900 SwiftViewer[64874:54973215] [SwiftUI] Accessing FocusState's value outside of the body of a View. This will result in a constant Binding of the initial value and will not update.
2025-08-29 08:01:41.642008+0900 SwiftViewer[64874:54973215] [SwiftUI] Accessing StateObject<ContentViewModel>'s object without being installed on a View. This will create a new instance each time.
2025-08-29 08:01:41.642109+0900 SwiftViewer[64874:54973215] [SwiftUI] Accessing StateObject<ContentViewModel>'s object without being installed on a View. This will create a new instance each time.
2025-08-29 08:01:41.647537+0900 SwiftViewer[64874:54973215] [SwiftUI] Accessing StateObject<ContentViewModel>'s object without being installed on a View. This will create a new instance each time.
2025-08-29 08:01:41.648576+0900 SwiftViewer[64874:54973215] [general] -[NSNotificationCenter debugDescription] should not be used programmatically and only be used in the debugger.
Test Case '-[SwiftViewerTests.StateManagementTests test_contentView_should_maintain_single_viewModel_instance]' passed (0.031 seconds).
Test Case '-[SwiftViewerTests.StateManagementTests test_contentView_to_imageGalleryView_state_flow]' started.
2025-08-29 08:01:41.652149+0900 SwiftViewer[64874:54973215] [SwiftUI] Accessing FocusState's value outside of the body of a View. This will result in a constant Binding of the initial value and will not update.
2025-08-29 08:01:41.652297+0900 SwiftViewer[64874:54973215] [SwiftUI] Accessing StateObject<ContentViewModel>'s object without being installed on a View. This will create a new instance each time.
2025-08-29 08:01:41.652561+0900 SwiftViewer[64874:54973215] [SwiftUI] Accessing StateObject<ContentViewModel>'s object without being installed on a View. This will create a new instance each time.
2025-08-29 08:01:41.652796+0900 SwiftViewer[64874:54973215] [SwiftUI] Accessing StateObject<ContentViewModel>'s object without being installed on a View. This will create a new instance each time.
2025-08-29 08:01:41.653826+0900 SwiftViewer[64874:54973215] [general] -[NSNotificationCenter debugDescription] should not be used programmatically and only be used in the debugger.
Test Case '-[SwiftViewerTests.StateManagementTests test_contentView_to_imageGalleryView_state_flow]' passed (0.106 seconds).
Test Case '-[SwiftViewerTests.StateManagementTests test_imageGalleryView_should_receive_viewModel_as_property_not_state]' started.
Test Case '-[SwiftViewerTests.StateManagementTests test_imageGalleryView_should_receive_viewModel_as_property_not_state]' passed (0.002 seconds).
Test Case '-[SwiftViewerTests.StateManagementTests test_slideShowViewModel_should_be_created_with_correct_dependencies]' started.
2025-08-29 08:01:41.759985+0900 SwiftViewer[64874:54973215] [SwiftUI] Accessing FocusState's value outside of the body of a View. This will result in a constant Binding of the initial value and will not update.
2025-08-29 08:01:41.761182+0900 SwiftViewer[64874:54973215] [general] -[NSNotificationCenter debugDescription] should not be used programmatically and only be used in the debugger.
Test Case '-[SwiftViewerTests.StateManagementTests test_slideShowViewModel_should_be_created_with_correct_dependencies]' passed (0.003 seconds).
Test Case '-[SwiftViewerTests.StateManagementTests test_viewModel_mutations_in_child_should_reflect_in_parent_state]' started.
Test Case '-[SwiftViewerTests.StateManagementTests test_viewModel_mutations_in_child_should_reflect_in_parent_state]' passed (0.003 seconds).
Test Case '-[SwiftViewerTests.StateManagementTests test_viewModel_should_not_create_retain_cycles]' started.
Test Case '-[SwiftViewerTests.StateManagementTests test_viewModel_should_not_create_retain_cycles]' passed (0.003 seconds).
Test Case '-[SwiftViewerTests.StateManagementTests test_viewModel_state_changes_should_propagate_to_child_views]' started.
Test Case '-[SwiftViewerTests.StateManagementTests test_viewModel_state_changes_should_propagate_to_child_views]' passed (0.002 seconds).
Test Suite 'StateManagementTests' passed at 2025-08-29 08:01:41.772.
	 Executed 7 tests, with 0 failures (0 unexpected) in 0.150 (0.154) seconds
Test Suite 'SwiftViewerTests' started at 2025-08-29 08:01:41.773.
Test Case '-[SwiftViewerTests.SwiftViewerTests testExample]' started.
Test Case '-[SwiftViewerTests.SwiftViewerTests testExample]' passed (0.003 seconds).
Test Suite 'SwiftViewerTests' passed at 2025-08-29 08:01:41.776.
	 Executed 1 test, with 0 failures (0 unexpected) in 0.003 (0.004) seconds
Test Suite 'TransitionPluginTests' started at 2025-08-29 08:01:41.777.
Test Case '-[SwiftViewerTests.TransitionPluginTests test_mockTransitionPlugin_parameterValidation]' started.
Test Case '-[SwiftViewerTests.TransitionPluginTests test_mockTransitionPlugin_parameterValidation]' passed (0.001 seconds).
Test Case '-[SwiftViewerTests.TransitionPluginTests test_mockTransitionPlugin_swiftUIIntegration]' started.
Test Case '-[SwiftViewerTests.TransitionPluginTests test_mockTransitionPlugin_swiftUIIntegration]' passed (0.001 seconds).
Test Case '-[SwiftViewerTests.TransitionPluginTests test_transitionCreation_performance]' started.
/Users/sho/working/swift/work/SwiftViewer/SwiftViewerTests/Plugins/TransitionPluginTests.swift:121: Test Case '-[SwiftViewerTests.TransitionPluginTests test_transitionCreation_performance]' measured [Time, seconds] average: 0.000, relative standard deviation: 9.081%, values: [0.000371, 0.000326, 0.000340, 0.000406, 0.000347, 0.000312, 0.000311, 0.000311, 0.000312, 0.000312], performanceMetricID:com.apple.XCTPerformanceMetric_WallClockTime, baselineName: "", baselineAverage: , polarity: prefers smaller, maxPercentRegression: 10.000%, maxPercentRelativeStandardDeviation: 10.000%, maxRegression: 0.100, maxStandardDeviation: 0.100
Test Case '-[SwiftViewerTests.TransitionPluginTests test_transitionCreation_performance]' passed (0.274 seconds).
Test Case '-[SwiftViewerTests.TransitionPluginTests test_transitionCurve_allCases]' started.
Test Case '-[SwiftViewerTests.TransitionPluginTests test_transitionCurve_allCases]' passed (0.002 seconds).
Test Case '-[SwiftViewerTests.TransitionPluginTests test_transitionCurve_swiftUIAnimationMapping]' started.
Test Case '-[SwiftViewerTests.TransitionPluginTests test_transitionCurve_swiftUIAnimationMapping]' passed (0.003 seconds).
Test Case '-[SwiftViewerTests.TransitionPluginTests test_transitionParameters_customInitialization]' started.
Test Case '-[SwiftViewerTests.TransitionPluginTests test_transitionParameters_customInitialization]' passed (0.002 seconds).
Test Case '-[SwiftViewerTests.TransitionPluginTests test_transitionParameters_equatable]' started.
Test Case '-[SwiftViewerTests.TransitionPluginTests test_transitionParameters_equatable]' passed (0.001 seconds).
Test Case '-[SwiftViewerTests.TransitionPluginTests test_transitionParameters_initialization]' started.
Test Case '-[SwiftViewerTests.TransitionPluginTests test_transitionParameters_initialization]' passed (0.001 seconds).
Test Case '-[SwiftViewerTests.TransitionPluginTests test_transitionPluginProtocol_conformsToPluginProtocol]' started.
Test Case '-[SwiftViewerTests.TransitionPluginTests test_transitionPluginProtocol_conformsToPluginProtocol]' passed (0.103 seconds).
Test Case '-[SwiftViewerTests.TransitionPluginTests test_transitionPluginProtocol_hasRequiredMethods]' started.
Test Case '-[SwiftViewerTests.TransitionPluginTests test_transitionPluginProtocol_hasRequiredMethods]' passed (0.002 seconds).
Test Suite 'TransitionPluginTests' passed at 2025-08-29 08:01:42.171.
	 Executed 10 tests, with 0 failures (0 unexpected) in 0.390 (0.394) seconds
Test Suite 'ViewLoggingIntegrationTests' started at 2025-08-29 08:01:42.172.
Test Case '-[SwiftViewerTests.ViewLoggingIntegrationTests test_contentView_should_log_display_mode_changes]' started.
[INFO] [ViewLoggingIntegrationTests.swift:48] test_contentView_should_log_display_mode_changes(): Display mode changed to: fit
2025-08-29 08:01:42.173799+0900 SwiftViewer[64874:54973215] [SwiftViewer] [INFO] [ViewLoggingIntegrationTests.swift:48] test_contentView_should_log_display_mode_changes(): Display mode changed to: fit
Test Case '-[SwiftViewerTests.ViewLoggingIntegrationTests test_contentView_should_log_display_mode_changes]' passed (0.002 seconds).
Test Case '-[SwiftViewerTests.ViewLoggingIntegrationTests test_contentView_should_log_folder_selection_errors]' started.
[ERROR] [ViewLoggingIntegrationTests.swift:37] test_contentView_should_log_folder_selection_errors(): Error selecting folder Error: Folder not found
2025-08-29 08:01:42.176328+0900 SwiftViewer[64874:54973215] [SwiftViewer] [ERROR] [ViewLoggingIntegrationTests.swift:37] test_contentView_should_log_folder_selection_errors(): Error selecting folder Error: Folder not found
Test Case '-[SwiftViewerTests.ViewLoggingIntegrationTests test_contentView_should_log_folder_selection_errors]' passed (0.002 seconds).
Test Case '-[SwiftViewerTests.ViewLoggingIntegrationTests test_debug_logging_integration_with_views]' started.
Test Case '-[SwiftViewerTests.ViewLoggingIntegrationTests test_debug_logging_integration_with_views]' passed (0.009 seconds).
Test Case '-[SwiftViewerTests.ViewLoggingIntegrationTests test_folderSelectionView_should_log_folder_selection]' started.
Test Case '-[SwiftViewerTests.ViewLoggingIntegrationTests test_folderSelectionView_should_log_folder_selection]' passed (0.005 seconds).
Test Case '-[SwiftViewerTests.ViewLoggingIntegrationTests test_logger_error_method_signature_supports_error_parameter]' started.
[ERROR] [ViewLoggingIntegrationTests.swift:96] test_logger_error_method_signature_supports_error_parameter(): Test error message Error: The operation couldn’t be completed. (TestDomain error 123.)
2025-08-29 08:01:42.192663+0900 SwiftViewer[64874:54973215] [SwiftViewer] [ERROR] [ViewLoggingIntegrationTests.swift:96] test_logger_error_method_signature_supports_error_parameter(): Test error message Error: The operation couldn’t be completed. (TestDomain error 123.)
[ERROR] [ViewLoggingIntegrationTests.swift:97] test_logger_error_method_signature_supports_error_parameter(): Test error message
2025-08-29 08:01:42.192681+0900 SwiftViewer[64874:54973215] [SwiftViewer] [ERROR] [ViewLoggingIntegrationTests.swift:97] test_logger_error_method_signature_supports_error_parameter(): Test error message
Test Case '-[SwiftViewerTests.ViewLoggingIntegrationTests test_logger_error_method_signature_supports_error_parameter]' passed (0.001 seconds).
Test Case '-[SwiftViewerTests.ViewLoggingIntegrationTests test_logger_handles_empty_messages_gracefully]' started.
[INFO] [ViewLoggingIntegrationTests.swift:153] test_logger_handles_empty_messages_gracefully(): 
2025-08-29 08:01:42.195412+0900 SwiftViewer[64874:54973215] [SwiftViewer] [INFO] [ViewLoggingIntegrationTests.swift:153] test_logger_handles_empty_messages_gracefully():
[ERROR] [ViewLoggingIntegrationTests.swift:155] test_logger_handles_empty_messages_gracefully(): Special chars: 日本語 🎉 @#$%
2025-08-29 08:01:42.195437+0900 SwiftViewer[64874:54973215] [SwiftViewer] [ERROR] [ViewLoggingIntegrationTests.swift:155] test_logger_handles_empty_messages_gracefully(): Special chars: 日本語 🎉 @#$%
Test Case '-[SwiftViewerTests.ViewLoggingIntegrationTests test_logger_handles_empty_messages_gracefully]' passed (0.001 seconds).
Test Case '-[SwiftViewerTests.ViewLoggingIntegrationTests test_logger_handles_nil_error_gracefully]' started.
[ERROR] [ViewLoggingIntegrationTests.swift:143] test_logger_handles_nil_error_gracefully(): Error occurred
2025-08-29 08:01:42.196949+0900 SwiftViewer[64874:54973215] [SwiftViewer] [ERROR] [ViewLoggingIntegrationTests.swift:143] test_logger_handles_nil_error_gracefully(): Error occurred
Test Case '-[SwiftViewerTests.ViewLoggingIntegrationTests test_logger_handles_nil_error_gracefully]' passed (0.001 seconds).
Test Case '-[SwiftViewerTests.ViewLoggingIntegrationTests test_logger_supports_basic_logging_methods]' started.
[INFO] [ViewLoggingIntegrationTests.swift:107] test_logger_supports_basic_logging_methods(): Test info message
2025-08-29 08:01:42.204778+0900 SwiftViewer[64874:54973215] [SwiftViewer] [INFO] [ViewLoggingIntegrationTests.swift:107] test_logger_supports_basic_logging_methods(): Test info message
[ERROR] [ViewLoggingIntegrationTests.swift:109] test_logger_supports_basic_logging_methods(): Test error message
2025-08-29 08:01:42.204799+0900 SwiftViewer[64874:54973215] [SwiftViewer] [ERROR] [ViewLoggingIntegrationTests.swift:109] test_logger_supports_basic_logging_methods(): Test error message
[WARNING] [ViewLoggingIntegrationTests.swift:110] test_logger_supports_basic_logging_methods(): Test warning message
2025-08-29 08:01:42.204811+0900 SwiftViewer[64874:54973215] [SwiftViewer] [WARNING] [ViewLoggingIntegrationTests.swift:110] test_logger_supports_basic_logging_methods(): Test warning message
Test Case '-[SwiftViewerTests.ViewLoggingIntegrationTests test_logger_supports_basic_logging_methods]' passed (0.001 seconds).
Test Case '-[SwiftViewerTests.ViewLoggingIntegrationTests test_slideShowControlsView_should_log_preview_actions]' started.
Test Case '-[SwiftViewerTests.ViewLoggingIntegrationTests test_slideShowControlsView_should_log_preview_actions]' passed (0.004 seconds).
Test Suite 'ViewLoggingIntegrationTests' passed at 2025-08-29 08:01:42.216.
	 Executed 9 tests, with 0 failures (0 unexpected) in 0.025 (0.044) seconds
Test Suite 'WindowControllerTests' started at 2025-08-29 08:01:42.216.
Test Case '-[SwiftViewerTests.WindowControllerTests test_setWindow_shouldStoreWindowReference]' started.
Test Case '-[SwiftViewerTests.WindowControllerTests test_setWindow_shouldStoreWindowReference]' passed (0.009 seconds).
Test Case '-[SwiftViewerTests.WindowControllerTests test_setWindowLevel_alwaysOnBottom_shouldSetBackgroundLevel]' started.
Test Case '-[SwiftViewerTests.WindowControllerTests test_setWindowLevel_alwaysOnBottom_shouldSetBackgroundLevel]' passed (0.007 seconds).
Test Case '-[SwiftViewerTests.WindowControllerTests test_setWindowLevel_alwaysOnTop_shouldSetFloatingLevel]' started.
Test Case '-[SwiftViewerTests.WindowControllerTests test_setWindowLevel_alwaysOnTop_shouldSetFloatingLevel]' passed (0.006 seconds).
Test Case '-[SwiftViewerTests.WindowControllerTests test_setWindowLevel_normal_shouldSetNormalLevel]' started.
Test Case '-[SwiftViewerTests.WindowControllerTests test_setWindowLevel_normal_shouldSetNormalLevel]' passed (0.004 seconds).
Test Case '-[SwiftViewerTests.WindowControllerTests test_setWindowLevel_withNoWindow_shouldNotCrash]' started.
Test Case '-[SwiftViewerTests.WindowControllerTests test_setWindowLevel_withNoWindow_shouldNotCrash]' passed (0.004 seconds).
Test Case '-[SwiftViewerTests.WindowControllerTests test_sharedInstance_shouldReturnSameInstance]' started.
Test Case '-[SwiftViewerTests.WindowControllerTests test_sharedInstance_shouldReturnSameInstance]' passed (0.004 seconds).
Test Suite 'WindowControllerTests' passed at 2025-08-29 08:01:42.251.
	 Executed 6 tests, with 0 failures (0 unexpected) in 0.033 (0.035) seconds
Test Suite 'SwiftViewerTests.xctest' failed at 2025-08-29 08:01:42.251.
	 Executed 494 tests, with 2 failures (0 unexpected) in 18.635 (19.192) seconds
Test Suite 'All tests' failed at 2025-08-29 08:01:42.252.
	 Executed 494 tests, with 2 failures (0 unexpected) in 18.635 (19.193) seconds
2025-08-29 08:02:02.994 xcodebuild[64620:54972311] [MT] IDETestOperationsObserverDebug: 42.684 elapsed -- Testing started completed.
2025-08-29 08:02:02.995 xcodebuild[64620:54972311] [MT] IDETestOperationsObserverDebug: 0.000 sec, +0.000 sec -- start
2025-08-29 08:02:02.995 xcodebuild[64620:54972311] [MT] IDETestOperationsObserverDebug: 42.684 sec, +42.684 sec -- end

Test session results, code coverage, and logs:
	/Users/sho/Library/Developer/Xcode/DerivedData/SwiftViewer-bssesbdltupvekcpvhukylgdztst/Logs/Test/Test-SwiftViewer-2025.08.29_08-01-15-+0900.xcresult

Failing tests:
	PluginExecutionContextTests.testExecuteInContext_PluginThrowsError_ShouldCleanupAndPropagate()
	PluginExecutionContextTests.testExecuteInContext_PluginThrowsError_ShouldCleanupAndPropagate()

** TEST FAILED **

Testing started
